   1              	 .cpu cortex-m3
   2              	 .eabi_attribute 20,1
   3              	 .eabi_attribute 21,1
   4              	 .eabi_attribute 23,3
   5              	 .eabi_attribute 24,1
   6              	 .eabi_attribute 25,1
   7              	 .eabi_attribute 26,1
   8              	 .eabi_attribute 30,6
   9              	 .eabi_attribute 34,1
  10              	 .eabi_attribute 18,4
  11              	 .file "V2ProtocolParams.c"
  12              	 .text
  13              	.Ltext0:
  14              	 .cfi_sections .debug_frame
  15              	 .section .bss.cpu_irq_critical_section_counter,"aw",%nobits
  16              	 .align 2
  19              	cpu_irq_critical_section_counter:
  20 0000 00000000 	 .space 4
  21              	 .section .bss.cpu_irq_prev_interrupt_state,"aw",%nobits
  24              	cpu_irq_prev_interrupt_state:
  25 0000 00       	 .space 1
  26              	 .section .data.ParameterTable,"aw"
  27              	 .align 2
  30              	ParameterTable:
  31 0000 80       	 .byte -128
  32 0001 01       	 .byte 1
  33 0002 00       	 .byte 0
  34 0003 81       	 .byte -127
  35 0004 01       	 .byte 1
  36 0005 00       	 .byte 0
  37 0006 90       	 .byte -112
  38 0007 01       	 .byte 1
  39 0008 00       	 .byte 0
  40 0009 91       	 .byte -111
  41 000a 01       	 .byte 1
  42 000b 01       	 .byte 1
  43 000c 92       	 .byte -110
  44 000d 01       	 .byte 1
  45 000e 17       	 .byte 23
  46 000f 94       	 .byte -108
  47 0010 01       	 .byte 1
  48 0011 21       	 .byte 33
  49 0012 98       	 .byte -104
  50 0013 03       	 .byte 3
  51 0014 06       	 .byte 6
  52 0015 9E       	 .byte -98
  53 0016 03       	 .byte 3
  54 0017 01       	 .byte 1
  55 0018 A1       	 .byte -95
  56 0019 01       	 .byte 1
  57 001a 00       	 .byte 0
  58 001b A4       	 .byte -92
  59 001c 03       	 .byte 3
  60 001d 00       	 .byte 0
  61              	 .section .text.V2Params_GetParameterPrivileges,"ax",%progbits
  62              	 .align 1
  63              	 .global V2Params_GetParameterPrivileges
  64              	 .arch armv7-m
  65              	 .syntax unified
  66              	 .thumb
  67              	 .thumb_func
  68              	 .fpu softvfp
  70              	V2Params_GetParameterPrivileges:
  71              	.LFB184:
  72              	 .file 1 "V2ProtocolParams.c"
   1:V2ProtocolParams.c **** /* This file is based on the excellent LUFA Library, which is:
   2:V2ProtocolParams.c ****   Copyright (C) Dean Camera, 2013. See www.lufa-lib.org
   3:V2ProtocolParams.c ****   
   4:V2ProtocolParams.c ****   Note it has been modified for the SAM3U by NewAE Technology Inc.,
   5:V2ProtocolParams.c ****   changes Copyright (C) NewAE Technology Inc, 2015. Changes have
   6:V2ProtocolParams.c ****   generally basterdized and reduced the functionality of the original
   7:V2ProtocolParams.c ****   code, so please see original code if using this to port. 
   8:V2ProtocolParams.c **** */
   9:V2ProtocolParams.c **** 
  10:V2ProtocolParams.c **** 
  11:V2ProtocolParams.c **** /*
  12:V2ProtocolParams.c ****   Copyright 2013  Dean Camera (dean [at] fourwalledcubicle [dot] com)
  13:V2ProtocolParams.c **** 
  14:V2ProtocolParams.c ****   Permission to use, copy, modify, distribute, and sell this
  15:V2ProtocolParams.c ****   software and its documentation for any purpose is hereby granted
  16:V2ProtocolParams.c ****   without fee, provided that the above copyright notice appear in
  17:V2ProtocolParams.c ****   all copies and that both that the copyright notice and this
  18:V2ProtocolParams.c ****   permission notice and warranty disclaimer appear in supporting
  19:V2ProtocolParams.c ****   documentation, and that the name of the author not be used in
  20:V2ProtocolParams.c ****   advertising or publicity pertaining to distribution of the
  21:V2ProtocolParams.c ****   software without specific, written prior permission.
  22:V2ProtocolParams.c **** 
  23:V2ProtocolParams.c ****   The author disclaims all warranties with regard to this
  24:V2ProtocolParams.c ****   software, including all implied warranties of merchantability
  25:V2ProtocolParams.c ****   and fitness.  In no event shall the author be liable for any
  26:V2ProtocolParams.c ****   special, indirect or consequential damages or any damages
  27:V2ProtocolParams.c ****   whatsoever resulting from loss of use, data or profits, whether
  28:V2ProtocolParams.c ****   in an action of contract, negligence or other tortious action,
  29:V2ProtocolParams.c ****   arising out of or in connection with the use or performance of
  30:V2ProtocolParams.c ****   this software.
  31:V2ProtocolParams.c **** */
  32:V2ProtocolParams.c **** 
  33:V2ProtocolParams.c **** /** \file
  34:V2ProtocolParams.c ****  *
  35:V2ProtocolParams.c ****  *  V2Protocol parameter handler, to process V2 Protocol device parameters.
  36:V2ProtocolParams.c ****  */
  37:V2ProtocolParams.c **** 
  38:V2ProtocolParams.c **** #define  INCLUDE_FROM_V2PROTOCOL_PARAMS_C
  39:V2ProtocolParams.c **** #include "V2ProtocolParams.h"
  40:V2ProtocolParams.c **** 
  41:V2ProtocolParams.c **** #include "cw521.h"
  42:V2ProtocolParams.c **** /* Non-Volatile Parameter Values for EEPROM storage */
  43:V2ProtocolParams.c **** //static uint8_t EEPROM_Reset_Polarity = 0x01;
  44:V2ProtocolParams.c **** 
  45:V2ProtocolParams.c **** /* Non-Volatile Parameter Values for EEPROM storage */
  46:V2ProtocolParams.c **** //static uint8_t EEPROM_SCK_Duration   = 0x06;
  47:V2ProtocolParams.c **** 
  48:V2ProtocolParams.c **** /* Volatile Parameter Values for RAM storage */
  49:V2ProtocolParams.c **** static ParameterItem_t ParameterTable[] =
  50:V2ProtocolParams.c **** 	{
  51:V2ProtocolParams.c **** 		{ .ParamID          = PARAM_BUILD_NUMBER_LOW,
  52:V2ProtocolParams.c **** 		  .ParamPrivileges  = PARAM_PRIV_READ,
  53:V2ProtocolParams.c **** 		  .ParamValue       = 0                                  },
  54:V2ProtocolParams.c **** 
  55:V2ProtocolParams.c **** 		{ .ParamID          = PARAM_BUILD_NUMBER_HIGH,
  56:V2ProtocolParams.c **** 		  .ParamPrivileges  = PARAM_PRIV_READ,
  57:V2ProtocolParams.c **** 		  .ParamValue       = 0                                  },
  58:V2ProtocolParams.c **** 
  59:V2ProtocolParams.c **** 		{ .ParamID          = PARAM_HW_VER,
  60:V2ProtocolParams.c **** 		  .ParamPrivileges  = PARAM_PRIV_READ,
  61:V2ProtocolParams.c **** 		  .ParamValue       = 0x00                               },
  62:V2ProtocolParams.c **** 
  63:V2ProtocolParams.c **** 		{ .ParamID          = PARAM_SW_MAJOR,
  64:V2ProtocolParams.c **** 		  .ParamPrivileges  = PARAM_PRIV_READ,
  65:V2ProtocolParams.c **** 		  .ParamValue       = 0x01                               },
  66:V2ProtocolParams.c **** 
  67:V2ProtocolParams.c **** 		{ .ParamID          = PARAM_SW_MINOR,
  68:V2ProtocolParams.c **** 		  .ParamPrivileges  = PARAM_PRIV_READ,
  69:V2ProtocolParams.c **** 		  .ParamValue       = FIRMWARE_VERSION_MINOR             },
  70:V2ProtocolParams.c **** 
  71:V2ProtocolParams.c **** 		{ .ParamID          = PARAM_VTARGET,
  72:V2ProtocolParams.c **** 		  .ParamPrivileges  = PARAM_PRIV_READ,
  73:V2ProtocolParams.c **** 		  .ParamValue       = (uint8_t)(3.3 * 10)                },
  74:V2ProtocolParams.c **** 
  75:V2ProtocolParams.c **** 		{ .ParamID          = PARAM_SCK_DURATION,
  76:V2ProtocolParams.c **** 		  .ParamPrivileges  = PARAM_PRIV_READ | PARAM_PRIV_WRITE,
  77:V2ProtocolParams.c **** 		  .ParamValue       = 6                                  },
  78:V2ProtocolParams.c **** 
  79:V2ProtocolParams.c **** 		{ .ParamID          = PARAM_RESET_POLARITY,
  80:V2ProtocolParams.c **** 		  .ParamPrivileges  = PARAM_PRIV_READ | PARAM_PRIV_WRITE,
  81:V2ProtocolParams.c **** 		  .ParamValue       = 0x01                               },
  82:V2ProtocolParams.c **** 
  83:V2ProtocolParams.c **** 		{ .ParamID          = PARAM_STATUS_TGT_CONN,
  84:V2ProtocolParams.c **** 		  .ParamPrivileges  = PARAM_PRIV_READ,
  85:V2ProtocolParams.c **** 		  .ParamValue       = STATUS_ISP_READY                   },
  86:V2ProtocolParams.c **** 
  87:V2ProtocolParams.c **** 		{ .ParamID          = PARAM_DISCHARGEDELAY,
  88:V2ProtocolParams.c **** 		  .ParamPrivileges  = PARAM_PRIV_READ | PARAM_PRIV_WRITE,
  89:V2ProtocolParams.c **** 		  .ParamValue       = 0x00                               },
  90:V2ProtocolParams.c **** 	};
  91:V2ProtocolParams.c **** 
  92:V2ProtocolParams.c **** /** Retrieves the host PC read/write privileges for a given parameter in the parameter table. This 
  93:V2ProtocolParams.c ****  *  be called before calls to \ref V2Params_GetParameterValue() or \ref V2Params_SetParameterValue(
  94:V2ProtocolParams.c ****  *  getting or setting parameter values in response to requests from the host.
  95:V2ProtocolParams.c ****  *
  96:V2ProtocolParams.c ****  *  \param[in] ParamID  Parameter ID whose privileges are to be retrieved from the table
  97:V2ProtocolParams.c ****  *
  98:V2ProtocolParams.c ****  *  \return Privileges for the requested parameter, as a mask of \c PARAM_PRIV_* masks
  99:V2ProtocolParams.c ****  */
 100:V2ProtocolParams.c **** uint8_t V2Params_GetParameterPrivileges(const uint8_t ParamID)
 101:V2ProtocolParams.c **** {
  73              	 .loc 1 101 1
  74              	 .cfi_startproc
  75              	 
  76              	 
  77 0000 80B5     	 push {r7,lr}
  78              	.LCFI0:
  79              	 .cfi_def_cfa_offset 8
  80              	 .cfi_offset 7,-8
  81              	 .cfi_offset 14,-4
  82 0002 84B0     	 sub sp,sp,#16
  83              	.LCFI1:
  84              	 .cfi_def_cfa_offset 24
  85 0004 00AF     	 add r7,sp,#0
  86              	.LCFI2:
  87              	 .cfi_def_cfa_register 7
  88 0006 0346     	 mov r3,r0
  89 0008 FB71     	 strb r3,[r7,#7]
 102:V2ProtocolParams.c **** 	ParameterItem_t* const ParamInfo = V2Params_GetParamFromTable(ParamID);
  90              	 .loc 1 102 37
  91 000a FB79     	 ldrb r3,[r7,#7]
  92 000c 1846     	 mov r0,r3
  93 000e 074B     	 ldr r3,.L4
  94 0010 9847     	 blx r3
  95              	.LVL0:
  96 0012 F860     	 str r0,[r7,#12]
 103:V2ProtocolParams.c **** 
 104:V2ProtocolParams.c **** 	if (ParamInfo == NULL)
  97              	 .loc 1 104 5
  98 0014 FB68     	 ldr r3,[r7,#12]
  99 0016 002B     	 cmp r3,#0
 100 0018 01D1     	 bne .L2
 105:V2ProtocolParams.c **** 	  return 0;
 101              	 .loc 1 105 11
 102 001a 0023     	 movs r3,#0
 103 001c 01E0     	 b .L3
 104              	.L2:
 106:V2ProtocolParams.c **** 
 107:V2ProtocolParams.c **** 	return ParamInfo->ParamPrivileges;
 105              	 .loc 1 107 18
 106 001e FB68     	 ldr r3,[r7,#12]
 107 0020 5B78     	 ldrb r3,[r3,#1]
 108              	.L3:
 108:V2ProtocolParams.c **** }
 109              	 .loc 1 108 1
 110 0022 1846     	 mov r0,r3
 111 0024 1037     	 adds r7,r7,#16
 112              	.LCFI3:
 113              	 .cfi_def_cfa_offset 8
 114 0026 BD46     	 mov sp,r7
 115              	.LCFI4:
 116              	 .cfi_def_cfa_register 13
 117              	 
 118 0028 80BD     	 pop {r7,pc}
 119              	.L5:
 120 002a 00BF     	 .align 2
 121              	.L4:
 122 002c 00000000 	 .word V2Params_GetParamFromTable
 123              	 .cfi_endproc
 124              	.LFE184:
 126              	 .section .text.V2Params_GetParameterValue,"ax",%progbits
 127              	 .align 1
 128              	 .global V2Params_GetParameterValue
 129              	 .syntax unified
 130              	 .thumb
 131              	 .thumb_func
 132              	 .fpu softvfp
 134              	V2Params_GetParameterValue:
 135              	.LFB185:
 109:V2ProtocolParams.c **** 
 110:V2ProtocolParams.c **** /** Retrieves the current value for a given parameter in the parameter table.
 111:V2ProtocolParams.c ****  *
 112:V2ProtocolParams.c ****  *  \note This function does not first check for read privileges - if the value is being sent to th
 113:V2ProtocolParams.c ****  *        GET PARAM command, \ref V2Params_GetParameterPrivileges() should be called first to ensur
 114:V2ProtocolParams.c ****  *        parameter is host-readable.
 115:V2ProtocolParams.c ****  *
 116:V2ProtocolParams.c ****  *  \param[in] ParamID  Parameter ID whose value is to be retrieved from the table
 117:V2ProtocolParams.c ****  *
 118:V2ProtocolParams.c ****  *  \return Current value of the parameter in the table, or 0 if not found
 119:V2ProtocolParams.c ****  */
 120:V2ProtocolParams.c **** uint8_t V2Params_GetParameterValue(const uint8_t ParamID)
 121:V2ProtocolParams.c **** {
 136              	 .loc 1 121 1
 137              	 .cfi_startproc
 138              	 
 139              	 
 140 0000 80B5     	 push {r7,lr}
 141              	.LCFI5:
 142              	 .cfi_def_cfa_offset 8
 143              	 .cfi_offset 7,-8
 144              	 .cfi_offset 14,-4
 145 0002 84B0     	 sub sp,sp,#16
 146              	.LCFI6:
 147              	 .cfi_def_cfa_offset 24
 148 0004 00AF     	 add r7,sp,#0
 149              	.LCFI7:
 150              	 .cfi_def_cfa_register 7
 151 0006 0346     	 mov r3,r0
 152 0008 FB71     	 strb r3,[r7,#7]
 122:V2ProtocolParams.c **** 	ParameterItem_t* const ParamInfo = V2Params_GetParamFromTable(ParamID);
 153              	 .loc 1 122 37
 154 000a FB79     	 ldrb r3,[r7,#7]
 155 000c 1846     	 mov r0,r3
 156 000e 074B     	 ldr r3,.L9
 157 0010 9847     	 blx r3
 158              	.LVL1:
 159 0012 F860     	 str r0,[r7,#12]
 123:V2ProtocolParams.c **** 
 124:V2ProtocolParams.c **** 	if (ParamInfo == NULL)
 160              	 .loc 1 124 5
 161 0014 FB68     	 ldr r3,[r7,#12]
 162 0016 002B     	 cmp r3,#0
 163 0018 01D1     	 bne .L7
 125:V2ProtocolParams.c **** 	  return 0;
 164              	 .loc 1 125 11
 165 001a 0023     	 movs r3,#0
 166 001c 01E0     	 b .L8
 167              	.L7:
 126:V2ProtocolParams.c **** 
 127:V2ProtocolParams.c **** 	return ParamInfo->ParamValue;
 168              	 .loc 1 127 18
 169 001e FB68     	 ldr r3,[r7,#12]
 170 0020 9B78     	 ldrb r3,[r3,#2]
 171              	.L8:
 128:V2ProtocolParams.c **** }
 172              	 .loc 1 128 1
 173 0022 1846     	 mov r0,r3
 174 0024 1037     	 adds r7,r7,#16
 175              	.LCFI8:
 176              	 .cfi_def_cfa_offset 8
 177 0026 BD46     	 mov sp,r7
 178              	.LCFI9:
 179              	 .cfi_def_cfa_register 13
 180              	 
 181 0028 80BD     	 pop {r7,pc}
 182              	.L10:
 183 002a 00BF     	 .align 2
 184              	.L9:
 185 002c 00000000 	 .word V2Params_GetParamFromTable
 186              	 .cfi_endproc
 187              	.LFE185:
 189              	 .section .text.V2Params_SetParameterValue,"ax",%progbits
 190              	 .align 1
 191              	 .global V2Params_SetParameterValue
 192              	 .syntax unified
 193              	 .thumb
 194              	 .thumb_func
 195              	 .fpu softvfp
 197              	V2Params_SetParameterValue:
 198              	.LFB186:
 129:V2ProtocolParams.c **** 
 130:V2ProtocolParams.c **** /** Sets the value for a given parameter in the parameter table.
 131:V2ProtocolParams.c ****  *
 132:V2ProtocolParams.c ****  *  \note This function does not first check for write privileges - if the value is being sourced f
 133:V2ProtocolParams.c ****  *        via a SET PARAM command, \ref V2Params_GetParameterPrivileges() should be called first to
 134:V2ProtocolParams.c ****  *        parameter is host-writable.
 135:V2ProtocolParams.c ****  *
 136:V2ProtocolParams.c ****  *  \param[in] ParamID  Parameter ID whose value is to be set in the table
 137:V2ProtocolParams.c ****  *  \param[in] Value    New value to set the parameter to
 138:V2ProtocolParams.c ****  *
 139:V2ProtocolParams.c ****  *  \return Pointer to the associated parameter information from the parameter table if found, NULL
 140:V2ProtocolParams.c ****  */
 141:V2ProtocolParams.c **** void V2Params_SetParameterValue(const uint8_t ParamID,
 142:V2ProtocolParams.c ****                                 const uint8_t Value)
 143:V2ProtocolParams.c **** {
 199              	 .loc 1 143 1
 200              	 .cfi_startproc
 201              	 
 202              	 
 203 0000 80B5     	 push {r7,lr}
 204              	.LCFI10:
 205              	 .cfi_def_cfa_offset 8
 206              	 .cfi_offset 7,-8
 207              	 .cfi_offset 14,-4
 208 0002 84B0     	 sub sp,sp,#16
 209              	.LCFI11:
 210              	 .cfi_def_cfa_offset 24
 211 0004 00AF     	 add r7,sp,#0
 212              	.LCFI12:
 213              	 .cfi_def_cfa_register 7
 214 0006 0346     	 mov r3,r0
 215 0008 0A46     	 mov r2,r1
 216 000a FB71     	 strb r3,[r7,#7]
 217 000c 1346     	 mov r3,r2
 218 000e BB71     	 strb r3,[r7,#6]
 144:V2ProtocolParams.c **** 	ParameterItem_t* const ParamInfo = V2Params_GetParamFromTable(ParamID);
 219              	 .loc 1 144 37
 220 0010 FB79     	 ldrb r3,[r7,#7]
 221 0012 1846     	 mov r0,r3
 222 0014 064B     	 ldr r3,.L15
 223 0016 9847     	 blx r3
 224              	.LVL2:
 225 0018 F860     	 str r0,[r7,#12]
 145:V2ProtocolParams.c **** 
 146:V2ProtocolParams.c **** 	if (ParamInfo == NULL)
 226              	 .loc 1 146 5
 227 001a FB68     	 ldr r3,[r7,#12]
 228 001c 002B     	 cmp r3,#0
 229 001e 03D0     	 beq .L14
 147:V2ProtocolParams.c **** 	  return;
 148:V2ProtocolParams.c **** 
 149:V2ProtocolParams.c **** 	ParamInfo->ParamValue = Value;
 230              	 .loc 1 149 24
 231 0020 FB68     	 ldr r3,[r7,#12]
 232 0022 BA79     	 ldrb r2,[r7,#6]
 233 0024 9A70     	 strb r2,[r3,#2]
 234 0026 00E0     	 b .L11
 235              	.L14:
 147:V2ProtocolParams.c **** 	  return;
 236              	 .loc 1 147 4
 237 0028 00BF     	 nop
 238              	.L11:
 150:V2ProtocolParams.c **** }
 239              	 .loc 1 150 1
 240 002a 1037     	 adds r7,r7,#16
 241              	.LCFI13:
 242              	 .cfi_def_cfa_offset 8
 243 002c BD46     	 mov sp,r7
 244              	.LCFI14:
 245              	 .cfi_def_cfa_register 13
 246              	 
 247 002e 80BD     	 pop {r7,pc}
 248              	.L16:
 249              	 .align 2
 250              	.L15:
 251 0030 00000000 	 .word V2Params_GetParamFromTable
 252              	 .cfi_endproc
 253              	.LFE186:
 255              	 .section .text.V2Params_GetParamFromTable,"ax",%progbits
 256              	 .align 1
 257              	 .syntax unified
 258              	 .thumb
 259              	 .thumb_func
 260              	 .fpu softvfp
 262              	V2Params_GetParamFromTable:
 263              	.LFB187:
 151:V2ProtocolParams.c **** 
 152:V2ProtocolParams.c **** /** Retrieves a parameter entry (including ID, value and privileges) from the parameter table that 
 153:V2ProtocolParams.c ****  *  parameter ID.
 154:V2ProtocolParams.c ****  *
 155:V2ProtocolParams.c ****  *  \param[in] ParamID  Parameter ID to find in the table
 156:V2ProtocolParams.c ****  *
 157:V2ProtocolParams.c ****  *  \return Pointer to the associated parameter information from the parameter table if found, NULL
 158:V2ProtocolParams.c ****  */
 159:V2ProtocolParams.c **** static ParameterItem_t* const V2Params_GetParamFromTable(const uint8_t ParamID)
 160:V2ProtocolParams.c **** {
 264              	 .loc 1 160 1
 265              	 .cfi_startproc
 266              	 
 267              	 
 268              	 
 269 0000 80B4     	 push {r7}
 270              	.LCFI15:
 271              	 .cfi_def_cfa_offset 4
 272              	 .cfi_offset 7,-4
 273 0002 85B0     	 sub sp,sp,#20
 274              	.LCFI16:
 275              	 .cfi_def_cfa_offset 24
 276 0004 00AF     	 add r7,sp,#0
 277              	.LCFI17:
 278              	 .cfi_def_cfa_register 7
 279 0006 0346     	 mov r3,r0
 280 0008 FB71     	 strb r3,[r7,#7]
 161:V2ProtocolParams.c **** 	ParameterItem_t* CurrTableItem = ParameterTable;
 281              	 .loc 1 161 19
 282 000a 0D4B     	 ldr r3,.L22
 283 000c FB60     	 str r3,[r7,#12]
 284              	.LBB2:
 162:V2ProtocolParams.c **** 
 163:V2ProtocolParams.c **** 	/* Find the parameter in the parameter table if present */
 164:V2ProtocolParams.c **** 	for (uint8_t TableIndex = 0; TableIndex < TABLE_PARAM_COUNT; TableIndex++)
 285              	 .loc 1 164 15
 286 000e 0023     	 movs r3,#0
 287 0010 FB72     	 strb r3,[r7,#11]
 288              	 .loc 1 164 2
 289 0012 0CE0     	 b .L18
 290              	.L21:
 165:V2ProtocolParams.c **** 	{
 166:V2ProtocolParams.c **** 		if (ParamID == CurrTableItem->ParamID)
 291              	 .loc 1 166 31
 292 0014 FB68     	 ldr r3,[r7,#12]
 293 0016 1B78     	 ldrb r3,[r3]
 294              	 .loc 1 166 6
 295 0018 FA79     	 ldrb r2,[r7,#7]
 296 001a 9A42     	 cmp r2,r3
 297 001c 01D1     	 bne .L19
 167:V2ProtocolParams.c **** 		  return CurrTableItem;
 298              	 .loc 1 167 12
 299 001e FB68     	 ldr r3,[r7,#12]
 300 0020 09E0     	 b .L20
 301              	.L19:
 168:V2ProtocolParams.c **** 
 169:V2ProtocolParams.c **** 		CurrTableItem++;
 302              	 .loc 1 169 16 discriminator 2
 303 0022 FB68     	 ldr r3,[r7,#12]
 304 0024 0333     	 adds r3,r3,#3
 305 0026 FB60     	 str r3,[r7,#12]
 164:V2ProtocolParams.c **** 	{
 306              	 .loc 1 164 73 discriminator 2
 307 0028 FB7A     	 ldrb r3,[r7,#11]
 308 002a 0133     	 adds r3,r3,#1
 309 002c FB72     	 strb r3,[r7,#11]
 310              	.L18:
 164:V2ProtocolParams.c **** 	{
 311              	 .loc 1 164 2 discriminator 1
 312 002e FB7A     	 ldrb r3,[r7,#11]
 313 0030 092B     	 cmp r3,#9
 314 0032 EFD9     	 bls .L21
 315              	.LBE2:
 170:V2ProtocolParams.c **** 	}
 171:V2ProtocolParams.c **** 
 172:V2ProtocolParams.c **** 	return NULL;
 316              	 .loc 1 172 9
 317 0034 0023     	 movs r3,#0
 318              	.L20:
 173:V2ProtocolParams.c **** }
 319              	 .loc 1 173 1
 320 0036 1846     	 mov r0,r3
 321 0038 1437     	 adds r7,r7,#20
 322              	.LCFI18:
 323              	 .cfi_def_cfa_offset 4
 324 003a BD46     	 mov sp,r7
 325              	.LCFI19:
 326              	 .cfi_def_cfa_register 13
 327              	 
 328 003c 80BC     	 pop {r7}
 329              	.LCFI20:
 330              	 .cfi_restore 7
 331              	 .cfi_def_cfa_offset 0
 332 003e 7047     	 bx lr
 333              	.L23:
 334              	 .align 2
 335              	.L22:
 336 0040 00000000 	 .word ParameterTable
 337              	 .cfi_endproc
 338              	.LFE187:
 340              	 .text
 341              	.Letext0:
 342              	 .file 2 "c:\\program files (x86)\\gnu arm embedded toolchain\\9 2020-q2-update\\arm-none-eabi\\include\\machine\\_default_types.h"
 343              	 .file 3 "c:\\program files (x86)\\gnu arm embedded toolchain\\9 2020-q2-update\\arm-none-eabi\\include\\sys\\_stdint.h"
 344              	 .file 4 ".././hal/sam3u1c/inc/core_cm3.h"
 345              	 .file 5 ".././hal/sam3u1c/inc/system_sam3u.h"
 346              	 .file 6 "c:\\program files (x86)\\gnu arm embedded toolchain\\9 2020-q2-update\\lib\\gcc\\arm-none-eabi\\9.3.1\\include\\stddef.h"
 347              	 .file 7 "c:\\program files (x86)\\gnu arm embedded toolchain\\9 2020-q2-update\\arm-none-eabi\\include\\sys\\_types.h"
 348              	 .file 8 "c:\\program files (x86)\\gnu arm embedded toolchain\\9 2020-q2-update\\arm-none-eabi\\include\\sys\\reent.h"
 349              	 .file 9 "c:\\program files (x86)\\gnu arm embedded toolchain\\9 2020-q2-update\\arm-none-eabi\\include\\sys\\lock.h"
 350              	 .file 10 "c:\\program files (x86)\\gnu arm embedded toolchain\\9 2020-q2-update\\arm-none-eabi\\include\\stdlib.h"
 351              	 .file 11 ".././hal/sam3u1c/inc/interrupt/interrupt_sam_nvic.h"
 352              	 .file 12 ".././hal/sam3u1c/inc/compiler.h"
 353              	 .file 13 ".././hal/sam3u1c/inc/sam/sleepmgr.h"
 354              	 .file 14 "./conf_usb.h"
 355              	 .file 15 ".././hal/sam3u1c/inc/usb_protocol.h"
 356              	 .file 16 ".././hal/sam3u1c/inc/udi.h"
 357              	 .file 17 ".././hal/sam3u1c/inc/udc_desc.h"
 358              	 .file 18 ".././hal/sam3u1c/inc/udd.h"
 359              	 .file 19 ".././hal/sam3u1c/inc/udi_vendor.h"
 360              	 .file 20 "XPROGTimeout.h"
 361              	 .file 21 "V2Protocol.h"
 362              	 .file 22 "V2ProtocolParams.h"
DEFINED SYMBOLS
                            *ABS*:00000000 V2ProtocolParams.c
    {standard input}:16     .bss.cpu_irq_critical_section_counter:00000000 $d
    {standard input}:19     .bss.cpu_irq_critical_section_counter:00000000 cpu_irq_critical_section_counter
    {standard input}:24     .bss.cpu_irq_prev_interrupt_state:00000000 cpu_irq_prev_interrupt_state
    {standard input}:25     .bss.cpu_irq_prev_interrupt_state:00000000 $d
    {standard input}:27     .data.ParameterTable:00000000 $d
    {standard input}:30     .data.ParameterTable:00000000 ParameterTable
    {standard input}:62     .text.V2Params_GetParameterPrivileges:00000000 $t
    {standard input}:70     .text.V2Params_GetParameterPrivileges:00000000 V2Params_GetParameterPrivileges
    {standard input}:122    .text.V2Params_GetParameterPrivileges:0000002c $d
    {standard input}:262    .text.V2Params_GetParamFromTable:00000000 V2Params_GetParamFromTable
    {standard input}:127    .text.V2Params_GetParameterValue:00000000 $t
    {standard input}:134    .text.V2Params_GetParameterValue:00000000 V2Params_GetParameterValue
    {standard input}:185    .text.V2Params_GetParameterValue:0000002c $d
    {standard input}:190    .text.V2Params_SetParameterValue:00000000 $t
    {standard input}:197    .text.V2Params_SetParameterValue:00000000 V2Params_SetParameterValue
    {standard input}:251    .text.V2Params_SetParameterValue:00000030 $d
    {standard input}:256    .text.V2Params_GetParamFromTable:00000000 $t
    {standard input}:336    .text.V2Params_GetParamFromTable:00000040 $d
                           .group:00000000 wm4.0.84f01b7600eb36308f16331d3d2e9779
                           .group:00000000 wm4.stddef.h.39.27677723d43e5b5a7afdf8d798429f1d
                           .group:00000000 wm4.parts.h.45.afc900689b2c82332e69d798acedc875
                           .group:00000000 wm4.tpaste.h.45.af3ee36765243b162c88f7f944858426
                           .group:00000000 wm4.stringz.h.45.c4f6cbe0005e6c1d2139bc6c0e4f4722
                           .group:00000000 wm4.mrepeat.h.59.c5daaed201a4340b0edf435161d0b77f
                           .group:00000000 wm4._newlib_version.h.4.1ef4e12f167f8b69d7c30054be56050d
                           .group:00000000 wm4.features.h.33.5bd1eea2d80518b50f7af0b5ce6750e0
                           .group:00000000 wm4._default_types.h.15.247e5cd201eca3442cbf5404108c4935
                           .group:00000000 wm4._intsup.h.10.48bafbb683905c4daa4565a85aeeb264
                           .group:00000000 wm4._stdint.h.10.c24fa3af3bc1706662bb5593a907e841
                           .group:00000000 wm4.stdint.h.23.d53047a68f4a85177f80b422d52785ed
                           .group:00000000 wm4.sam3u1c.h.220.c0b54b5a55bc87791749ae17b1487779
                           .group:00000000 wm4.core_cm3.h.32.5c59c312db585622d253fdb887b0afb1
                           .group:00000000 wm4.core_cmInstr.h.25.d8165482ef3061013a2fc83e2d85f3d9
                           .group:00000000 wm4.core_cm3.h.127.b561404f2a159dc517b409bc244d16c1
                           .group:00000000 wm4.component_adc.h.43.d49887380d07d1cd08cc4e37b3485e31
                           .group:00000000 wm4.component_adc12b.h.43.eadc09f1073923fb91f1f393cc397dcb
                           .group:00000000 wm4.component_chipid.h.43.15825c969b1cc9eeea3d9416499874c8
                           .group:00000000 wm4.component_dmac.h.43.cc8187b1cf6bfeadc91b14fdd28b9e8b
                           .group:00000000 wm4.component_efc.h.43.cb1b3997ad9ea3733ad421ecbfd02fdd
                           .group:00000000 wm4.component_gpbr.h.43.49b7e13894fe38b29f2243bbbe530227
                           .group:00000000 wm4.component_hsmci.h.43.7b7194c92e1480c038f3342f7cec440a
                           .group:00000000 wm4.component_matrix.h.43.1d209838fb75b4827119203a357141ee
                           .group:00000000 wm4.component_pdc.h.43.19528a5f9ef5a348234ea06f89069c55
                           .group:00000000 wm4.component_pio.h.43.163b46c3683ccf92e8de39a5554f50e8
                           .group:00000000 wm4.component_pmc.h.43.ee4f030602866917aeed15fb2b948de8
                           .group:00000000 wm4.component_pwm.h.43.ab6262a86f0aea354b43fe6dce7e7eb3
                           .group:00000000 wm4.component_rstc.h.43.4eb59dc2ddcf585fabf251d0c329fcdd
                           .group:00000000 wm4.component_rtc.h.43.ba8ccafc772b11d562a3cceab8b95072
                           .group:00000000 wm4.component_rtt.h.43.3206ef8f067e5e747c3c4c7e719c1429
                           .group:00000000 wm4.component_smc.h.43.907847915f1a5616734199d7e34424fa
                           .group:00000000 wm4.component_spi.h.43.a2a09df64ab768c0a32be55285c74ded
                           .group:00000000 wm4.component_ssc.h.43.d7c78f990c13fc511671b64798c4bcd0
                           .group:00000000 wm4.component_supc.h.43.7d17f8e5ed3ba815e84381152735062f
                           .group:00000000 wm4.component_tc.h.43.662eac8137408372b4f9d26c0b5f8621
                           .group:00000000 wm4.component_twi.h.43.eda18625bd851fc4605861f5b3240c0b
                           .group:00000000 wm4.component_uart.h.43.2d92735c5ea05c973661e1ba99a2f37c
                           .group:00000000 wm4.component_udphs.h.43.21cecd26a4e44df0013037f29f2716e4
                           .group:00000000 wm4.component_usart.h.43.7872f8f455adb38b67b9fbdb15657fbe
                           .group:00000000 wm4.component_wdt.h.43.e31e10a5469b62c3660b49ab250f802f
                           .group:00000000 wm4.instance_hsmci.h.43.e233236cc7fd5a805539a7ecc0e1d8d2
                           .group:00000000 wm4.instance_ssc.h.43.c0cfabc3b9f3bb60745c913111bce965
                           .group:00000000 wm4.instance_spi.h.43.570ae46af19e4179d9796872b9a8b9bc
                           .group:00000000 wm4.instance_tc0.h.43.049b3a82387d2961594190609e896a29
                           .group:00000000 wm4.instance_twi0.h.43.255dc0afa9e0d45eaea0a935eca2f103
                           .group:00000000 wm4.instance_twi1.h.43.652d1d407893f259f2a817544ba662c2
                           .group:00000000 wm4.instance_pwm.h.43.88294acec3ca56d6fc521038521a1567
                           .group:00000000 wm4.instance_usart0.h.43.e26677512aee3dd3bedd71d394410000
                           .group:00000000 wm4.instance_usart1.h.43.1ba97dbc6610d9fb3132b9d845688201
                           .group:00000000 wm4.instance_usart2.h.43.baa1bf30b3c5acdee90c4a1f50fe9ebd
                           .group:00000000 wm4.instance_udphs.h.43.b1ce94181e0d1f22877b81c6040a4363
                           .group:00000000 wm4.instance_adc12b.h.43.d73ed59e867ccdfdb846d9ef32a50c0c
                           .group:00000000 wm4.instance_adc.h.43.2b7611a00afeb4c555339b844d4b8456
                           .group:00000000 wm4.instance_dmac.h.43.ee72691d84889c8f285932be4a075ddb
                           .group:00000000 wm4.instance_smc.h.43.29610fd00979caaaa65821ad40e9da06
                           .group:00000000 wm4.instance_matrix.h.43.01ee474141594385374c41a29daeeefe
                           .group:00000000 wm4.instance_pmc.h.43.37430325ed7b8b24c3fe640c41c29ef5
                           .group:00000000 wm4.instance_uart.h.43.bd378395ba022bc8670c82ebe656fbbd
                           .group:00000000 wm4.instance_chipid.h.43.29cd8fb600f149aa58830fcc78fe36f9
                           .group:00000000 wm4.instance_efc0.h.43.6b85dba20721a7e9fc4350e78d193680
                           .group:00000000 wm4.instance_efc1.h.43.2c5e94fc4d2742678318d73450d08d57
                           .group:00000000 wm4.instance_pioa.h.43.eeb46cc3bfe01a1f28e67aa3a6851ed8
                           .group:00000000 wm4.instance_piob.h.43.652ce26b6c37ac56f9ed42a9216d9aca
                           .group:00000000 wm4.instance_rstc.h.43.c5de224364a50a85f237c0b864aa4c8f
                           .group:00000000 wm4.instance_supc.h.43.a5f1a5ca08f468ccf34ed3653e045f1f
                           .group:00000000 wm4.instance_rtt.h.43.8622b192c23334996132415e3095df7f
                           .group:00000000 wm4.instance_wdt.h.43.407ea53e133eacf09acf2c7fcb6b7524
                           .group:00000000 wm4.instance_rtc.h.43.f70b77f9180401c8d9d920cb4a1cd166
                           .group:00000000 wm4.instance_gpbr.h.43.9066cb40d557f6755101368854272348
                           .group:00000000 wm4.sam3u1c.h.312.ae446d8e874d34ca3df78faf190c678f
                           .group:00000000 wm4.pio_sam3u1c.h.43.18b24f16e1710ff2a400d88fe33c5107
                           .group:00000000 wm4.sam3u1c.h.442.cd4bbc3af493e98bc9b60c2905132ed0
                           .group:00000000 wm4.newlib.h.8.7cb3972cd43265932d4782d5eb589854
                           .group:00000000 wm4.ieeefp.h.77.f33a4dce62116f6f5175ff8bae57a54c
                           .group:00000000 wm4.config.h.224.c701144a7b0518c6ee9b9b5465b79f81
                           .group:00000000 wm4._ansi.h.31.de524f58584151836e90d8620a16f8e8
                           .group:00000000 wm4.stdio.h.31.7c0e28c411445f3f9c5b11accf882760
                           .group:00000000 wm4.stddef.h.155.ba788add86a0e365f264484f110c3c29
                           .group:00000000 wm4.cdefs.h.49.2bf373aedffd8b393ccd11dc057e8547
                           .group:00000000 wm4.stdarg.h.34.3a23a216c0c293b3d2ea2e89281481e6
                           .group:00000000 wm4._types.h.20.dd0d04dca3800a0d2a6129b87f3adbb2
                           .group:00000000 wm4.stddef.h.155.3588ebfdd1e8c7ede80509bb9c3b8009
                           .group:00000000 wm4._types.h.127.34941de1b2539d59d5cac00e0dd27a45
                           .group:00000000 wm4.reent.h.17.e292bf8b0bec6c96e131a54347145a30
                           .group:00000000 wm4.lock.h.2.1461d1fff82dffe8bfddc23307f6484f
                           .group:00000000 wm4.reent.h.77.dcd6129ff07fe81bd5636db29abe53b2
                           .group:00000000 wm4.types.h.40.8b6acba56cefbb11746718204edc8f5e
                           .group:00000000 wm4._endian.h.31.65a10590763c3dde1ac4a7f66d7d4891
                           .group:00000000 wm4.endian.h.9.49f3a4695c1b61e8a0808de3c4a106cb
                           .group:00000000 wm4._timeval.h.32.bec3221fa7a9bb0bdde696c9c57e47d2
                           .group:00000000 wm4.timespec.h.41.d855182eb0e690443ab8651bcedca6e1
                           .group:00000000 wm4.select.h.19.97ca6fd0c752a0f3b6719fd314d361e6
                           .group:00000000 wm4.types.h.51.5571ec98f267d17d3c670b7a3ba33afa
                           .group:00000000 wm4.sched.h.22.c60982713a5c428609783c78f9c78d95
                           .group:00000000 wm4._pthreadtypes.h.36.fcee9961c35163dde6267ef772ad1972
                           .group:00000000 wm4.stdio.h.2.4aa87247282eca6c8f36f9de33d8df1a
                           .group:00000000 wm4.stdio.h.81.932d0c162786b883f622b8d05c120c78
                           .group:00000000 wm4.stdbool.h.29.07dce69c3b78884144b7f7bd19483461
                           .group:00000000 wm4.stdlib.h.13.4ed386f5c1a80d71e72172885d946ef2
                           .group:00000000 wm4.alloca.h.8.dfc0c703c47ec3e69746825b17d9e66d
                           .group:00000000 wm4.stdlib.h.56.f4862cfbf4363a1db01842d5bdf72c18
                           .group:00000000 wm4.compiler.h.88.0e6ad966134fa012ce9a34053d3f48aa
                           .group:00000000 wm4.interrupt_sam_nvic.h.45.4876da6c127868305d66389e87e0876f
                           .group:00000000 wm4.compiler.h.425.66dd29c210af3287ed85ec3553a3e6b1
                           .group:00000000 wm4.conf_clock.h.45.5dc276d21b4d793a62f1a9757cc18d5c
                           .group:00000000 wm4.board.h.48.3fc21f768e842120f151448a98046af0
                           .group:00000000 wm4.cw521.h.62.6d49a8d57765058e16d369fae3635e9e
                           .group:00000000 wm4.pmc.h.45.bbe1bf97a811e3b283420b2eeadf0b35
                           .group:00000000 wm4.osc.h.94.b766cddafe899eca01d775f7b2906680
                           .group:00000000 wm4.pll.h.45.a605c31ca466ae25752a678e8572be48
                           .group:00000000 wm4.sysclk.h.156.541a142b0016a365728ea1f7c0e3db84
                           .group:00000000 wm4.cycle_counter.h.44.fde38fb1acfd6555d72e65fae6e86af5
                           .group:00000000 wm4.delay.h.105.f2a8ab5e71eab0684cf6985b5c2fc9e8
                           .group:00000000 wm4.efc.h.45.ec5734119c630498df26106bacf9a684
                           .group:00000000 wm4.flash_efc.h.90.a4a39259055880dc10b861c5fe1b99e7
                           .group:00000000 wm4.pio.h.45.95f22b0ea02ddc698ec54fc56bf6f38c
                           .group:00000000 wm4.sam_gpio.h.50.76a45c51855d665134f8211cd601d693
                           .group:00000000 wm4.ioport_pio.h.44.373b34364b4ef25fac62017cd942a761
                           .group:00000000 wm4.sleep.h.45.ef10e1aee6f903405be19980a8333b7f
                           .group:00000000 wm4.smc.h.45.17a94aa976bb62b1109d03e8a314a569
                           .group:00000000 wm4.spi.h.45.712c66be09ffbac297c2e00923077297
                           .group:00000000 wm4.conf_sleepmgr.h.44.d825b913294720022fefe7201514fca3
                           .group:00000000 wm4.twi.h.45.ba70de99d200dafba570ce8f7058737a
                           .group:00000000 wm4.twi_master.h.90.08c062d0fa8f8aeea342ceeb79263395
                           .group:00000000 wm4.twi_slave.h.45.8b3d1a3d2e43ebc7d0161f4142989871
                           .group:00000000 wm4.uart.h.45.a5af743b8064bd84d1a6438457096e18
                           .group:00000000 wm4.usart.h.46.eae6fe592b7ea0768efef8d312e7f44f
                           .group:00000000 wm4.conf_uart_serial.h.45.245cdceaa1a3811fd043bf660ce38054
                           .group:00000000 wm4.conf_usb.h.45.2f7207bed7467dcf9cb11fbc6ebe572c
                           .group:00000000 wm4.udi_vendor_conf.h.56.4348c8e521d040f44df868219dae6785
                           .group:00000000 wm4.usb_atmel.h.45.c31b525dbe01f8d9e2022a03356ec174
                           .group:00000000 wm4.usb_protocol.h.63.850c58f3469fce50a9ac9a6854f7594b
                           .group:00000000 wm4.usb_protocol_vendor.h.45.83dfe073428ff799abc3ed1c7b04c77d
                           .group:00000000 wm4.udc_desc.h.77.5fec235bd7553e7256e345e020840072
                           .group:00000000 wm4.udd.h.103.3ccc59b50c14ec70568e6136eeb22d56
                           .group:00000000 wm4.udi_vendor.h.125.7b9085237d4d4a9757f4c148fba1918d
                           .group:00000000 wm4.V2ProtocolConstants.h.37.9bf16fd2ae5d223b4504404f34063b2d
                           .group:00000000 wm4.ISPProtocol.h.47.c4612f03402c6c8309b10b8bfa8458bb
                           .group:00000000 wm4.V2Protocol.h.50.00f5564fabc070724b66bfdabab7441a
                           .group:00000000 wm4.ISPTarget.h.38.bf660e53679021261c871555a20a61f6
                           .group:00000000 wm4.V2ProtocolParams.h.47.77ffe24f39fdee76136b1a6cd17622ea

NO UNDEFINED SYMBOLS
