Archive member included to satisfy reference by file (symbol)

c:/program files (x86)/gnu arm embedded toolchain/9 2020-q2-update/bin/../lib/gcc/arm-none-eabi/9.3.1/../../../../arm-none-eabi/lib/thumb/v7-m/nofp\libg.a(lib_a-exit.o)
                              c:/program files (x86)/gnu arm embedded toolchain/9 2020-q2-update/bin/../lib/gcc/arm-none-eabi/9.3.1/../../../../arm-none-eabi/lib/thumb/v7-m/nofp/crt0.o (exit)
c:/program files (x86)/gnu arm embedded toolchain/9 2020-q2-update/bin/../lib/gcc/arm-none-eabi/9.3.1/../../../../arm-none-eabi/lib/thumb/v7-m/nofp\libg.a(lib_a-impure.o)
                              c:/program files (x86)/gnu arm embedded toolchain/9 2020-q2-update/bin/../lib/gcc/arm-none-eabi/9.3.1/../../../../arm-none-eabi/lib/thumb/v7-m/nofp\libg.a(lib_a-exit.o) (_global_impure_ptr)
c:/program files (x86)/gnu arm embedded toolchain/9 2020-q2-update/bin/../lib/gcc/arm-none-eabi/9.3.1/../../../../arm-none-eabi/lib/thumb/v7-m/nofp\libg.a(lib_a-init.o)
                              c:/program files (x86)/gnu arm embedded toolchain/9 2020-q2-update/bin/../lib/gcc/arm-none-eabi/9.3.1/../../../../arm-none-eabi/lib/thumb/v7-m/nofp/crt0.o (__libc_init_array)
c:/program files (x86)/gnu arm embedded toolchain/9 2020-q2-update/bin/../lib/gcc/arm-none-eabi/9.3.1/../../../../arm-none-eabi/lib/thumb/v7-m/nofp\libg.a(lib_a-iprintf.o)
                              objdir/usart_driver.o (iprintf)
c:/program files (x86)/gnu arm embedded toolchain/9 2020-q2-update/bin/../lib/gcc/arm-none-eabi/9.3.1/../../../../arm-none-eabi/lib/thumb/v7-m/nofp\libg.a(lib_a-memcpy.o)
                              objdir/flash_efc.o (memcpy)
c:/program files (x86)/gnu arm embedded toolchain/9 2020-q2-update/bin/../lib/gcc/arm-none-eabi/9.3.1/../../../../arm-none-eabi/lib/thumb/v7-m/nofp\libg.a(lib_a-memset.o)
                              c:/program files (x86)/gnu arm embedded toolchain/9 2020-q2-update/bin/../lib/gcc/arm-none-eabi/9.3.1/../../../../arm-none-eabi/lib/thumb/v7-m/nofp/crt0.o (memset)
c:/program files (x86)/gnu arm embedded toolchain/9 2020-q2-update/bin/../lib/gcc/arm-none-eabi/9.3.1/../../../../arm-none-eabi/lib/thumb/v7-m/nofp\libg.a(lib_a-sprintf.o)
                              objdir/main.o (sprintf)
c:/program files (x86)/gnu arm embedded toolchain/9 2020-q2-update/bin/../lib/gcc/arm-none-eabi/9.3.1/../../../../arm-none-eabi/lib/thumb/v7-m/nofp\libg.a(lib_a-svfprintf.o)
                              c:/program files (x86)/gnu arm embedded toolchain/9 2020-q2-update/bin/../lib/gcc/arm-none-eabi/9.3.1/../../../../arm-none-eabi/lib/thumb/v7-m/nofp\libg.a(lib_a-sprintf.o) (_svfprintf_r)
c:/program files (x86)/gnu arm embedded toolchain/9 2020-q2-update/bin/../lib/gcc/arm-none-eabi/9.3.1/../../../../arm-none-eabi/lib/thumb/v7-m/nofp\libg.a(lib_a-vfiprintf.o)
                              c:/program files (x86)/gnu arm embedded toolchain/9 2020-q2-update/bin/../lib/gcc/arm-none-eabi/9.3.1/../../../../arm-none-eabi/lib/thumb/v7-m/nofp\libg.a(lib_a-iprintf.o) (_vfiprintf_r)
c:/program files (x86)/gnu arm embedded toolchain/9 2020-q2-update/bin/../lib/gcc/arm-none-eabi/9.3.1/../../../../arm-none-eabi/lib/thumb/v7-m/nofp\libg.a(lib_a-wsetup.o)
                              c:/program files (x86)/gnu arm embedded toolchain/9 2020-q2-update/bin/../lib/gcc/arm-none-eabi/9.3.1/../../../../arm-none-eabi/lib/thumb/v7-m/nofp\libg.a(lib_a-vfiprintf.o) (__swsetup_r)
c:/program files (x86)/gnu arm embedded toolchain/9 2020-q2-update/bin/../lib/gcc/arm-none-eabi/9.3.1/../../../../arm-none-eabi/lib/thumb/v7-m/nofp\libg.a(lib_a-__call_atexit.o)
                              c:/program files (x86)/gnu arm embedded toolchain/9 2020-q2-update/bin/../lib/gcc/arm-none-eabi/9.3.1/../../../../arm-none-eabi/lib/thumb/v7-m/nofp\libg.a(lib_a-exit.o) (__call_exitprocs)
c:/program files (x86)/gnu arm embedded toolchain/9 2020-q2-update/bin/../lib/gcc/arm-none-eabi/9.3.1/../../../../arm-none-eabi/lib/thumb/v7-m/nofp\libg.a(lib_a-atexit.o)
                              c:/program files (x86)/gnu arm embedded toolchain/9 2020-q2-update/bin/../lib/gcc/arm-none-eabi/9.3.1/../../../../arm-none-eabi/lib/thumb/v7-m/nofp\libg.a(lib_a-__call_atexit.o) (atexit)
c:/program files (x86)/gnu arm embedded toolchain/9 2020-q2-update/bin/../lib/gcc/arm-none-eabi/9.3.1/../../../../arm-none-eabi/lib/thumb/v7-m/nofp\libg.a(lib_a-dtoa.o)
                              c:/program files (x86)/gnu arm embedded toolchain/9 2020-q2-update/bin/../lib/gcc/arm-none-eabi/9.3.1/../../../../arm-none-eabi/lib/thumb/v7-m/nofp\libg.a(lib_a-svfprintf.o) (_dtoa_r)
c:/program files (x86)/gnu arm embedded toolchain/9 2020-q2-update/bin/../lib/gcc/arm-none-eabi/9.3.1/../../../../arm-none-eabi/lib/thumb/v7-m/nofp\libg.a(lib_a-fflush.o)
                              c:/program files (x86)/gnu arm embedded toolchain/9 2020-q2-update/bin/../lib/gcc/arm-none-eabi/9.3.1/../../../../arm-none-eabi/lib/thumb/v7-m/nofp\libg.a(lib_a-vfiprintf.o) (_fflush_r)
[...]
Memory Configuration

Name             Origin             Length             Attributes
flash            0x00080000         0x00010000         w !xr
sram0            0x20000000         0x00002000         w !xr
sram1            0x20080000         0x00002000         w !xr
rom              0x00080000         0x00010000         xr
ram              0x2007e000         0x00004000         xrw
*default*        0x00000000         0xffffffff

Linker script and memory map

LOAD c:/program files (x86)/gnu arm embedded toolchain/9 2020-q2-update/bin/../lib/gcc/arm-none-eabi/9.3.1/thumb/v7-m/nofp/crti.o
LOAD c:/program files (x86)/gnu arm embedded toolchain/9 2020-q2-update/bin/../lib/gcc/arm-none-eabi/9.3.1/thumb/v7-m/nofp/crtbegin.o
LOAD c:/program files (x86)/gnu arm embedded toolchain/9 2020-q2-update/bin/../lib/gcc/arm-none-eabi/9.3.1/../../../../arm-none-eabi/lib/thumb/v7-m/nofp/crt0.o
LOAD objdir/main.o
LOAD objdir/usb.o
LOAD objdir/usb_xmem.o
LOAD objdir/fpga_program.o
LOAD objdir/usart_driver.o
LOAD objdir/chipid.o
LOAD objdir/circbuffer.o
LOAD objdir/cycle_counter.o
LOAD objdir/efc.o
LOAD objdir/exceptions.o
LOAD objdir/flash_efc.o
LOAD objdir/init.o
LOAD objdir/interrupt_sam_nvic.o
LOAD objdir/led.o
LOAD objdir/pio.o
LOAD objdir/pio_handler.o
LOAD objdir/pmc.o
LOAD objdir/read.o
LOAD objdir/sleep.o
LOAD objdir/sleepmgr.o
LOAD objdir/smc.o
LOAD objdir/spi.o
LOAD objdir/startup_sam3u.o
LOAD objdir/syscalls.o
LOAD objdir/sysclk.o
LOAD objdir/system_sam3u.o
LOAD objdir/tc.o
LOAD objdir/twi.o
LOAD objdir/uart.o
LOAD objdir/udc.o
LOAD objdir/udi_vendor.o
LOAD objdir/udi_vendor_desc.o
LOAD objdir/udphs_device.o
LOAD objdir/ui_cw305.o
LOAD objdir/usart.o
LOAD objdir/usart_serial.o
LOAD objdir/write.o
START GROUP
LOAD c:/program files (x86)/gnu arm embedded toolchain/9 2020-q2-update/bin/../lib/gcc/arm-none-eabi/9.3.1/../../../../arm-none-eabi/lib/thumb/v7-m/nofp\libm.a
END GROUP
LOAD c:/program files (x86)/gnu arm embedded toolchain/9 2020-q2-update/bin/../lib/gcc/arm-none-eabi/9.3.1/../../../../arm-none-eabi/lib/thumb/v7-m/nofp\libm.a
START GROUP
LOAD c:/program files (x86)/gnu arm embedded toolchain/9 2020-q2-update/bin/../lib/gcc/arm-none-eabi/9.3.1/thumb/v7-m/nofp\libgcc.a
LOAD c:/program files (x86)/gnu arm embedded toolchain/9 2020-q2-update/bin/../lib/gcc/arm-none-eabi/9.3.1/../../../../arm-none-eabi/lib/thumb/v7-m/nofp\libg.a
LOAD c:/program files (x86)/gnu arm embedded toolchain/9 2020-q2-update/bin/../lib/gcc/arm-none-eabi/9.3.1/../../../../arm-none-eabi/lib/thumb/v7-m/nofp\libc.a
END GROUP
LOAD c:/program files (x86)/gnu arm embedded toolchain/9 2020-q2-update/bin/../lib/gcc/arm-none-eabi/9.3.1/thumb/v7-m/nofp/crtend.o
LOAD c:/program files (x86)/gnu arm embedded toolchain/9 2020-q2-update/bin/../lib/gcc/arm-none-eabi/9.3.1/thumb/v7-m/nofp/crtn.o
                0x00000400                __stack_size__ = DEFINED (__stack_size__)?__stack_size__:0x400
                0x20081ffc                __ram_end__ = ((ORIGIN (ram) + LENGTH (ram)) - 0x4)

.text           0x00080000     0xd904
                0x00080000                . = ALIGN (0x4)
                0x00080000                _sfixed = .
 *(.vectors .vectors.*)
 .vectors       0x00080000       0xbc objdir/startup_sam3u.o
                0x00080000                exception_table
 *(.text .text.* .gnu.linkonce.t.*)
 .text          0x000800bc       0x40 c:/program files (x86)/gnu arm embedded toolchain/9 2020-q2-update/bin/../lib/gcc/arm-none-eabi/9.3.1/thumb/v7-m/nofp/crtbegin.o
 .text.osc_enable
                0x000800fc       0x84 objdir/main.o
 .text.osc_is_ready
                0x00080180       0x84 objdir/main.o
 .text.osc_get_rate
                0x00080204       0x70 objdir/main.o
 .text.osc_wait_ready
                0x00080274       0x30 objdir/main.o
 .text.pll_config_init
                0x000802a4       0x6c objdir/main.o
 .text.pll_enable
                0x00080310       0x40 objdir/main.o
 .text.pll_is_locked
                0x00080350       0x2c objdir/main.o
 .text.pll_enable_source
                0x0008037c       0x38 objdir/main.o
 .text.pll_enable_config_defaults
                0x000803b4       0xac objdir/main.o
 .text.ioport_set_pin_mode
                0x00080460       0xdc objdir/main.o
 .text.sleepmgr_sleep
                0x0008053c       0x34 objdir/main.o
 .text.sleepmgr_init
                0x00080570       0x34 objdir/main.o
 .text.sleepmgr_get_sleep_mode
                0x000805a4       0x34 objdir/main.o
 .text.sleepmgr_enter_sleep
                0x000805d8       0x40 objdir/main.o
 .text.genclk_config_defaults
                0x00080618       0x1a objdir/main.o
 *fill*         0x00080632        0x2 
 .text.genclk_config_set_source
                0x00080634       0x9c objdir/main.o
 .text.genclk_config_set_divider
                0x000806d0       0x2c objdir/main.o
 .text.genclk_enable
                0x000806fc       0x30 objdir/main.o
 .text.genclk_enable_source
                0x0008072c      0x190 objdir/main.o
 .text.phywhisperer_setup_pins
                0x000808bc      0x134 objdir/main.o
                0x000808bc                phywhisperer_setup_pins
 .text.genclk_enable_config
                0x000809f0       0x64 objdir/main.o
 .text.main     0x00080a54       0xb4 objdir/main.o
                0x00080a54                main
 .text.osc_enable
                0x00080b08       0x84 objdir/usb.o
 .text.osc_is_ready
                0x00080b8c       0x84 objdir/usb.o
 .text.osc_wait_ready
                0x00080c10       0x30 objdir/usb.o
 .text.udc_detach
                0x00080c40       0x10 objdir/usb.o
 .text.main_suspend_action
                0x00080c50        0xc objdir/usb.o
                0x00080c50                main_suspend_action
 .text.main_resume_action
                0x00080c5c        0xc objdir/usb.o
                0x00080c5c                main_resume_action
 .text.main_sof_action
                0x00080c68       0x1c objdir/usb.o
                0x00080c68                main_sof_action
 .text.main_vendor_enable
                0x00080c84       0x2c objdir/usb.o
                0x00080c84                main_vendor_enable
 .text.main_vendor_disable
                0x00080cb0       0x18 objdir/usb.o
                0x00080cb0                main_vendor_disable
 .text.ctrl_readmem_bulk
                0x00080cc8       0x5c objdir/usb.o
                0x00080cc8                ctrl_readmem_bulk
 .text.ctrl_readmem_ctrl
                0x00080d24       0x5c objdir/usb.o
                0x00080d24                ctrl_readmem_ctrl
 .text.ctrl_writemem_ctrl
                0x00080d80       0x78 objdir/usb.o
                0x00080d80                ctrl_writemem_ctrl
 .text.ctrl_writemem_bulk
                0x00080df8       0x40 objdir/usb.o
                0x00080df8                ctrl_writemem_bulk
 .text.ctrl_sam3ucfg_cb
                0x00080e38       0x90 objdir/usb.o
 .text.ctrl_progfpga_bulk
                0x00080ec8       0x4c objdir/usb.o
                0x00080ec8                ctrl_progfpga_bulk
 .text.ctrl_fpga_reset
                0x00080f14       0x1c objdir/usb.o
                0x00080f14                ctrl_fpga_reset
 .text.ctrl_usart_cb
                0x00080f30       0x18 objdir/usb.o
 .text.ctrl_usart_cb_data
                0x00080f48       0x54 objdir/usb.o
 .text.main_setup_out_received
                0x00080f9c      0x160 objdir/usb.o
                0x00080f9c                main_setup_out_received
 .text.main_setup_in_received
                0x000810fc      0x150 objdir/usb.o
                0x000810fc                main_setup_in_received
 .text.main_vendor_bulk_in_received
                0x0008124c       0x38 objdir/usb.o
                0x0008124c                main_vendor_bulk_in_received
 .text.main_vendor_bulk_out_received
                0x00081284       0xc0 objdir/usb.o
                0x00081284                main_vendor_bulk_out_received
 .text.FPGA_setlock
                0x00081344       0x40 objdir/usb_xmem.o
                0x00081344                FPGA_setlock
 .text.FPGA_releaselock
                0x00081384       0x18 objdir/usb_xmem.o
                0x00081384                FPGA_releaselock
 .text.FPGA_lockstatus
                0x0008139c       0x18 objdir/usb_xmem.o
                0x0008139c                FPGA_lockstatus
 .text.FPGA_setaddr
                0x000813b4       0x48 objdir/usb_xmem.o
                0x000813b4                FPGA_setaddr
 .text.osc_get_rate
                0x000813fc       0x70 objdir/fpga_program.o
 .text.sysclk_get_main_hz
                0x0008146c       0x18 objdir/fpga_program.o
 .text.sysclk_get_cpu_hz
                0x00081484       0x14 objdir/fpga_program.o
 .text.sysclk_enable_peripheral_clock
                0x00081498       0x1c objdir/fpga_program.o
 .text.fpga_program_init
                0x000814b4       0x20 objdir/fpga_program.o
                0x000814b4                fpga_program_init
 .text.fpga_program_setup1
                0x000814d4       0x80 objdir/fpga_program.o
                0x000814d4                fpga_program_setup1
 .text.fpga_program_setup2
                0x00081554       0x14 objdir/fpga_program.o
                0x00081554                fpga_program_setup2
 .text.fpga_program_sendbyte
                0x00081568       0x24 objdir/fpga_program.o
                0x00081568                fpga_program_sendbyte
 .text.NVIC_EnableIRQ
                0x0008158c       0x30 objdir/usart_driver.o
 .text.NVIC_ClearPendingIRQ
                0x000815bc       0x34 objdir/usart_driver.o
 .text.NVIC_SetPriority
                0x000815f0       0x54 objdir/usart_driver.o
 .text.osc_get_rate
                0x00081644       0x70 objdir/usart_driver.o
 .text.sysclk_get_main_hz
                0x000816b4       0x18 objdir/usart_driver.o
 .text.sysclk_get_cpu_hz
                0x000816cc       0x14 objdir/usart_driver.o
 .text.sysclk_enable_peripheral_clock
                0x000816e0       0x1c objdir/usart_driver.o
 .text.usart0_enableIO
                0x000816fc       0x20 objdir/usart_driver.o
 .text.ctrl_usart
                0x0008171c      0x3e8 objdir/usart_driver.o
                0x0008171c                ctrl_usart
 .text.usart_driver_putchar
                0x00081b04       0xa8 objdir/usart_driver.o
                0x00081b04                usart_driver_putchar
 .text.usart_driver_getchar
                0x00081bac       0x6c objdir/usart_driver.o
                0x00081bac                usart_driver_getchar
 .text.generic_isr
                0x00081c18       0x88 objdir/usart_driver.o
                0x00081c18                generic_isr
 .text.USART0_Handler
                0x00081ca0       0x24 objdir/usart_driver.o
                0x00081ca0                USART0_Handler
 .text.USART1_Handler
                0x00081cc4       0x24 objdir/usart_driver.o
                0x00081cc4                USART1_Handler
 .text.USART2_Handler
                0x00081ce8       0x24 objdir/usart_driver.o
                0x00081ce8                USART2_Handler
 .text.init_circ_buf
                0x00081d0c       0x22 objdir/circbuffer.o
                0x00081d0c                init_circ_buf
 .text.add_to_circ_buf
                0x00081d2e       0x64 objdir/circbuffer.o
                0x00081d2e                add_to_circ_buf
 .text.get_from_circ_buf
                0x00081d92       0x4a objdir/circbuffer.o
                0x00081d92                get_from_circ_buf
 .text.circ_buf_has_char
                0x00081ddc       0x28 objdir/circbuffer.o
                0x00081ddc                circ_buf_has_char
 .text.circ_buf_count
                0x00081e04       0x30 objdir/circbuffer.o
                0x00081e04                circ_buf_count
 .text.cpu_irq_save
                0x00081e34       0x3c objdir/efc.o
 .text.cpu_irq_is_enabled_flags
                0x00081e70       0x1e objdir/efc.o
 *fill*         0x00081e8e        0x2 
 .text.cpu_irq_restore
                0x00081e90       0x34 objdir/efc.o
 .text.efc_perform_command
                0x00081ec4       0x60 objdir/efc.o
                0x00081ec4                efc_perform_command
 .text.Dummy_Handler
                0x00081f24        0x6 objdir/exceptions.o
                0x00081f24                DebugMon_Handler
                0x00081f24                DMAC_Handler
                0x00081f24                HardFault_Handler
                0x00081f24                TC2_Handler
                0x00081f24                SPI_Handler
                0x00081f24                SysTick_Handler
                0x00081f24                TWI1_Handler
                0x00081f24                PendSV_Handler
                0x00081f24                NMI_Handler
                0x00081f24                ADC_Handler
                0x00081f24                SMC_Handler
                0x00081f24                RTT_Handler
                0x00081f24                EFC1_Handler
                0x00081f24                ADC12B_Handler
                0x00081f24                RTC_Handler
                0x00081f24                UsageFault_Handler
                0x00081f24                WDT_Handler
                0x00081f24                TC1_Handler
                0x00081f24                HSMCI_Handler
                0x00081f24                Dummy_Handler
                0x00081f24                TWI0_Handler
                0x00081f24                SSC_Handler
                0x00081f24                EFC0_Handler
                0x00081f24                PMC_Handler
                0x00081f24                PWM_Handler
                0x00081f24                MemManage_Handler
                0x00081f24                SUPC_Handler
                0x00081f24                SVC_Handler
                0x00081f24                UART_Handler
                0x00081f24                BusFault_Handler
                0x00081f24                RSTC_Handler
                0x00081f24                TC0_Handler
 *fill*         0x00081f2a        0x2 
 .text.flash_read_unique_id
                0x00081f2c       0x70 objdir/flash_efc.o
                0x00081f2c                flash_read_unique_id
 .text.sysclk_enable_peripheral_clock
                0x00081f9c       0x1c objdir/init.o
 .text.ioport_init
                0x00081fb8       0x1c objdir/init.o
 .text.iopins_normal
                0x00081fd4       0x4c objdir/init.o
                0x00081fd4                iopins_normal
 .text.board_init
                0x00082020       0x24 objdir/init.o
                0x00082020                board_init
 .text.cpu_irq_enter_critical
                0x00082044       0x58 objdir/interrupt_sam_nvic.o
                0x00082044                cpu_irq_enter_critical
 .text.cpu_irq_leave_critical
                0x0008209c       0x44 objdir/interrupt_sam_nvic.o
                0x0008209c                cpu_irq_leave_critical
 .text.pio_pull_up
                0x000820e0       0x2a objdir/pio.o
                0x000820e0                pio_pull_up
 .text.pio_set_peripheral
                0x0008210a       0x9e objdir/pio.o
                0x0008210a                pio_set_peripheral
 .text.pio_set_input
                0x000821a8       0x80 objdir/pio.o
                0x000821a8                pio_set_input
 .text.pio_set_output
                0x00082228       0x64 objdir/pio.o
                0x00082228                pio_set_output
 .text.pio_enable_output_write
                0x0008228c       0x1c objdir/pio.o
                0x0008228c                pio_enable_output_write
 .text.pio_disable_interrupt
                0x000822a8       0x1a objdir/pio.o
                0x000822a8                pio_disable_interrupt
 .text.pio_get_interrupt_status
                0x000822c2       0x16 objdir/pio.o
                0x000822c2                pio_get_interrupt_status
 .text.pio_get_interrupt_mask
                0x000822d8       0x16 objdir/pio.o
                0x000822d8                pio_get_interrupt_mask
 *fill*         0x000822ee        0x2 
 .text.pio_get_pin_value
                0x000822f0       0x30 objdir/pio.o
                0x000822f0                pio_get_pin_value
 .text.pio_set_pin_high
                0x00082320       0x30 objdir/pio.o
                0x00082320                pio_set_pin_high
 .text.pio_set_pin_low
                0x00082350       0x30 objdir/pio.o
                0x00082350                pio_set_pin_low
 .text.pio_configure_pin
                0x00082380      0x130 objdir/pio.o
                0x00082380                pio_configure_pin
 .text.pio_configure_pin_group
                0x000824b0       0xdc objdir/pio.o
                0x000824b0                pio_configure_pin_group
 .text.pio_get_pin_group
                0x0008258c       0x24 objdir/pio.o
                0x0008258c                pio_get_pin_group
 .text.pio_handler_process
                0x000825b0       0xb4 objdir/pio_handler.o
                0x000825b0                pio_handler_process
 .text.PIOA_Handler
                0x00082664       0x18 objdir/pio_handler.o
                0x00082664                PIOA_Handler
 .text.PIOB_Handler
                0x0008267c       0x18 objdir/pio_handler.o
                0x0008267c                PIOB_Handler
 .text.pmc_switch_mck_to_mainck
                0x00082694       0x80 objdir/pmc.o
                0x00082694                pmc_switch_mck_to_mainck
 .text.pmc_switch_mck_to_pllack
                0x00082714       0x80 objdir/pmc.o
                0x00082714                pmc_switch_mck_to_pllack
 .text.pmc_switch_sclk_to_32kxtal
                0x00082794       0x38 objdir/pmc.o
                0x00082794                pmc_switch_sclk_to_32kxtal
 .text.pmc_osc_is_ready_32kxtal
                0x000827cc       0x34 objdir/pmc.o
                0x000827cc                pmc_osc_is_ready_32kxtal
 .text.pmc_osc_enable_fastrc
                0x00082800       0x5c objdir/pmc.o
                0x00082800                pmc_osc_enable_fastrc
 .text.pmc_osc_is_ready_fastrc
                0x0008285c       0x18 objdir/pmc.o
                0x0008285c                pmc_osc_is_ready_fastrc
 .text.pmc_osc_enable_main_xtal
                0x00082874       0x50 objdir/pmc.o
                0x00082874                pmc_osc_enable_main_xtal
 .text.pmc_osc_bypass_main_xtal
                0x000828c4       0x34 objdir/pmc.o
                0x000828c4                pmc_osc_bypass_main_xtal
 .text.pmc_osc_is_bypassed_main_xtal
                0x000828f8       0x18 objdir/pmc.o
                0x000828f8                pmc_osc_is_bypassed_main_xtal
 .text.pmc_osc_is_ready_main_xtal
                0x00082910       0x18 objdir/pmc.o
                0x00082910                pmc_osc_is_ready_main_xtal
 .text.pmc_osc_is_ready_mainck
                0x00082928       0x18 objdir/pmc.o
                0x00082928                pmc_osc_is_ready_mainck
 .text.pmc_mainck_osc_select
                0x00082940       0x40 objdir/pmc.o
                0x00082940                pmc_mainck_osc_select
 .text.pmc_disable_pllack
                0x00082980       0x18 objdir/pmc.o
                0x00082980                pmc_disable_pllack
 .text.pmc_is_locked_pllack
                0x00082998       0x18 objdir/pmc.o
                0x00082998                pmc_is_locked_pllack
 .text.pmc_disable_upll_clock
                0x000829b0       0x1c objdir/pmc.o
                0x000829b0                pmc_disable_upll_clock
 .text.pmc_is_locked_upll
                0x000829cc       0x18 objdir/pmc.o
                0x000829cc                pmc_is_locked_upll
 .text.pmc_enable_periph_clk
                0x000829e4       0x4c objdir/pmc.o
                0x000829e4                pmc_enable_periph_clk
 .text.pmc_disable_periph_clk
                0x00082a30       0x4c objdir/pmc.o
                0x00082a30                pmc_disable_periph_clk
 .text.pmc_enable_pck
                0x00082a7c       0x24 objdir/pmc.o
                0x00082a7c                pmc_enable_pck
 .text.pmc_set_fast_startup_input
                0x00082aa0       0x2c objdir/pmc.o
                0x00082aa0                pmc_set_fast_startup_input
 .text.pmc_enable_waitmode
                0x00082acc       0x5c objdir/pmc.o
                0x00082acc                pmc_enable_waitmode
 .text._read    0x00082b28       0x54 objdir/read.o
                0x00082b28                _read
 .text.pmc_sleep
                0x00082b7c      0x42c objdir/sleep.o
                0x00082b7c                pmc_sleep
 .text.pmc_is_wakeup_clocks_restored
                0x00082fa8       0x2c objdir/sleep.o
                0x00082fa8                pmc_is_wakeup_clocks_restored
 .text.smc_set_setup_timing
                0x00082fd4       0x2a objdir/smc.o
                0x00082fd4                smc_set_setup_timing
 .text.smc_set_pulse_timing
                0x00082ffe       0x2a objdir/smc.o
                0x00082ffe                smc_set_pulse_timing
 .text.smc_set_cycle_timing
                0x00083028       0x2a objdir/smc.o
                0x00083028                smc_set_cycle_timing
 .text.smc_set_mode
                0x00083052       0x2a objdir/smc.o
                0x00083052                smc_set_mode
 .text.Reset_Handler
                0x0008307c       0xa8 objdir/startup_sam3u.o
                0x0008307c                Reset_Handler
 .text._sbrk    0x00083124       0x58 objdir/syscalls.o
                0x00083124                _sbrk
 .text._close   0x0008317c       0x16 objdir/syscalls.o
                0x0008317c                _close
 .text._fstat   0x00083192       0x1e objdir/syscalls.o
                0x00083192                _fstat
 .text._isatty  0x000831b0       0x14 objdir/syscalls.o
                0x000831b0                _isatty
 .text._lseek   0x000831c4       0x18 objdir/syscalls.o
                0x000831c4                _lseek
 .text._exit    0x000831dc       0x1c objdir/syscalls.o
                0x000831dc                _exit
 .text._kill    0x000831f8       0x14 objdir/syscalls.o
                0x000831f8                _kill
 .text._getpid  0x0008320c       0x10 objdir/syscalls.o
                0x0008320c                _getpid
 .text.osc_enable
                0x0008321c       0x84 objdir/sysclk.o
 .text.osc_is_ready
                0x000832a0       0x84 objdir/sysclk.o
 .text.osc_get_rate
                0x00083324       0x70 objdir/sysclk.o
 .text.osc_wait_ready
                0x00083394       0x30 objdir/sysclk.o
 .text.pll_config_init
                0x000833c4       0x6c objdir/sysclk.o
 .text.pll_enable
                0x00083430       0x40 objdir/sysclk.o
 .text.pll_is_locked
                0x00083470       0x2c objdir/sysclk.o
 .text.pll_enable_source
                0x0008349c       0x38 objdir/sysclk.o
 .text.pll_wait_for_lock
                0x000834d4       0x24 objdir/sysclk.o
 .text.sysclk_get_main_hz
                0x000834f8       0x18 objdir/sysclk.o
 .text.sysclk_get_cpu_hz
                0x00083510       0x14 objdir/sysclk.o
 .text.sysclk_enable_usb
                0x00083524       0x40 objdir/sysclk.o
                0x00083524                sysclk_enable_usb
 .text.sysclk_init
                0x00083564       0x8c objdir/sysclk.o
                0x00083564                sysclk_init
 .text.SystemCoreClockUpdate
                0x000835f0      0x184 objdir/system_sam3u.o
                0x000835f0                SystemCoreClockUpdate
 .text.udc_get_string_serial_name
                0x00083774       0x14 objdir/udc.o
 .text.udc_get_interface_desc
                0x00083788       0x14 objdir/udc.o
                0x00083788                udc_get_interface_desc
 .text.udc_get_eof_conf
                0x0008379c       0x24 objdir/udc.o
 .text.udc_next_desc_in_iface
                0x000837c0       0x5c objdir/udc.o
 .text.udc_update_iface_desc
                0x0008381c       0x9c objdir/udc.o
 .text.udc_iface_disable
                0x000838b8       0xa0 objdir/udc.o
 .text.udc_iface_enable
                0x00083958       0x98 objdir/udc.o
 .text.udc_start
                0x000839f0       0x10 objdir/udc.o
                0x000839f0                udc_start
 .text.udc_reset
                0x00083a00       0x54 objdir/udc.o
                0x00083a00                udc_reset
 .text.udc_sof_notify
                0x00083a54       0x60 objdir/udc.o
                0x00083a54                udc_sof_notify
 .text.udc_req_std_dev_get_status
                0x00083ab4       0x2c objdir/udc.o
 .text.udc_req_std_ep_get_status
                0x00083ae0       0x44 objdir/udc.o
 .text.udc_req_std_dev_clear_feature
                0x00083b24       0x3c objdir/udc.o
 .text.udc_req_std_ep_clear_feature
                0x00083b60       0x38 objdir/udc.o
 .text.udc_req_std_dev_set_feature
                0x00083b98       0xbc objdir/udc.o
 .text.udc_req_std_ep_set_feature
                0x00083c54       0x48 objdir/udc.o
 .text.udc_valid_address
                0x00083c9c       0x24 objdir/udc.o
 .text.udc_req_std_dev_set_address
                0x00083cc0       0x28 objdir/udc.o
 .text.udc_req_std_dev_get_str_desc
                0x00083ce8       0xcc objdir/udc.o
 .text.udc_req_std_dev_get_descriptor
                0x00083db4      0x21c objdir/udc.o
 .text.udc_req_std_dev_get_configuration
                0x00083fd0       0x2c objdir/udc.o
 .text.udc_req_std_dev_set_configuration
                0x00083ffc      0x104 objdir/udc.o
 .text.udc_req_std_iface_get_setting
                0x00084100       0x98 objdir/udc.o
 .text.udc_req_std_iface_set_setting
                0x00084198       0x68 objdir/udc.o
 .text.udc_reqstd
                0x00084200      0x190 objdir/udc.o
 .text.udc_req_iface
                0x00084390       0x98 objdir/udc.o
 .text.udc_req_ep
                0x00084428       0x90 objdir/udc.o
 .text.udc_process_setup
                0x000844b8       0xb4 objdir/udc.o
                0x000844b8                udc_process_setup
 .text.udi_vendor_enable
                0x0008456c       0x40 objdir/udi_vendor.o
                0x0008456c                udi_vendor_enable
 .text.udi_vendor_disable
                0x000845ac       0x1c objdir/udi_vendor.o
                0x000845ac                udi_vendor_disable
 .text.udi_vendor_setup
                0x000845c8       0x54 objdir/udi_vendor.o
                0x000845c8                udi_vendor_setup
 .text.udi_vendor_getsetting
                0x0008461c       0x14 objdir/udi_vendor.o
                0x0008461c                udi_vendor_getsetting
 .text.udi_vendor_bulk_in_run
                0x00084630       0x2c objdir/udi_vendor.o
                0x00084630                udi_vendor_bulk_in_run
 .text.udi_vendor_bulk_out_run
                0x0008465c       0x2c objdir/udi_vendor.o
                0x0008465c                udi_vendor_bulk_out_run
 .text.NVIC_EnableIRQ
                0x00084688       0x30 objdir/udphs_device.o
 .text.NVIC_SetPriority
                0x000846b8       0x54 objdir/udphs_device.o
 .text.cpu_irq_save
                0x0008470c       0x3c objdir/udphs_device.o
 .text.cpu_irq_is_enabled_flags
                0x00084748       0x1e objdir/udphs_device.o
 *fill*         0x00084766        0x2 
 .text.cpu_irq_restore
                0x00084768       0x34 objdir/udphs_device.o
 .text.sleepmgr_lock_mode
                0x0008479c       0x38 objdir/udphs_device.o
 .text.sleepmgr_unlock_mode
                0x000847d4       0x38 objdir/udphs_device.o
 .text.udd_sleep_mode
                0x0008480c       0x58 objdir/udphs_device.o
 .text.UDPHS_Handler
                0x00084864      0x1c4 objdir/udphs_device.o
                0x00084864                UDPHS_Handler
 .text.udd_enable
                0x00084a28       0x9c objdir/udphs_device.o
                0x00084a28                udd_enable
 .text.udd_attach
                0x00084ac4       0xb8 objdir/udphs_device.o
                0x00084ac4                udd_attach
 .text.udd_detach
                0x00084b7c       0x44 objdir/udphs_device.o
                0x00084b7c                udd_detach
 .text.udd_is_high_speed
                0x00084bc0       0x24 objdir/udphs_device.o
                0x00084bc0                udd_is_high_speed
 .text.udd_set_address
                0x00084be4       0x44 objdir/udphs_device.o
                0x00084be4                udd_set_address
 .text.udd_getaddress
                0x00084c28       0x1c objdir/udphs_device.o
                0x00084c28                udd_getaddress
 .text.udd_set_setup_payload
                0x00084c44       0x28 objdir/udphs_device.o
                0x00084c44                udd_set_setup_payload
 .text.udd_ep_alloc
                0x00084c6c      0x3b8 objdir/udphs_device.o
                0x00084c6c                udd_ep_alloc
 .text.udd_ep_free
                0x00085024       0x80 objdir/udphs_device.o
                0x00085024                udd_ep_free
 .text.udd_ep_is_halted
                0x000850a4       0x68 objdir/udphs_device.o
                0x000850a4                udd_ep_is_halted
 .text.udd_ep_set_halt
                0x0008510c      0x114 objdir/udphs_device.o
                0x0008510c                udd_ep_set_halt
 .text.udd_ep_clear_halt
                0x00085220      0x130 objdir/udphs_device.o
                0x00085220                udd_ep_clear_halt
 .text.udd_ep_run
                0x00085350      0x108 objdir/udphs_device.o
                0x00085350                udd_ep_run
 .text.udd_ep_abort
                0x00085458       0x88 objdir/udphs_device.o
                0x00085458                udd_ep_abort
 .text.udd_test_mode_j
                0x000854e0       0x34 objdir/udphs_device.o
                0x000854e0                udd_test_mode_j
 .text.udd_test_mode_k
                0x00085514       0x34 objdir/udphs_device.o
                0x00085514                udd_test_mode_k
 .text.udd_test_mode_se0_nak
                0x00085548       0x24 objdir/udphs_device.o
                0x00085548                udd_test_mode_se0_nak
 .text.udd_test_mode_packet
                0x0008556c       0xcc objdir/udphs_device.o
                0x0008556c                udd_test_mode_packet
 .text.udd_reset_ep_ctrl
                0x00085638       0x80 objdir/udphs_device.o
 .text.udd_ctrl_init
                0x000856b8       0x5c objdir/udphs_device.o
 .text.udd_ctrl_setup_received
                0x00085714      0x140 objdir/udphs_device.o
 .text.udd_ctrl_in_sent
                0x00085854      0x168 objdir/udphs_device.o
 .text.udd_ctrl_out_received
                0x000859bc      0x1bc objdir/udphs_device.o
 .text.udd_ctrl_underflow
                0x00085b78       0x44 objdir/udphs_device.o
 .text.udd_ctrl_overflow
                0x00085bbc       0x34 objdir/udphs_device.o
 .text.udd_ctrl_stall_data
                0x00085bf0       0x24 objdir/udphs_device.o
 .text.udd_ctrl_send_zlp_in
                0x00085c14       0x64 objdir/udphs_device.o
 .text.udd_ctrl_send_zlp_out
                0x00085c78       0x44 objdir/udphs_device.o
 .text.udd_ctrl_endofrequest
                0x00085cbc       0x1c objdir/udphs_device.o
 .text.udd_ctrl_interrupt
                0x00085cd8       0xe4 objdir/udphs_device.o
 .text.udd_ep_job_table_reset
                0x00085dbc       0x5c objdir/udphs_device.o
 .text.udd_ep_job_table_kill
                0x00085e18       0x48 objdir/udphs_device.o
 .text.udd_ep_abort_job
                0x00085e60       0x3c objdir/udphs_device.o
 .text.udd_ep_finish_job
                0x00085e9c       0x70 objdir/udphs_device.o
 .text.udd_ep_trans_done
                0x00085f0c      0x1e8 objdir/udphs_device.o
 .text.udd_ep_interrupt
                0x000860f4      0x1f4 objdir/udphs_device.o
 .text.usart_set_async_baudrate
                0x000862e8       0x88 objdir/usart.o
                0x000862e8                usart_set_async_baudrate
 .text.usart_set_spi_master_baudrate
                0x00086370       0x40 objdir/usart.o
 .text.usart_reset
                0x000863b0       0x60 objdir/usart.o
                0x000863b0                usart_reset
 .text.usart_init_rs232
                0x00086410       0x84 objdir/usart.o
                0x00086410                usart_init_rs232
 .text.usart_init_spi_master
                0x00086494      0x110 objdir/usart.o
                0x00086494                usart_init_spi_master
 .text.usart_enable_tx
                0x000865a4       0x18 objdir/usart.o
                0x000865a4                usart_enable_tx
 .text.usart_reset_tx
                0x000865bc       0x18 objdir/usart.o
                0x000865bc                usart_reset_tx
 .text.usart_enable_rx
                0x000865d4       0x18 objdir/usart.o
                0x000865d4                usart_enable_rx
 .text.usart_disable_rx
                0x000865ec       0x18 objdir/usart.o
                0x000865ec                usart_disable_rx
 .text.usart_reset_rx
                0x00086604       0x18 objdir/usart.o
                0x00086604                usart_reset_rx
 .text.usart_enable_interrupt
                0x0008661c       0x1a objdir/usart.o
                0x0008661c                usart_enable_interrupt
 .text.usart_disable_interrupt
                0x00086636       0x1a objdir/usart.o
                0x00086636                usart_disable_interrupt
 .text.usart_get_interrupt_mask
                0x00086650       0x16 objdir/usart.o
                0x00086650                usart_get_interrupt_mask
 .text.usart_get_status
                0x00086666       0x16 objdir/usart.o
                0x00086666                usart_get_status
 .text.usart_reset_status
                0x0008667c       0x1a objdir/usart.o
                0x0008667c                usart_reset_status
 .text.usart_drive_DTR_pin_high
                0x00086696       0x1a objdir/usart.o
                0x00086696                usart_drive_DTR_pin_high
 .text.usart_drive_RTS_pin_high
                0x000866b0       0x1a objdir/usart.o
                0x000866b0                usart_drive_RTS_pin_high
 .text.usart_putchar
                0x000866ca       0x2e objdir/usart.o
                0x000866ca                usart_putchar
 .text.usart_disable_writeprotect
                0x000866f8       0x20 objdir/usart.o
                0x000866f8                usart_disable_writeprotect
 .text._write   0x00086718       0x6c objdir/write.o
                0x00086718                _write
 .text.__libc_init_array
                0x00086784       0x48 c:/program files (x86)/gnu arm embedded toolchain/9 2020-q2-update/bin/../lib/gcc/arm-none-eabi/9.3.1/../../../../arm-none-eabi/lib/thumb/v7-m/nofp\libg.a(lib_a-init.o)
                0x00086784                __libc_init_array
 .text.iprintf  0x000867cc       0x28 c:/program files (x86)/gnu arm embedded toolchain/9 2020-q2-update/bin/../lib/gcc/arm-none-eabi/9.3.1/../../../../arm-none-eabi/lib/thumb/v7-m/nofp\libg.a(lib_a-iprintf.o)
                0x000867cc                iprintf
 .text          0x000867f4       0xec c:/program files (x86)/gnu arm embedded toolchain/9 2020-q2-update/bin/../lib/gcc/arm-none-eabi/9.3.1/../../../../arm-none-eabi/lib/thumb/v7-m/nofp\libg.a(lib_a-memcpy.o)
                0x000867f4                memcpy
 .text.memset   0x000868e0       0xa0 c:/program files (x86)/gnu arm embedded toolchain/9 2020-q2-update/bin/../lib/gcc/arm-none-eabi/9.3.1/../../../../arm-none-eabi/lib/thumb/v7-m/nofp\libg.a(lib_a-memset.o)
                0x000868e0                memset
 .text.sprintf  0x00086980       0x44 c:/program files (x86)/gnu arm embedded toolchain/9 2020-q2-update/bin/../lib/gcc/arm-none-eabi/9.3.1/../../../../arm-none-eabi/lib/thumb/v7-m/nofp\libg.a(lib_a-sprintf.o)
                0x00086980                sprintf
 .text._svfprintf_r
                0x000869c4     0x1b50 c:/program files (x86)/gnu arm embedded toolchain/9 2020-q2-update/bin/../lib/gcc/arm-none-eabi/9.3.1/../../../../arm-none-eabi/lib/thumb/v7-m/nofp\libg.a(lib_a-svfprintf.o)
                0x000869c4                _svfprintf_r
 .text.__sprint_r.part.0
                0x00088514       0x78 c:/program files (x86)/gnu arm embedded toolchain/9 2020-q2-update/bin/../lib/gcc/arm-none-eabi/9.3.1/../../../../arm-none-eabi/lib/thumb/v7-m/nofp\libg.a(lib_a-vfiprintf.o)
 .text._vfiprintf_r
                0x0008858c      0xd2c c:/program files (x86)/gnu arm embedded toolchain/9 2020-q2-update/bin/../lib/gcc/arm-none-eabi/9.3.1/../../../../arm-none-eabi/lib/thumb/v7-m/nofp\libg.a(lib_a-vfiprintf.o)
                0x0008858c                _vfiprintf_r
 .text.__sbprintf
                0x000892b8       0x88 c:/program files (x86)/gnu arm embedded toolchain/9 2020-q2-update/bin/../lib/gcc/arm-none-eabi/9.3.1/../../../../arm-none-eabi/lib/thumb/v7-m/nofp\libg.a(lib_a-vfiprintf.o)
 .text.__swsetup_r
                0x00089340       0xd0 c:/program files (x86)/gnu arm embedded toolchain/9 2020-q2-update/bin/../lib/gcc/arm-none-eabi/9.3.1/../../../../arm-none-eabi/lib/thumb/v7-m/nofp\libg.a(lib_a-wsetup.o)
                0x00089340                __swsetup_r
 .text.startup.register_fini
                0x00089410       0x14 c:/program files (x86)/gnu arm embedded toolchain/9 2020-q2-update/bin/../lib/gcc/arm-none-eabi/9.3.1/../../../../arm-none-eabi/lib/thumb/v7-m/nofp\libg.a(lib_a-__call_atexit.o)
 .text.atexit   0x00089424        0xc c:/program files (x86)/gnu arm embedded toolchain/9 2020-q2-update/bin/../lib/gcc/arm-none-eabi/9.3.1/../../../../arm-none-eabi/lib/thumb/v7-m/nofp\libg.a(lib_a-atexit.o)
                0x00089424                atexit
 .text.quorem   0x00089430      0x120 c:/program files (x86)/gnu arm embedded toolchain/9 2020-q2-update/bin/../lib/gcc/arm-none-eabi/9.3.1/../../../../arm-none-eabi/lib/thumb/v7-m/nofp\libg.a(lib_a-dtoa.o)
 .text._dtoa_r  0x00089550      0xec8 c:/program files (x86)/gnu arm embedded toolchain/9 2020-q2-update/bin/../lib/gcc/arm-none-eabi/9.3.1/../../../../arm-none-eabi/lib/thumb/v7-m/nofp\libg.a(lib_a-dtoa.o)
                0x00089550                _dtoa_r
 .text.__sflush_r
                0x0008a418      0x130 c:/program files (x86)/gnu arm embedded toolchain/9 2020-q2-update/bin/../lib/gcc/arm-none-eabi/9.3.1/../../../../arm-none-eabi/lib/thumb/v7-m/nofp\libg.a(lib_a-fflush.o)
                0x0008a418                __sflush_r
 .text._fflush_r
                0x0008a548       0x5c c:/program files (x86)/gnu arm embedded toolchain/9 2020-q2-update/bin/../lib/gcc/arm-none-eabi/9.3.1/../../../../arm-none-eabi/lib/thumb/v7-m/nofp\libg.a(lib_a-fflush.o)
                0x0008a548                _fflush_r
 .text.std      0x0008a5a4       0x50 c:/program files (x86)/gnu arm embedded toolchain/9 2020-q2-update/bin/../lib/gcc/arm-none-eabi/9.3.1/../../../../arm-none-eabi/lib/thumb/v7-m/nofp\libg.a(lib_a-findfp.o)
 .text._cleanup_r
                0x0008a5f4        0xc c:/program files (x86)/gnu arm embedded toolchain/9 2020-q2-update/bin/../lib/gcc/arm-none-eabi/9.3.1/../../../../arm-none-eabi/lib/thumb/v7-m/nofp\libg.a(lib_a-findfp.o)
                0x0008a5f4                _cleanup_r
 .text.__sinit  0x0008a600       0x5c c:/program files (x86)/gnu arm embedded toolchain/9 2020-q2-update/bin/../lib/gcc/arm-none-eabi/9.3.1/../../../../arm-none-eabi/lib/thumb/v7-m/nofp\libg.a(lib_a-findfp.o)
                0x0008a600                __sinit
 .text.__sfp_lock_acquire
                0x0008a65c        0xc c:/program files (x86)/gnu arm embedded toolchain/9 2020-q2-update/bin/../lib/gcc/arm-none-eabi/9.3.1/../../../../arm-none-eabi/lib/thumb/v7-m/nofp\libg.a(lib_a-findfp.o)
                0x0008a65c                __sfp_lock_acquire
 .text.__sfp_lock_release
                0x0008a668        0xc c:/program files (x86)/gnu arm embedded toolchain/9 2020-q2-update/bin/../lib/gcc/arm-none-eabi/9.3.1/../../../../arm-none-eabi/lib/thumb/v7-m/nofp\libg.a(lib_a-findfp.o)
                0x0008a668                __sfp_lock_release
 .text.__libc_fini_array
                0x0008a674       0x2c c:/program files (x86)/gnu arm embedded toolchain/9 2020-q2-update/bin/../lib/gcc/arm-none-eabi/9.3.1/../../../../arm-none-eabi/lib/thumb/v7-m/nofp\libg.a(lib_a-fini.o)
                0x0008a674                __libc_fini_array
 .text.__fputwc
                0x0008a6a0       0xa0 c:/program files (x86)/gnu arm embedded toolchain/9 2020-q2-update/bin/../lib/gcc/arm-none-eabi/9.3.1/../../../../arm-none-eabi/lib/thumb/v7-m/nofp\libg.a(lib_a-fputwc.o)
                0x0008a6a0                __fputwc
 .text._fputwc_r
                0x0008a740       0x68 c:/program files (x86)/gnu arm embedded toolchain/9 2020-q2-update/bin/../lib/gcc/arm-none-eabi/9.3.1/../../../../arm-none-eabi/lib/thumb/v7-m/nofp\libg.a(lib_a-fputwc.o)
                0x0008a740                _fputwc_r
 .text._malloc_trim_r
                0x0008a7a8       0xa0 c:/program files (x86)/gnu arm embedded toolchain/9 2020-q2-update/bin/../lib/gcc/arm-none-eabi/9.3.1/../../../../arm-none-eabi/lib/thumb/v7-m/nofp\libg.a(lib_a-freer.o)
                0x0008a7a8                _malloc_trim_r
 .text._free_r  0x0008a848      0x20c c:/program files (x86)/gnu arm embedded toolchain/9 2020-q2-update/bin/../lib/gcc/arm-none-eabi/9.3.1/../../../../arm-none-eabi/lib/thumb/v7-m/nofp\libg.a(lib_a-freer.o)
                0x0008a848                _free_r
 .text.__sfvwrite_r
                0x0008aa54      0x2ec c:/program files (x86)/gnu arm embedded toolchain/9 2020-q2-update/bin/../lib/gcc/arm-none-eabi/9.3.1/../../../../arm-none-eabi/lib/thumb/v7-m/nofp\libg.a(lib_a-fvwrite.o)
                0x0008aa54                __sfvwrite_r
 .text._fwalk_reent
                0x0008ad40       0x48 c:/program files (x86)/gnu arm embedded toolchain/9 2020-q2-update/bin/../lib/gcc/arm-none-eabi/9.3.1/../../../../arm-none-eabi/lib/thumb/v7-m/nofp\libg.a(lib_a-fwalk.o)
                0x0008ad40                _fwalk_reent
 .text.__locale_mb_cur_max
                0x0008ad88        0xc c:/program files (x86)/gnu arm embedded toolchain/9 2020-q2-update/bin/../lib/gcc/arm-none-eabi/9.3.1/../../../../arm-none-eabi/lib/thumb/v7-m/nofp\libg.a(lib_a-locale.o)
                0x0008ad88                __locale_mb_cur_max
 .text._localeconv_r
                0x0008ad94        0x8 c:/program files (x86)/gnu arm embedded toolchain/9 2020-q2-update/bin/../lib/gcc/arm-none-eabi/9.3.1/../../../../arm-none-eabi/lib/thumb/v7-m/nofp\libg.a(lib_a-localeconv.o)
                0x0008ad94                _localeconv_r
 .text.__retarget_lock_init_recursive
                0x0008ad9c        0x4 c:/program files (x86)/gnu arm embedded toolchain/9 2020-q2-update/bin/../lib/gcc/arm-none-eabi/9.3.1/../../../../arm-none-eabi/lib/thumb/v7-m/nofp\libg.a(lib_a-lock.o)
                0x0008ad9c                __retarget_lock_init_recursive
 .text.__retarget_lock_close_recursive
                0x0008ada0        0x4 c:/program files (x86)/gnu arm embedded toolchain/9 2020-q2-update/bin/../lib/gcc/arm-none-eabi/9.3.1/../../../../arm-none-eabi/lib/thumb/v7-m/nofp\libg.a(lib_a-lock.o)
                0x0008ada0                __retarget_lock_close_recursive
 .text.__retarget_lock_acquire_recursive
                0x0008ada4        0x4 c:/program files (x86)/gnu arm embedded toolchain/9 2020-q2-update/bin/../lib/gcc/arm-none-eabi/9.3.1/../../../../arm-none-eabi/lib/thumb/v7-m/nofp\libg.a(lib_a-lock.o)
                0x0008ada4                __retarget_lock_acquire_recursive
 .text.__retarget_lock_release_recursive
                0x0008ada8        0x4 c:/program files (x86)/gnu arm embedded toolchain/9 2020-q2-update/bin/../lib/gcc/arm-none-eabi/9.3.1/../../../../arm-none-eabi/lib/thumb/v7-m/nofp\libg.a(lib_a-lock.o)
                0x0008ada8                __retarget_lock_release_recursive
 .text.__swhatbuf_r
                0x0008adac       0x5c c:/program files (x86)/gnu arm embedded toolchain/9 2020-q2-update/bin/../lib/gcc/arm-none-eabi/9.3.1/../../../../arm-none-eabi/lib/thumb/v7-m/nofp\libg.a(lib_a-makebuf.o)
                0x0008adac                __swhatbuf_r
 .text.__smakebuf_r
                0x0008ae08       0x94 c:/program files (x86)/gnu arm embedded toolchain/9 2020-q2-update/bin/../lib/gcc/arm-none-eabi/9.3.1/../../../../arm-none-eabi/lib/thumb/v7-m/nofp\libg.a(lib_a-makebuf.o)
                0x0008ae08                __smakebuf_r
 .text._malloc_r
                0x0008ae9c      0x55c c:/program files (x86)/gnu arm embedded toolchain/9 2020-q2-update/bin/../lib/gcc/arm-none-eabi/9.3.1/../../../../arm-none-eabi/lib/thumb/v7-m/nofp\libg.a(lib_a-mallocr.o)
                0x0008ae9c                _malloc_r
 .text.__ascii_mbtowc
                0x0008b3f8       0x2c c:/program files (x86)/gnu arm embedded toolchain/9 2020-q2-update/bin/../lib/gcc/arm-none-eabi/9.3.1/../../../../arm-none-eabi/lib/thumb/v7-m/nofp\libg.a(lib_a-mbtowc_r.o)
                0x0008b3f8                __ascii_mbtowc
 .text.memchr   0x0008b424       0x80 c:/program files (x86)/gnu arm embedded toolchain/9 2020-q2-update/bin/../lib/gcc/arm-none-eabi/9.3.1/../../../../arm-none-eabi/lib/thumb/v7-m/nofp\libg.a(lib_a-memchr-stub.o)
                0x0008b424                memchr
 .text.memmove  0x0008b4a4       0xd4 c:/program files (x86)/gnu arm embedded toolchain/9 2020-q2-update/bin/../lib/gcc/arm-none-eabi/9.3.1/../../../../arm-none-eabi/lib/thumb/v7-m/nofp\libg.a(lib_a-memmove.o)
                0x0008b4a4                memmove
 .text.__malloc_lock
                0x0008b578        0xc c:/program files (x86)/gnu arm embedded toolchain/9 2020-q2-update/bin/../lib/gcc/arm-none-eabi/9.3.1/../../../../arm-none-eabi/lib/thumb/v7-m/nofp\libg.a(lib_a-mlock.o)
                0x0008b578                __malloc_lock
 .text.__malloc_unlock
                0x0008b584        0xc c:/program files (x86)/gnu arm embedded toolchain/9 2020-q2-update/bin/../lib/gcc/arm-none-eabi/9.3.1/../../../../arm-none-eabi/lib/thumb/v7-m/nofp\libg.a(lib_a-mlock.o)
                0x0008b584                __malloc_unlock
 .text._Balloc  0x0008b590       0x4c c:/program files (x86)/gnu arm embedded toolchain/9 2020-q2-update/bin/../lib/gcc/arm-none-eabi/9.3.1/../../../../arm-none-eabi/lib/thumb/v7-m/nofp\libg.a(lib_a-mprec.o)
                0x0008b590                _Balloc
 .text._Bfree   0x0008b5dc       0x14 c:/program files (x86)/gnu arm embedded toolchain/9 2020-q2-update/bin/../lib/gcc/arm-none-eabi/9.3.1/../../../../arm-none-eabi/lib/thumb/v7-m/nofp\libg.a(lib_a-mprec.o)
                0x0008b5dc                _Bfree
 .text.__multadd
                0x0008b5f0       0x9c c:/program files (x86)/gnu arm embedded toolchain/9 2020-q2-update/bin/../lib/gcc/arm-none-eabi/9.3.1/../../../../arm-none-eabi/lib/thumb/v7-m/nofp\libg.a(lib_a-mprec.o)
                0x0008b5f0                __multadd
 .text.__hi0bits
                0x0008b68c       0x40 c:/program files (x86)/gnu arm embedded toolchain/9 2020-q2-update/bin/../lib/gcc/arm-none-eabi/9.3.1/../../../../arm-none-eabi/lib/thumb/v7-m/nofp\libg.a(lib_a-mprec.o)
                0x0008b68c                __hi0bits
 .text.__lo0bits
                0x0008b6cc       0x60 c:/program files (x86)/gnu arm embedded toolchain/9 2020-q2-update/bin/../lib/gcc/arm-none-eabi/9.3.1/../../../../arm-none-eabi/lib/thumb/v7-m/nofp\libg.a(lib_a-mprec.o)
                0x0008b6cc                __lo0bits
 .text.__i2b    0x0008b72c       0x2c c:/program files (x86)/gnu arm embedded toolchain/9 2020-q2-update/bin/../lib/gcc/arm-none-eabi/9.3.1/../../../../arm-none-eabi/lib/thumb/v7-m/nofp\libg.a(lib_a-mprec.o)
                0x0008b72c                __i2b
 .text.__multiply
                0x0008b758      0x160 c:/program files (x86)/gnu arm embedded toolchain/9 2020-q2-update/bin/../lib/gcc/arm-none-eabi/9.3.1/../../../../arm-none-eabi/lib/thumb/v7-m/nofp\libg.a(lib_a-mprec.o)
                0x0008b758                __multiply
 .text.__pow5mult
                0x0008b8b8       0x98 c:/program files (x86)/gnu arm embedded toolchain/9 2020-q2-update/bin/../lib/gcc/arm-none-eabi/9.3.1/../../../../arm-none-eabi/lib/thumb/v7-m/nofp\libg.a(lib_a-mprec.o)
                0x0008b8b8                __pow5mult
 .text.__lshift
                0x0008b950       0xe8 c:/program files (x86)/gnu arm embedded toolchain/9 2020-q2-update/bin/../lib/gcc/arm-none-eabi/9.3.1/../../../../arm-none-eabi/lib/thumb/v7-m/nofp\libg.a(lib_a-mprec.o)
                0x0008b950                __lshift
 .text.__mcmp   0x0008ba38       0x3c c:/program files (x86)/gnu arm embedded toolchain/9 2020-q2-update/bin/../lib/gcc/arm-none-eabi/9.3.1/../../../../arm-none-eabi/lib/thumb/v7-m/nofp\libg.a(lib_a-mprec.o)
                0x0008ba38                __mcmp
 .text.__mdiff  0x0008ba74      0x150 c:/program files (x86)/gnu arm embedded toolchain/9 2020-q2-update/bin/../lib/gcc/arm-none-eabi/9.3.1/../../../../arm-none-eabi/lib/thumb/v7-m/nofp\libg.a(lib_a-mprec.o)
                0x0008ba74                __mdiff
 .text.__d2b    0x0008bbc4       0xc4 c:/program files (x86)/gnu arm embedded toolchain/9 2020-q2-update/bin/../lib/gcc/arm-none-eabi/9.3.1/../../../../arm-none-eabi/lib/thumb/v7-m/nofp\libg.a(lib_a-mprec.o)
                0x0008bbc4                __d2b
 .text._realloc_r
                0x0008bc88      0x3e0 c:/program files (x86)/gnu arm embedded toolchain/9 2020-q2-update/bin/../lib/gcc/arm-none-eabi/9.3.1/../../../../arm-none-eabi/lib/thumb/v7-m/nofp\libg.a(lib_a-reallocr.o)
                0x0008bc88                _realloc_r
 .text.frexp    0x0008c068       0x70 c:/program files (x86)/gnu arm embedded toolchain/9 2020-q2-update/bin/../lib/gcc/arm-none-eabi/9.3.1/../../../../arm-none-eabi/lib/thumb/v7-m/nofp\libg.a(lib_a-s_frexp.o)
                0x0008c068                frexp
 .text._sbrk_r  0x0008c0d8       0x24 c:/program files (x86)/gnu arm embedded toolchain/9 2020-q2-update/bin/../lib/gcc/arm-none-eabi/9.3.1/../../../../arm-none-eabi/lib/thumb/v7-m/nofp\libg.a(lib_a-sbrkr.o)
                0x0008c0d8                _sbrk_r
 .text.__sread  0x0008c0fc       0x24 c:/program files (x86)/gnu arm embedded toolchain/9 2020-q2-update/bin/../lib/gcc/arm-none-eabi/9.3.1/../../../../arm-none-eabi/lib/thumb/v7-m/nofp\libg.a(lib_a-stdio.o)
                0x0008c0fc                __sread
 .text.__swrite
                0x0008c120       0x40 c:/program files (x86)/gnu arm embedded toolchain/9 2020-q2-update/bin/../lib/gcc/arm-none-eabi/9.3.1/../../../../arm-none-eabi/lib/thumb/v7-m/nofp\libg.a(lib_a-stdio.o)
                0x0008c120                __swrite
 .text.__sseek  0x0008c160       0x20 c:/program files (x86)/gnu arm embedded toolchain/9 2020-q2-update/bin/../lib/gcc/arm-none-eabi/9.3.1/../../../../arm-none-eabi/lib/thumb/v7-m/nofp\libg.a(lib_a-stdio.o)
                0x0008c160                __sseek
 .text.__sclose
                0x0008c180        0x8 c:/program files (x86)/gnu arm embedded toolchain/9 2020-q2-update/bin/../lib/gcc/arm-none-eabi/9.3.1/../../../../arm-none-eabi/lib/thumb/v7-m/nofp\libg.a(lib_a-stdio.o)
                0x0008c180                __sclose
 .text.strlen   0x0008c188       0x5c c:/program files (x86)/gnu arm embedded toolchain/9 2020-q2-update/bin/../lib/gcc/arm-none-eabi/9.3.1/../../../../arm-none-eabi/lib/thumb/v7-m/nofp\libg.a(lib_a-strlen-stub.o)
                0x0008c188                strlen
 .text.strncpy  0x0008c1e4       0x68 c:/program files (x86)/gnu arm embedded toolchain/9 2020-q2-update/bin/../lib/gcc/arm-none-eabi/9.3.1/../../../../arm-none-eabi/lib/thumb/v7-m/nofp\libg.a(lib_a-strncpy.o)
                0x0008c1e4                strncpy
 .text.__ssprint_r
                0x0008c24c       0xf8 c:/program files (x86)/gnu arm embedded toolchain/9 2020-q2-update/bin/../lib/gcc/arm-none-eabi/9.3.1/../../../../arm-none-eabi/lib/thumb/v7-m/nofp\libg.a(lib_a-svfiprintf.o)
                0x0008c24c                __ssprint_r
 .text.__swbuf_r
                0x0008c344       0xb0 c:/program files (x86)/gnu arm embedded toolchain/9 2020-q2-update/bin/../lib/gcc/arm-none-eabi/9.3.1/../../../../arm-none-eabi/lib/thumb/v7-m/nofp\libg.a(lib_a-wbuf.o)
                0x0008c344                __swbuf_r
 .text._wcrtomb_r
                0x0008c3f4       0x3c c:/program files (x86)/gnu arm embedded toolchain/9 2020-q2-update/bin/../lib/gcc/arm-none-eabi/9.3.1/../../../../arm-none-eabi/lib/thumb/v7-m/nofp\libg.a(lib_a-wcrtomb.o)
                0x0008c3f4                _wcrtomb_r
 .text.__ascii_wctomb
                0x0008c430       0x1c c:/program files (x86)/gnu arm embedded toolchain/9 2020-q2-update/bin/../lib/gcc/arm-none-eabi/9.3.1/../../../../arm-none-eabi/lib/thumb/v7-m/nofp\libg.a(lib_a-wctomb_r.o)
                0x0008c430                __ascii_wctomb
 .text._write_r
                0x0008c44c       0x2c c:/program files (x86)/gnu arm embedded toolchain/9 2020-q2-update/bin/../lib/gcc/arm-none-eabi/9.3.1/../../../../arm-none-eabi/lib/thumb/v7-m/nofp\libg.a(lib_a-writer.o)
                0x0008c44c                _write_r
 .text.__register_exitproc
                0x0008c478       0x8c c:/program files (x86)/gnu arm embedded toolchain/9 2020-q2-update/bin/../lib/gcc/arm-none-eabi/9.3.1/../../../../arm-none-eabi/lib/thumb/v7-m/nofp\libg.a(lib_a-__atexit.o)
                0x0008c478                __register_exitproc
 .text.__assert_func
                0x0008c504       0x3c c:/program files (x86)/gnu arm embedded toolchain/9 2020-q2-update/bin/../lib/gcc/arm-none-eabi/9.3.1/../../../../arm-none-eabi/lib/thumb/v7-m/nofp\libg.a(lib_a-assert.o)
                0x0008c504                __assert_func
 .text._calloc_r
                0x0008c540       0x60 c:/program files (x86)/gnu arm embedded toolchain/9 2020-q2-update/bin/../lib/gcc/arm-none-eabi/9.3.1/../../../../arm-none-eabi/lib/thumb/v7-m/nofp\libg.a(lib_a-callocr.o)
                0x0008c540                _calloc_r
 .text._close_r
                0x0008c5a0       0x24 c:/program files (x86)/gnu arm embedded toolchain/9 2020-q2-update/bin/../lib/gcc/arm-none-eabi/9.3.1/../../../../arm-none-eabi/lib/thumb/v7-m/nofp\libg.a(lib_a-closer.o)
                0x0008c5a0                _close_r
 .text._fclose_r
                0x0008c5c4       0xcc c:/program files (x86)/gnu arm embedded toolchain/9 2020-q2-update/bin/../lib/gcc/arm-none-eabi/9.3.1/../../../../arm-none-eabi/lib/thumb/v7-m/nofp\libg.a(lib_a-fclose.o)
                0x0008c5c4                _fclose_r
 .text.fiprintf
                0x0008c690       0x28 c:/program files (x86)/gnu arm embedded toolchain/9 2020-q2-update/bin/../lib/gcc/arm-none-eabi/9.3.1/../../../../arm-none-eabi/lib/thumb/v7-m/nofp\libg.a(lib_a-fiprintf.o)
                0x0008c690                fiprintf
 .text._fstat_r
                0x0008c6b8       0x2c c:/program files (x86)/gnu arm embedded toolchain/9 2020-q2-update/bin/../lib/gcc/arm-none-eabi/9.3.1/../../../../arm-none-eabi/lib/thumb/v7-m/nofp\libg.a(lib_a-fstatr.o)
                0x0008c6b8                _fstat_r
 .text._isatty_r
                0x0008c6e4       0x24 c:/program files (x86)/gnu arm embedded toolchain/9 2020-q2-update/bin/../lib/gcc/arm-none-eabi/9.3.1/../../../../arm-none-eabi/lib/thumb/v7-m/nofp\libg.a(lib_a-isattyr.o)
                0x0008c6e4                _isatty_r
 .text._lseek_r
                0x0008c708       0x2c c:/program files (x86)/gnu arm embedded toolchain/9 2020-q2-update/bin/../lib/gcc/arm-none-eabi/9.3.1/../../../../arm-none-eabi/lib/thumb/v7-m/nofp\libg.a(lib_a-lseekr.o)
                0x0008c708                _lseek_r
 .text._read_r  0x0008c734       0x2c c:/program files (x86)/gnu arm embedded toolchain/9 2020-q2-update/bin/../lib/gcc/arm-none-eabi/9.3.1/../../../../arm-none-eabi/lib/thumb/v7-m/nofp\libg.a(lib_a-readr.o)
                0x0008c734                _read_r
 .text.abort    0x0008c760       0x10 c:/program files (x86)/gnu arm embedded toolchain/9 2020-q2-update/bin/../lib/gcc/arm-none-eabi/9.3.1/../../../../arm-none-eabi/lib/thumb/v7-m/nofp\libg.a(lib_a-abort.o)
                0x0008c760                abort
 .text._raise_r
                0x0008c770       0x58 c:/program files (x86)/gnu arm embedded toolchain/9 2020-q2-update/bin/../lib/gcc/arm-none-eabi/9.3.1/../../../../arm-none-eabi/lib/thumb/v7-m/nofp\libg.a(lib_a-signal.o)
                0x0008c770                _raise_r
 .text.raise    0x0008c7c8       0x10 c:/program files (x86)/gnu arm embedded toolchain/9 2020-q2-update/bin/../lib/gcc/arm-none-eabi/9.3.1/../../../../arm-none-eabi/lib/thumb/v7-m/nofp\libg.a(lib_a-signal.o)
                0x0008c7c8                raise
 .text._kill_r  0x0008c7d8       0x2c c:/program files (x86)/gnu arm embedded toolchain/9 2020-q2-update/bin/../lib/gcc/arm-none-eabi/9.3.1/../../../../arm-none-eabi/lib/thumb/v7-m/nofp\libg.a(lib_a-signalr.o)
                0x0008c7d8                _kill_r
 .text._getpid_r
                0x0008c804        0x4 c:/program files (x86)/gnu arm embedded toolchain/9 2020-q2-update/bin/../lib/gcc/arm-none-eabi/9.3.1/../../../../arm-none-eabi/lib/thumb/v7-m/nofp\libg.a(lib_a-signalr.o)
                0x0008c804                _getpid_r
 .text          0x0008c808      0x378 c:/program files (x86)/gnu arm embedded toolchain/9 2020-q2-update/bin/../lib/gcc/arm-none-eabi/9.3.1/thumb/v7-m/nofp\libgcc.a(_arm_addsubdf3.o)
                0x0008c808                __aeabi_drsub
                0x0008c810                __aeabi_dsub
                0x0008c810                __subdf3
                0x0008c814                __aeabi_dadd
                0x0008c814                __adddf3
                0x0008ca8c                __floatunsidf
                0x0008ca8c                __aeabi_ui2d
                0x0008caac                __floatsidf
                0x0008caac                __aeabi_i2d
                0x0008cad0                __aeabi_f2d
                0x0008cad0                __extendsfdf2
                0x0008cb14                __floatundidf
                0x0008cb14                __aeabi_ul2d
                0x0008cb24                __floatdidf
                0x0008cb24                __aeabi_l2d
 .text          0x0008cb80      0x424 c:/program files (x86)/gnu arm embedded toolchain/9 2020-q2-update/bin/../lib/gcc/arm-none-eabi/9.3.1/thumb/v7-m/nofp\libgcc.a(_arm_muldivdf3.o)
                0x0008cb80                __aeabi_dmul
                0x0008cb80                __muldf3
                0x0008cdd4                __divdf3
                0x0008cdd4                __aeabi_ddiv
 .text          0x0008cfa4      0x110 c:/program files (x86)/gnu arm embedded toolchain/9 2020-q2-update/bin/../lib/gcc/arm-none-eabi/9.3.1/thumb/v7-m/nofp\libgcc.a(_arm_cmpdf2.o)
                0x0008cfa4                __gtdf2
                0x0008cfa4                __gedf2
                0x0008cfac                __ltdf2
                0x0008cfac                __ledf2
                0x0008cfb4                __nedf2
                0x0008cfb4                __eqdf2
                0x0008cfb4                __cmpdf2
                0x0008d030                __aeabi_cdrcmple
                0x0008d040                __aeabi_cdcmpeq
                0x0008d040                __aeabi_cdcmple
                0x0008d050                __aeabi_dcmpeq
                0x0008d064                __aeabi_dcmplt
                0x0008d078                __aeabi_dcmple
                0x0008d08c                __aeabi_dcmpge
                0x0008d0a0                __aeabi_dcmpgt
 .text          0x0008d0b4       0x2c c:/program files (x86)/gnu arm embedded toolchain/9 2020-q2-update/bin/../lib/gcc/arm-none-eabi/9.3.1/thumb/v7-m/nofp\libgcc.a(_arm_unorddf2.o)
                0x0008d0b4                __unorddf2
                0x0008d0b4                __aeabi_dcmpun
 .text          0x0008d0e0       0x50 c:/program files (x86)/gnu arm embedded toolchain/9 2020-q2-update/bin/../lib/gcc/arm-none-eabi/9.3.1/thumb/v7-m/nofp\libgcc.a(_arm_fixdfsi.o)
                0x0008d0e0                __aeabi_d2iz
                0x0008d0e0                __fixdfsi
 .text          0x0008d130       0x30 c:/program files (x86)/gnu arm embedded toolchain/9 2020-q2-update/bin/../lib/gcc/arm-none-eabi/9.3.1/thumb/v7-m/nofp\libgcc.a(_aeabi_uldivmod.o)
                0x0008d130                __aeabi_uldivmod
 .text          0x0008d160      0x2c4 c:/program files (x86)/gnu arm embedded toolchain/9 2020-q2-update/bin/../lib/gcc/arm-none-eabi/9.3.1/thumb/v7-m/nofp\libgcc.a(_udivmoddi4.o)
                0x0008d160                __udivmoddi4
 .text          0x0008d424        0x4 c:/program files (x86)/gnu arm embedded toolchain/9 2020-q2-update/bin/../lib/gcc/arm-none-eabi/9.3.1/thumb/v7-m/nofp\libgcc.a(_dvmd_tls.o)
                0x0008d424                __aeabi_idiv0
                0x0008d424                __aeabi_ldiv0
 *(.glue_7t)
 .glue_7t       0x0008d428        0x0 linker stubs
 *(.glue_7)
 .glue_7        0x0008d428        0x0 linker stubs
 *(.rodata .rodata* .gnu.linkonce.r.*)
 .rodata        0x0008d428        0x5 objdir/main.o
 *fill*         0x0008d42d        0x3 
 .rodata        0x0008d430       0x3e objdir/usart_driver.o
 *fill*         0x0008d46e        0x2 
 .rodata        0x0008d470       0x19 objdir/syscalls.o
 *fill*         0x0008d489        0x3 
 .rodata.BOS_DESC
                0x0008d48c       0x21 objdir/udc.o
                0x0008d48c                BOS_DESC
 *fill*         0x0008d4ad        0x3 
 .rodata        0x0008d4b0       0x35 objdir/udphs_device.o
 *fill*         0x0008d4e5        0x3 
 .rodata._global_impure_ptr
                0x0008d4e8        0x4 c:/program files (x86)/gnu arm embedded toolchain/9 2020-q2-update/bin/../lib/gcc/arm-none-eabi/9.3.1/../../../../arm-none-eabi/lib/thumb/v7-m/nofp\libg.a(lib_a-impure.o)
                0x0008d4e8                _global_impure_ptr
 .rodata._svfprintf_r.str1.4
                0x0008d4ec       0x42 c:/program files (x86)/gnu arm embedded toolchain/9 2020-q2-update/bin/../lib/gcc/arm-none-eabi/9.3.1/../../../../arm-none-eabi/lib/thumb/v7-m/nofp\libg.a(lib_a-svfprintf.o)
 *fill*         0x0008d52e        0x2 
 .rodata.blanks.7335
                0x0008d530       0x10 c:/program files (x86)/gnu arm embedded toolchain/9 2020-q2-update/bin/../lib/gcc/arm-none-eabi/9.3.1/../../../../arm-none-eabi/lib/thumb/v7-m/nofp\libg.a(lib_a-svfprintf.o)
 .rodata.zeroes.7336
                0x0008d540       0x10 c:/program files (x86)/gnu arm embedded toolchain/9 2020-q2-update/bin/../lib/gcc/arm-none-eabi/9.3.1/../../../../arm-none-eabi/lib/thumb/v7-m/nofp\libg.a(lib_a-svfprintf.o)
 .rodata._vfiprintf_r.str1.4
                0x0008d550       0x2f c:/program files (x86)/gnu arm embedded toolchain/9 2020-q2-update/bin/../lib/gcc/arm-none-eabi/9.3.1/../../../../arm-none-eabi/lib/thumb/v7-m/nofp\libg.a(lib_a-vfiprintf.o)
 .rodata.blanks.7328
                0x0008d550       0x10 c:/program files (x86)/gnu arm embedded toolchain/9 2020-q2-update/bin/../lib/gcc/arm-none-eabi/9.3.1/../../../../arm-none-eabi/lib/thumb/v7-m/nofp\libg.a(lib_a-vfiprintf.o)
 .rodata.zeroes.7329
                0x0008d560       0x10 c:/program files (x86)/gnu arm embedded toolchain/9 2020-q2-update/bin/../lib/gcc/arm-none-eabi/9.3.1/../../../../arm-none-eabi/lib/thumb/v7-m/nofp\libg.a(lib_a-vfiprintf.o)
 .rodata._dtoa_r.str1.4
                0x0008d570       0xa0 c:/program files (x86)/gnu arm embedded toolchain/9 2020-q2-update/bin/../lib/gcc/arm-none-eabi/9.3.1/../../../../arm-none-eabi/lib/thumb/v7-m/nofp\libg.a(lib_a-dtoa.o)
                                 0xa4 (size before relaxing)
 .rodata._setlocale_r.str1.4
                0x0008d610        0xa c:/program files (x86)/gnu arm embedded toolchain/9 2020-q2-update/bin/../lib/gcc/arm-none-eabi/9.3.1/../../../../arm-none-eabi/lib/thumb/v7-m/nofp\libg.a(lib_a-locale.o)
                                  0xd (size before relaxing)
 *fill*         0x0008d61a        0x2 
 .rodata.str1.4
                0x0008d61c        0x2 c:/program files (x86)/gnu arm embedded toolchain/9 2020-q2-update/bin/../lib/gcc/arm-none-eabi/9.3.1/../../../../arm-none-eabi/lib/thumb/v7-m/nofp\libg.a(lib_a-locale.o)
 *fill*         0x0008d61e        0x2 
 .rodata.__multadd.str1.4
                0x0008d620       0x7d c:/program files (x86)/gnu arm embedded toolchain/9 2020-q2-update/bin/../lib/gcc/arm-none-eabi/9.3.1/../../../../arm-none-eabi/lib/thumb/v7-m/nofp\libg.a(lib_a-mprec.o)
                                 0x91 (size before relaxing)
 *fill*         0x0008d69d        0x3 
 .rodata.__mprec_bigtens
                0x0008d6a0       0x28 c:/program files (x86)/gnu arm embedded toolchain/9 2020-q2-update/bin/../lib/gcc/arm-none-eabi/9.3.1/../../../../arm-none-eabi/lib/thumb/v7-m/nofp\libg.a(lib_a-mprec.o)
                0x0008d6a0                __mprec_bigtens
 .rodata.__mprec_tens
                0x0008d6c8       0xc8 c:/program files (x86)/gnu arm embedded toolchain/9 2020-q2-update/bin/../lib/gcc/arm-none-eabi/9.3.1/../../../../arm-none-eabi/lib/thumb/v7-m/nofp\libg.a(lib_a-mprec.o)
                0x0008d6c8                __mprec_tens
 .rodata.p05.6122
                0x0008d790        0xc c:/program files (x86)/gnu arm embedded toolchain/9 2020-q2-update/bin/../lib/gcc/arm-none-eabi/9.3.1/../../../../arm-none-eabi/lib/thumb/v7-m/nofp\libg.a(lib_a-mprec.o)
 .rodata.__assert_func.str1.4
                0x0008d79c       0x3f c:/program files (x86)/gnu arm embedded toolchain/9 2020-q2-update/bin/../lib/gcc/arm-none-eabi/9.3.1/../../../../arm-none-eabi/lib/thumb/v7-m/nofp\libg.a(lib_a-assert.o)
                                 0x43 (size before relaxing)
 *fill*         0x0008d7db        0x1 
 .rodata._ctype_
                0x0008d7dc      0x101 c:/program files (x86)/gnu arm embedded toolchain/9 2020-q2-update/bin/../lib/gcc/arm-none-eabi/9.3.1/../../../../arm-none-eabi/lib/thumb/v7-m/nofp\libg.a(lib_a-ctype_.o)
                0x0008d7dc                _ctype_
 *(.ARM.extab* .gnu.linkonce.armextab.*)
                0x0008d8e0                . = ALIGN (0x4)
 *fill*         0x0008d8dd        0x3 
 *(.init)
 .init          0x0008d8e0        0x4 c:/program files (x86)/gnu arm embedded toolchain/9 2020-q2-update/bin/../lib/gcc/arm-none-eabi/9.3.1/thumb/v7-m/nofp/crti.o
                0x0008d8e0                _init
 .init          0x0008d8e4        0x8 c:/program files (x86)/gnu arm embedded toolchain/9 2020-q2-update/bin/../lib/gcc/arm-none-eabi/9.3.1/thumb/v7-m/nofp/crtn.o
                0x0008d8ec                . = ALIGN (0x4)
                0x0008d8ec                __preinit_array_start = .
 *(.preinit_array)
                0x0008d8ec                __preinit_array_end = .
                0x0008d8ec                . = ALIGN (0x4)
                0x0008d8ec                __init_array_start = .
 *(SORT_BY_NAME(.init_array.*))
 .init_array.00000
                0x0008d8ec        0x4 c:/program files (x86)/gnu arm embedded toolchain/9 2020-q2-update/bin/../lib/gcc/arm-none-eabi/9.3.1/../../../../arm-none-eabi/lib/thumb/v7-m/nofp\libg.a(lib_a-__call_atexit.o)
 *(.init_array)
 .init_array    0x0008d8f0        0x4 c:/program files (x86)/gnu arm embedded toolchain/9 2020-q2-update/bin/../lib/gcc/arm-none-eabi/9.3.1/thumb/v7-m/nofp/crtbegin.o
                0x0008d8f4                __init_array_end = .
                0x0008d8f4                . = ALIGN (0x4)
 *crtbegin.o(.ctors)
 *(EXCLUDE_FILE(*crtend.o) .ctors)
 *(SORT_BY_NAME(.ctors.*))
 *crtend.o(.ctors)
                0x0008d8f4                . = ALIGN (0x4)
 *(.fini)
 .fini          0x0008d8f4        0x4 c:/program files (x86)/gnu arm embedded toolchain/9 2020-q2-update/bin/../lib/gcc/arm-none-eabi/9.3.1/thumb/v7-m/nofp/crti.o
                0x0008d8f4                _fini
 .fini          0x0008d8f8        0x8 c:/program files (x86)/gnu arm embedded toolchain/9 2020-q2-update/bin/../lib/gcc/arm-none-eabi/9.3.1/thumb/v7-m/nofp/crtn.o
                0x0008d900                . = ALIGN (0x4)
                0x0008d900                __fini_array_start = .
 *(.fini_array)
 .fini_array    0x0008d900        0x4 c:/program files (x86)/gnu arm embedded toolchain/9 2020-q2-update/bin/../lib/gcc/arm-none-eabi/9.3.1/thumb/v7-m/nofp/crtbegin.o
 *(SORT_BY_NAME(.fini_array.*))
                0x0008d904                __fini_array_end = .
 *crtbegin.o(.dtors)
 *(EXCLUDE_FILE(*crtend.o) .dtors)
 *(SORT_BY_NAME(.dtors.*))
 *crtend.o(.dtors)
                0x0008d904                . = ALIGN (0x4)
                0x0008d904                _efixed = .
                [!provide]                PROVIDE (__exidx_start = .)

.vfp11_veneer   0x0008d904        0x0
 .vfp11_veneer  0x0008d904        0x0 linker stubs

.v4_bx          0x0008d904        0x0
 .v4_bx         0x0008d904        0x0 linker stubs

.iplt           0x0008d904        0x0
 .iplt          0x0008d904        0x0 c:/program files (x86)/gnu arm embedded toolchain/9 2020-q2-update/bin/../lib/gcc/arm-none-eabi/9.3.1/thumb/v7-m/nofp/crtbegin.o

.igot.plt       0x0008d904        0x0
 .igot.plt      0x0008d904        0x0 c:/program files (x86)/gnu arm embedded toolchain/9 2020-q2-update/bin/../lib/gcc/arm-none-eabi/9.3.1/thumb/v7-m/nofp/crtbegin.o

.ARM.exidx      0x0008d904        0x8
 *(.ARM.exidx* .gnu.linkonce.armexidx.*)
 .ARM.exidx     0x0008d904        0x8 c:/program files (x86)/gnu arm embedded toolchain/9 2020-q2-update/bin/../lib/gcc/arm-none-eabi/9.3.1/thumb/v7-m/nofp\libgcc.a(_udivmoddi4.o)
                [!provide]                PROVIDE (__exidx_end = .)

.eh_frame       0x0008d90c        0x0
 .eh_frame      0x0008d90c        0x0 c:/program files (x86)/gnu arm embedded toolchain/9 2020-q2-update/bin/../lib/gcc/arm-none-eabi/9.3.1/thumb/v7-m/nofp/crtbegin.o

.rel.dyn        0x0008d90c        0x0
 .rel.iplt      0x0008d90c        0x0 c:/program files (x86)/gnu arm embedded toolchain/9 2020-q2-update/bin/../lib/gcc/arm-none-eabi/9.3.1/thumb/v7-m/nofp/crtbegin.o
                0x0008d90c                . = ALIGN (0x4)
                0x0008d90c                _etext = .

.relocate       0x20000000      0xdf0 load address 0x0008d90c
                0x20000000                . = ALIGN (0x4)
                0x20000000                _srelocate = .
 *(.ramfunc .ramfunc.*)
 .ramfunc       0x20000000       0xec objdir/efc.o
                0x20000000                efc_perform_read_sequence
                0x200000a2                efc_write_fmr
                0x200000bc                efc_perform_fcr
 .ramfunc       0x200000ec      0x170 objdir/system_sam3u.o
                0x200000ec                SystemInit
                0x200001bc                system_init_flash
 *(.data .data.*)
 .data.usb_serial_number
                0x2000025c       0x21 objdir/main.o
                0x2000025c                usb_serial_number
 .data.main_b_vendor_enable
                0x2000027d        0x1 objdir/usb.o
 *fill*         0x2000027e        0x2 
 .data.xram     0x20000280        0x4 objdir/usb_xmem.o
                0x20000280                xram
 .data.g_interrupt_enabled
                0x20000284        0x1 objdir/interrupt_sam_nvic.o
                0x20000284                g_interrupt_enabled
 *fill*         0x20000285        0x3 
 .data.SystemCoreClock
                0x20000288        0x4 objdir/system_sam3u.o
                0x20000288                SystemCoreClock
 .data.udc_string_desc_languageid
                0x2000028c        0x4 objdir/udc.o
 .data.udc_string_manufacturer_name
                0x20000290       0x16 objdir/udc.o
 *fill*         0x200002a6        0x2 
 .data.udc_string_product_name
                0x200002a8       0x14 objdir/udc.o
 .data.udc_string_desc
                0x200002bc       0x42 objdir/udc.o
 *fill*         0x200002fe        0x2 
 .data.winusb_20_desc
                0x20000300       0x9e objdir/udc.o
                0x20000300                winusb_20_desc
 *fill*         0x2000039e        0x2 
 .data.udi_api_vendor
                0x200003a0       0x14 objdir/udi_vendor.o
                0x200003a0                udi_api_vendor
 .data.udc_device_desc
                0x200003b4       0x12 objdir/udi_vendor_desc.o
                0x200003b4                udc_device_desc
 *fill*         0x200003c6        0x2 
 .data.udc_device_qual
                0x200003c8        0xa objdir/udi_vendor_desc.o
                0x200003c8                udc_device_qual
 *fill*         0x200003d2        0x2 
 .data.udc_desc_fs
                0x200003d4       0x20 objdir/udi_vendor_desc.o
                0x200003d4                udc_desc_fs
 .data.udc_desc_hs
                0x200003f4       0x20 objdir/udi_vendor_desc.o
                0x200003f4                udc_desc_hs
 .data.udi_apis
                0x20000414        0x4 objdir/udi_vendor_desc.o
                0x20000414                udi_apis
 .data.udc_config_lsfs
                0x20000418        0x8 objdir/udi_vendor_desc.o
                0x20000418                udc_config_lsfs
 .data.udc_config_hs
                0x20000420        0x8 objdir/udi_vendor_desc.o
                0x20000420                udc_config_hs
 .data.udc_config
                0x20000428       0x18 objdir/udi_vendor_desc.o
                0x20000428                udc_config
 .data._impure_ptr
                0x20000440        0x4 c:/program files (x86)/gnu arm embedded toolchain/9 2020-q2-update/bin/../lib/gcc/arm-none-eabi/9.3.1/../../../../arm-none-eabi/lib/thumb/v7-m/nofp\libg.a(lib_a-impure.o)
                0x20000440                _impure_ptr
 *fill*         0x20000444        0x4 
 .data.impure_data
                0x20000448      0x428 c:/program files (x86)/gnu arm embedded toolchain/9 2020-q2-update/bin/../lib/gcc/arm-none-eabi/9.3.1/../../../../arm-none-eabi/lib/thumb/v7-m/nofp\libg.a(lib_a-impure.o)
 .data.__atexit_recursive_mutex
                0x20000870        0x4 c:/program files (x86)/gnu arm embedded toolchain/9 2020-q2-update/bin/../lib/gcc/arm-none-eabi/9.3.1/../../../../arm-none-eabi/lib/thumb/v7-m/nofp\libg.a(lib_a-__call_atexit.o)
                0x20000870                __atexit_recursive_mutex
 .data.__global_locale
                0x20000874      0x16c c:/program files (x86)/gnu arm embedded toolchain/9 2020-q2-update/bin/../lib/gcc/arm-none-eabi/9.3.1/../../../../arm-none-eabi/lib/thumb/v7-m/nofp\libg.a(lib_a-locale.o)
                0x20000874                __global_locale
 .data.__malloc_av_
                0x200009e0      0x408 c:/program files (x86)/gnu arm embedded toolchain/9 2020-q2-update/bin/../lib/gcc/arm-none-eabi/9.3.1/../../../../arm-none-eabi/lib/thumb/v7-m/nofp\libg.a(lib_a-mallocr.o)
                0x200009e0                __malloc_av_
 .data.__malloc_sbrk_base
                0x20000de8        0x4 c:/program files (x86)/gnu arm embedded toolchain/9 2020-q2-update/bin/../lib/gcc/arm-none-eabi/9.3.1/../../../../arm-none-eabi/lib/thumb/v7-m/nofp\libg.a(lib_a-mallocr.o)
                0x20000de8                __malloc_sbrk_base
 .data.__malloc_trim_threshold
                0x20000dec        0x4 c:/program files (x86)/gnu arm embedded toolchain/9 2020-q2-update/bin/../lib/gcc/arm-none-eabi/9.3.1/../../../../arm-none-eabi/lib/thumb/v7-m/nofp\libg.a(lib_a-mallocr.o)
                0x20000dec                __malloc_trim_threshold
                0x20000df0                . = ALIGN (0x4)
                0x20000df0                _erelocate = .

.bss            0x20000df0      0xa80 load address 0x0008e6fc
                0x20000df0                . = ALIGN (0x4)
                0x20000df0                _sbss = .
                0x20000df0                _szero = .
 *(.bss .bss.*)
 .bss           0x20000df0       0x1c c:/program files (x86)/gnu arm embedded toolchain/9 2020-q2-update/bin/../lib/gcc/arm-none-eabi/9.3.1/thumb/v7-m/nofp/crtbegin.o
 .bss.USB_PWR_STATE
                0x20000e0c        0x1 objdir/usb.o
                0x20000e0c                USB_PWR_STATE
 *fill*         0x20000e0d        0x3 
 .bss.main_buf_loopback
                0x20000e10      0x400 objdir/usb.o
 .bss.ctrlbuffer
                0x20001210       0x40 objdir/usb.o
 .bss.blockendpoint_usage
                0x20001250        0x1 objdir/usb.o
 *fill*         0x20001251        0x3 
 .bss.ctrlmemread_buf
                0x20001254        0x4 objdir/usb.o
 .bss.ctrlmemread_size
                0x20001258        0x4 objdir/usb.o
 .bss.respbuf.9296
                0x2000125c       0x40 objdir/usb.o
 .bss._fpga_locked
                0x2000129c        0x1 objdir/usb_xmem.o
 *fill*         0x2000129d        0x3 
 .bss.ctrlbuffer.8844
                0x200012a0       0x10 objdir/usart_driver.o
 .bss.cpu_irq_critical_section_counter
                0x200012b0        0x4 objdir/interrupt_sam_nvic.o
 .bss.cpu_irq_prev_interrupt_state
                0x200012b4        0x1 objdir/interrupt_sam_nvic.o
 *fill*         0x200012b5        0x3 
 .bss.gs_interrupt_sources
                0x200012b8       0x70 objdir/pio_handler.o
 .bss.b_is_sleep_clock_used
                0x20001328        0x1 objdir/sleep.o
 *fill*         0x20001329        0x3 
 .bss.callback_clocks_restored
                0x2000132c        0x4 objdir/sleep.o
 .bss.heap.5362
                0x20001330        0x4 objdir/syscalls.o
 .bss.udc_device_status
                0x20001334        0x2 objdir/udc.o
 .bss.udc_num_configuration
                0x20001336        0x1 objdir/udc.o
 *fill*         0x20001337        0x1 
 .bss.udc_ptr_conf
                0x20001338        0x4 objdir/udc.o
 .bss.udc_ptr_iface
                0x2000133c        0x4 objdir/udc.o
 .bss.udc_ep_status.7347
                0x20001340        0x2 objdir/udc.o
 .bss.udc_iface_setting.7418
                0x20001342        0x1 objdir/udc.o
 .bss.udi_vendor_alternate_setting
                0x20001343        0x1 objdir/udi_vendor.o
 .bss.udd_b_idle
                0x20001344        0x1 objdir/udphs_device.o
 .bss.udd_ep_control_state
                0x20001345        0x1 objdir/udphs_device.o
 .bss.udd_ctrl_prev_payload_buf_cnt
                0x20001346        0x2 objdir/udphs_device.o
 .bss.udd_ctrl_payload_buf_cnt
                0x20001348        0x2 objdir/udphs_device.o
 *fill*         0x2000134a        0x2 
 .bss.udd_ep_job
                0x2000134c       0x30 objdir/udphs_device.o
 .bss.b_shortpacket.8448
                0x2000137c        0x1 objdir/udphs_device.o
 *fill*         0x2000137d        0x3 
 .bss.ul_reg_val.7160
                0x20001380        0x4 objdir/usart.o
 .bss.ul_reg_val.7203
                0x20001384        0x4 objdir/usart.o
 .bss.__malloc_current_mallinfo
                0x20001388       0x28 c:/program files (x86)/gnu arm embedded toolchain/9 2020-q2-update/bin/../lib/gcc/arm-none-eabi/9.3.1/../../../../arm-none-eabi/lib/thumb/v7-m/nofp\libg.a(lib_a-mallocr.o)
                0x20001388                __malloc_current_mallinfo
 .bss.__malloc_max_sbrked_mem
                0x200013b0        0x4 c:/program files (x86)/gnu arm embedded toolchain/9 2020-q2-update/bin/../lib/gcc/arm-none-eabi/9.3.1/../../../../arm-none-eabi/lib/thumb/v7-m/nofp\libg.a(lib_a-mallocr.o)
                0x200013b0                __malloc_max_sbrked_mem
 .bss.__malloc_max_total_mem
                0x200013b4        0x4 c:/program files (x86)/gnu arm embedded toolchain/9 2020-q2-update/bin/../lib/gcc/arm-none-eabi/9.3.1/../../../../arm-none-eabi/lib/thumb/v7-m/nofp\libg.a(lib_a-mallocr.o)
                0x200013b4                __malloc_max_total_mem
 .bss.__malloc_top_pad
                0x200013b8        0x4 c:/program files (x86)/gnu arm embedded toolchain/9 2020-q2-update/bin/../lib/gcc/arm-none-eabi/9.3.1/../../../../arm-none-eabi/lib/thumb/v7-m/nofp\libg.a(lib_a-mallocr.o)
                0x200013b8                __malloc_top_pad
 *(COMMON)
 COMMON         0x200013bc      0x460 objdir/usart_driver.o
                0x200013bc                tx2buf
                0x20001448                rx0buf
                0x200014d4                rx3buf
                0x20001560                tx1buf
                0x200015ec                tx3buf
                0x20001678                rx2buf
                0x20001704                rx1buf
                0x20001790                tx0buf
 COMMON         0x2000181c        0x4 objdir/read.o
                0x2000181c                ptr_get
 COMMON         0x20001820        0x6 objdir/sleepmgr.o
                0x20001820                sleepmgr_locks
 *fill*         0x20001826        0x2 
 COMMON         0x20001828       0x18 objdir/udphs_device.o
                0x20001828                udd_g_ctrlreq
 COMMON         0x20001840        0x8 objdir/write.o
                0x20001840                ptr_put
                0x20001844                stdio_base
 COMMON         0x20001848       0x21 c:/program files (x86)/gnu arm embedded toolchain/9 2020-q2-update/bin/../lib/gcc/arm-none-eabi/9.3.1/../../../../arm-none-eabi/lib/thumb/v7-m/nofp\libg.a(lib_a-lock.o)
                0x20001848                __lock___atexit_recursive_mutex
                0x2000184c                __lock___arc4random_mutex
                0x20001850                __lock___env_recursive_mutex
                0x20001854                __lock___sinit_recursive_mutex
                0x20001858                __lock___malloc_recursive_mutex
                0x2000185c                __lock___at_quick_exit_mutex
                0x20001860                __lock___dd_hash_mutex
                0x20001864                __lock___tz_mutex
                0x20001868                __lock___sfp_recursive_mutex
 *fill*         0x20001869        0x3 
 COMMON         0x2000186c        0x4 c:/program files (x86)/gnu arm embedded toolchain/9 2020-q2-update/bin/../lib/gcc/arm-none-eabi/9.3.1/../../../../arm-none-eabi/lib/thumb/v7-m/nofp\libg.a(lib_a-reent.o)
                0x2000186c                errno
                0x20001870                . = ALIGN (0x4)
                0x20001870                _ebss = .
                0x20001870                _ezero = .

.stack          0x20080000      0x400
                0x20080000                . = ALIGN (0x8)
                0x20080000                _sstack = .
                0x20080400                . = (. + __stack_size__)
 *fill*         0x20080000      0x400 
                0x20080400                . = ALIGN (0x8)
                0x20080400                _estack = .
                0x20080400                . = ALIGN (0x4)
                0x20080400                _end = .
OUTPUT(phywhisperer-SAM3U1C.elf elf32-littlearm)
LOAD linker stubs

.ARM.attributes
                0x00000000       0x29
 .ARM.attributes
                0x00000000       0x1d c:/program files (x86)/gnu arm embedded toolchain/9 2020-q2-update/bin/../lib/gcc/arm-none-eabi/9.3.1/thumb/v7-m/nofp/crti.o
 .ARM.attributes
                0x0000001d       0x2d c:/program files (x86)/gnu arm embedded toolchain/9 2020-q2-update/bin/../lib/gcc/arm-none-eabi/9.3.1/thumb/v7-m/nofp/crtbegin.o
 .ARM.attributes
                0x0000004a       0x2d objdir/main.o
 .ARM.attributes
                0x00000077       0x2d objdir/usb.o
 .ARM.attributes
                0x000000a4       0x2d objdir/usb_xmem.o
 .ARM.attributes
                0x000000d1       0x2d objdir/fpga_program.o
 .ARM.attributes
                0x000000fe       0x2d objdir/usart_driver.o
 .ARM.attributes
                0x0000012b       0x2d objdir/circbuffer.o
 .ARM.attributes
                0x00000158       0x2d objdir/efc.o
 .ARM.attributes
                0x00000185       0x2d objdir/exceptions.o
 .ARM.attributes
                0x000001b2       0x2d objdir/flash_efc.o
 .ARM.attributes
                0x000001df       0x2d objdir/init.o
 .ARM.attributes
                0x0000020c       0x2d objdir/interrupt_sam_nvic.o
 .ARM.attributes
                0x00000239       0x2d objdir/pio.o
 .ARM.attributes
                0x00000266       0x2d objdir/pio_handler.o
 .ARM.attributes
                0x00000293       0x2d objdir/pmc.o
 .ARM.attributes
                0x000002c0       0x2d objdir/read.o
 .ARM.attributes
                0x000002ed       0x2d objdir/sleep.o
 .ARM.attributes
                0x0000031a       0x33 objdir/sleepmgr.o
 .ARM.attributes
                0x0000034d       0x2d objdir/smc.o
 .ARM.attributes
                0x0000037a       0x2d objdir/startup_sam3u.o
 .ARM.attributes
                0x000003a7       0x2d objdir/syscalls.o
 .ARM.attributes
                0x000003d4       0x2d objdir/sysclk.o
 .ARM.attributes
                0x00000401       0x2d objdir/system_sam3u.o
 .ARM.attributes
                0x0000042e       0x2d objdir/udc.o
 .ARM.attributes
                0x0000045b       0x2d objdir/udi_vendor.o
 .ARM.attributes
                0x00000488       0x33 objdir/udi_vendor_desc.o
 .ARM.attributes
                0x000004bb       0x2d objdir/udphs_device.o
 .ARM.attributes
                0x000004e8       0x2d objdir/usart.o
 .ARM.attributes
                0x00000515       0x2d objdir/write.o
 .ARM.attributes
                0x00000542       0x2d c:/program files (x86)/gnu arm embedded toolchain/9 2020-q2-update/bin/../lib/gcc/arm-none-eabi/9.3.1/../../../../arm-none-eabi/lib/thumb/v7-m/nofp\libg.a(lib_a-impure.o)
 .ARM.attributes
                0x0000056f       0x2d c:/program files (x86)/gnu arm embedded toolchain/9 2020-q2-update/bin/../lib/gcc/arm-none-eabi/9.3.1/../../../../arm-none-eabi/lib/thumb/v7-m/nofp\libg.a(lib_a-init.o)
 .ARM.attributes
                0x0000059c       0x2d c:/program files (x86)/gnu arm embedded toolchain/9 2020-q2-update/bin/../lib/gcc/arm-none-eabi/9.3.1/../../../../arm-none-eabi/lib/thumb/v7-m/nofp\libg.a(lib_a-iprintf.o)
 .ARM.attributes
                0x000005c9       0x1b c:/program files (x86)/gnu arm embedded toolchain/9 2020-q2-update/bin/../lib/gcc/arm-none-eabi/9.3.1/../../../../arm-none-eabi/lib/thumb/v7-m/nofp\libg.a(lib_a-memcpy.o)
 .ARM.attributes
                0x000005e4       0x2d c:/program files (x86)/gnu arm embedded toolchain/9 2020-q2-update/bin/../lib/gcc/arm-none-eabi/9.3.1/../../../../arm-none-eabi/lib/thumb/v7-m/nofp\libg.a(lib_a-memset.o)
 .ARM.attributes
                0x00000611       0x2d c:/program files (x86)/gnu arm embedded toolchain/9 2020-q2-update/bin/../lib/gcc/arm-none-eabi/9.3.1/../../../../arm-none-eabi/lib/thumb/v7-m/nofp\libg.a(lib_a-sprintf.o)
 .ARM.attributes
                0x0000063e       0x2d c:/program files (x86)/gnu arm embedded toolchain/9 2020-q2-update/bin/../lib/gcc/arm-none-eabi/9.3.1/../../../../arm-none-eabi/lib/thumb/v7-m/nofp\libg.a(lib_a-svfprintf.o)
 .ARM.attributes
                0x0000066b       0x2d c:/program files (x86)/gnu arm embedded toolchain/9 2020-q2-update/bin/../lib/gcc/arm-none-eabi/9.3.1/../../../../arm-none-eabi/lib/thumb/v7-m/nofp\libg.a(lib_a-vfiprintf.o)
 .ARM.attributes
                0x00000698       0x2d c:/program files (x86)/gnu arm embedded toolchain/9 2020-q2-update/bin/../lib/gcc/arm-none-eabi/9.3.1/../../../../arm-none-eabi/lib/thumb/v7-m/nofp\libg.a(lib_a-wsetup.o)
 .ARM.attributes
                0x000006c5       0x2d c:/program files (x86)/gnu arm embedded toolchain/9 2020-q2-update/bin/../lib/gcc/arm-none-eabi/9.3.1/../../../../arm-none-eabi/lib/thumb/v7-m/nofp\libg.a(lib_a-__call_atexit.o)
 .ARM.attributes
                0x000006f2       0x2d c:/program files (x86)/gnu arm embedded toolchain/9 2020-q2-update/bin/../lib/gcc/arm-none-eabi/9.3.1/../../../../arm-none-eabi/lib/thumb/v7-m/nofp\libg.a(lib_a-atexit.o)
 .ARM.attributes
                0x0000071f       0x2d c:/program files (x86)/gnu arm embedded toolchain/9 2020-q2-update/bin/../lib/gcc/arm-none-eabi/9.3.1/../../../../arm-none-eabi/lib/thumb/v7-m/nofp\libg.a(lib_a-dtoa.o)
 .ARM.attributes
                0x0000074c       0x2d c:/program files (x86)/gnu arm embedded toolchain/9 2020-q2-update/bin/../lib/gcc/arm-none-eabi/9.3.1/../../../../arm-none-eabi/lib/thumb/v7-m/nofp\libg.a(lib_a-fflush.o)
 .ARM.attributes
                0x00000779       0x2d c:/program files (x86)/gnu arm embedded toolchain/9 2020-q2-update/bin/../lib/gcc/arm-none-eabi/9.3.1/../../../../arm-none-eabi/lib/thumb/v7-m/nofp\libg.a(lib_a-findfp.o)
 .ARM.attributes
                0x000007a6       0x2d c:/program files (x86)/gnu arm embedded toolchain/9 2020-q2-update/bin/../lib/gcc/arm-none-eabi/9.3.1/../../../../arm-none-eabi/lib/thumb/v7-m/nofp\libg.a(lib_a-fini.o)
 .ARM.attributes
                0x000007d3       0x2d c:/program files (x86)/gnu arm embedded toolchain/9 2020-q2-update/bin/../lib/gcc/arm-none-eabi/9.3.1/../../../../arm-none-eabi/lib/thumb/v7-m/nofp\libg.a(lib_a-fputwc.o)
 .ARM.attributes
                0x00000800       0x2d c:/program files (x86)/gnu arm embedded toolchain/9 2020-q2-update/bin/../lib/gcc/arm-none-eabi/9.3.1/../../../../arm-none-eabi/lib/thumb/v7-m/nofp\libg.a(lib_a-freer.o)
 .ARM.attributes
                0x0000082d       0x2d c:/program files (x86)/gnu arm embedded toolchain/9 2020-q2-update/bin/../lib/gcc/arm-none-eabi/9.3.1/../../../../arm-none-eabi/lib/thumb/v7-m/nofp\libg.a(lib_a-fvwrite.o)
 .ARM.attributes
                0x0000085a       0x2d c:/program files (x86)/gnu arm embedded toolchain/9 2020-q2-update/bin/../lib/gcc/arm-none-eabi/9.3.1/../../../../arm-none-eabi/lib/thumb/v7-m/nofp\libg.a(lib_a-fwalk.o)
 .ARM.attributes
                0x00000887       0x2d c:/program files (x86)/gnu arm embedded toolchain/9 2020-q2-update/bin/../lib/gcc/arm-none-eabi/9.3.1/../../../../arm-none-eabi/lib/thumb/v7-m/nofp\libg.a(lib_a-locale.o)
 .ARM.attributes
                0x000008b4       0x2d c:/program files (x86)/gnu arm embedded toolchain/9 2020-q2-update/bin/../lib/gcc/arm-none-eabi/9.3.1/../../../../arm-none-eabi/lib/thumb/v7-m/nofp\libg.a(lib_a-localeconv.o)
 .ARM.attributes
                0x000008e1       0x2d c:/program files (x86)/gnu arm embedded toolchain/9 2020-q2-update/bin/../lib/gcc/arm-none-eabi/9.3.1/../../../../arm-none-eabi/lib/thumb/v7-m/nofp\libg.a(lib_a-lock.o)
 .ARM.attributes
                0x0000090e       0x2d c:/program files (x86)/gnu arm embedded toolchain/9 2020-q2-update/bin/../lib/gcc/arm-none-eabi/9.3.1/../../../../arm-none-eabi/lib/thumb/v7-m/nofp\libg.a(lib_a-makebuf.o)
 .ARM.attributes
                0x0000093b       0x2d c:/program files (x86)/gnu arm embedded toolchain/9 2020-q2-update/bin/../lib/gcc/arm-none-eabi/9.3.1/../../../../arm-none-eabi/lib/thumb/v7-m/nofp\libg.a(lib_a-mallocr.o)
 .ARM.attributes
                0x00000968       0x2d c:/program files (x86)/gnu arm embedded toolchain/9 2020-q2-update/bin/../lib/gcc/arm-none-eabi/9.3.1/../../../../arm-none-eabi/lib/thumb/v7-m/nofp\libg.a(lib_a-mbtowc_r.o)
 .ARM.attributes
                0x00000995       0x2d c:/program files (x86)/gnu arm embedded toolchain/9 2020-q2-update/bin/../lib/gcc/arm-none-eabi/9.3.1/../../../../arm-none-eabi/lib/thumb/v7-m/nofp\libg.a(lib_a-memchr-stub.o)
 .ARM.attributes
                0x000009c2       0x2d c:/program files (x86)/gnu arm embedded toolchain/9 2020-q2-update/bin/../lib/gcc/arm-none-eabi/9.3.1/../../../../arm-none-eabi/lib/thumb/v7-m/nofp\libg.a(lib_a-memmove.o)
 .ARM.attributes
                0x000009ef       0x2d c:/program files (x86)/gnu arm embedded toolchain/9 2020-q2-update/bin/../lib/gcc/arm-none-eabi/9.3.1/../../../../arm-none-eabi/lib/thumb/v7-m/nofp\libg.a(lib_a-mlock.o)
 .ARM.attributes
                0x00000a1c       0x2d c:/program files (x86)/gnu arm embedded toolchain/9 2020-q2-update/bin/../lib/gcc/arm-none-eabi/9.3.1/../../../../arm-none-eabi/lib/thumb/v7-m/nofp\libg.a(lib_a-mprec.o)
 .ARM.attributes
                0x00000a49       0x2d c:/program files (x86)/gnu arm embedded toolchain/9 2020-q2-update/bin/../lib/gcc/arm-none-eabi/9.3.1/../../../../arm-none-eabi/lib/thumb/v7-m/nofp\libg.a(lib_a-reallocr.o)
 .ARM.attributes
                0x00000a76       0x2d c:/program files (x86)/gnu arm embedded toolchain/9 2020-q2-update/bin/../lib/gcc/arm-none-eabi/9.3.1/../../../../arm-none-eabi/lib/thumb/v7-m/nofp\libg.a(lib_a-s_frexp.o)
 .ARM.attributes
                0x00000aa3       0x2d c:/program files (x86)/gnu arm embedded toolchain/9 2020-q2-update/bin/../lib/gcc/arm-none-eabi/9.3.1/../../../../arm-none-eabi/lib/thumb/v7-m/nofp\libg.a(lib_a-sbrkr.o)
 .ARM.attributes
                0x00000ad0       0x2d c:/program files (x86)/gnu arm embedded toolchain/9 2020-q2-update/bin/../lib/gcc/arm-none-eabi/9.3.1/../../../../arm-none-eabi/lib/thumb/v7-m/nofp\libg.a(lib_a-stdio.o)
 .ARM.attributes
                0x00000afd       0x2d c:/program files (x86)/gnu arm embedded toolchain/9 2020-q2-update/bin/../lib/gcc/arm-none-eabi/9.3.1/../../../../arm-none-eabi/lib/thumb/v7-m/nofp\libg.a(lib_a-strlen-stub.o)
 .ARM.attributes
                0x00000b2a       0x2d c:/program files (x86)/gnu arm embedded toolchain/9 2020-q2-update/bin/../lib/gcc/arm-none-eabi/9.3.1/../../../../arm-none-eabi/lib/thumb/v7-m/nofp\libg.a(lib_a-strncpy.o)
 .ARM.attributes
                0x00000b57       0x2d c:/program files (x86)/gnu arm embedded toolchain/9 2020-q2-update/bin/../lib/gcc/arm-none-eabi/9.3.1/../../../../arm-none-eabi/lib/thumb/v7-m/nofp\libg.a(lib_a-svfiprintf.o)
 .ARM.attributes
                0x00000b84       0x2d c:/program files (x86)/gnu arm embedded toolchain/9 2020-q2-update/bin/../lib/gcc/arm-none-eabi/9.3.1/../../../../arm-none-eabi/lib/thumb/v7-m/nofp\libg.a(lib_a-wbuf.o)
 .ARM.attributes
                0x00000bb1       0x2d c:/program files (x86)/gnu arm embedded toolchain/9 2020-q2-update/bin/../lib/gcc/arm-none-eabi/9.3.1/../../../../arm-none-eabi/lib/thumb/v7-m/nofp\libg.a(lib_a-wcrtomb.o)
 .ARM.attributes
                0x00000bde       0x2d c:/program files (x86)/gnu arm embedded toolchain/9 2020-q2-update/bin/../lib/gcc/arm-none-eabi/9.3.1/../../../../arm-none-eabi/lib/thumb/v7-m/nofp\libg.a(lib_a-wctomb_r.o)
 .ARM.attributes
                0x00000c0b       0x2d c:/program files (x86)/gnu arm embedded toolchain/9 2020-q2-update/bin/../lib/gcc/arm-none-eabi/9.3.1/../../../../arm-none-eabi/lib/thumb/v7-m/nofp\libg.a(lib_a-writer.o)
 .ARM.attributes
                0x00000c38       0x2d c:/program files (x86)/gnu arm embedded toolchain/9 2020-q2-update/bin/../lib/gcc/arm-none-eabi/9.3.1/../../../../arm-none-eabi/lib/thumb/v7-m/nofp\libg.a(lib_a-__atexit.o)
 .ARM.attributes
                0x00000c65       0x2d c:/program files (x86)/gnu arm embedded toolchain/9 2020-q2-update/bin/../lib/gcc/arm-none-eabi/9.3.1/../../../../arm-none-eabi/lib/thumb/v7-m/nofp\libg.a(lib_a-assert.o)
 .ARM.attributes