Archive member included to satisfy reference by file (symbol)

c:/program files (x86)/gnu arm embedded toolchain/9 2020-q2-update/bin/../lib/gcc/arm-none-eabi/9.3.1/thumb/v7-m/nofp\libgcc.a(_aeabi_uldivmod.o)
                              objdir/ISPProtocol.o (__aeabi_uldivmod)
c:/program files (x86)/gnu arm embedded toolchain/9 2020-q2-update/bin/../lib/gcc/arm-none-eabi/9.3.1/thumb/v7-m/nofp\libgcc.a(_udivmoddi4.o)
                              c:/program files (x86)/gnu arm embedded toolchain/9 2020-q2-update/bin/../lib/gcc/arm-none-eabi/9.3.1/thumb/v7-m/nofp\libgcc.a(_aeabi_uldivmod.o) (__udivmoddi4)
c:/program files (x86)/gnu arm embedded toolchain/9 2020-q2-update/bin/../lib/gcc/arm-none-eabi/9.3.1/thumb/v7-m/nofp\libgcc.a(_dvmd_tls.o)
                              c:/program files (x86)/gnu arm embedded toolchain/9 2020-q2-update/bin/../lib/gcc/arm-none-eabi/9.3.1/thumb/v7-m/nofp\libgcc.a(_aeabi_uldivmod.o) (__aeabi_ldiv0)
c:/program files (x86)/gnu arm embedded toolchain/9 2020-q2-update/bin/../lib/gcc/arm-none-eabi/9.3.1/../../../../arm-none-eabi/lib/thumb/v7-m/nofp\libg.a(lib_a-exit.o)
                              c:/program files (x86)/gnu arm embedded toolchain/9 2020-q2-update/bin/../lib/gcc/arm-none-eabi/9.3.1/../../../../arm-none-eabi/lib/thumb/v7-m/nofp/crt0.o (exit)
c:/program files (x86)/gnu arm embedded toolchain/9 2020-q2-update/bin/../lib/gcc/arm-none-eabi/9.3.1/../../../../arm-none-eabi/lib/thumb/v7-m/nofp\libg.a(lib_a-impure.o)
                              c:/program files (x86)/gnu arm embedded toolchain/9 2020-q2-update/bin/../lib/gcc/arm-none-eabi/9.3.1/../../../../arm-none-eabi/lib/thumb/v7-m/nofp\libg.a(lib_a-exit.o) (_global_impure_ptr)
c:/program files (x86)/gnu arm embedded toolchain/9 2020-q2-update/bin/../lib/gcc/arm-none-eabi/9.3.1/../../../../arm-none-eabi/lib/thumb/v7-m/nofp\libg.a(lib_a-init.o)
                              c:/program files (x86)/gnu arm embedded toolchain/9 2020-q2-update/bin/../lib/gcc/arm-none-eabi/9.3.1/../../../../arm-none-eabi/lib/thumb/v7-m/nofp/crt0.o (__libc_init_array)
c:/program files (x86)/gnu arm embedded toolchain/9 2020-q2-update/bin/../lib/gcc/arm-none-eabi/9.3.1/../../../../arm-none-eabi/lib/thumb/v7-m/nofp\libg.a(lib_a-iprintf.o)
                              objdir/usart_driver.o (iprintf)
c:/program files (x86)/gnu arm embedded toolchain/9 2020-q2-update/bin/../lib/gcc/arm-none-eabi/9.3.1/../../../../arm-none-eabi/lib/thumb/v7-m/nofp\libg.a(lib_a-memcpy.o)
                              objdir/V2Protocol.o (memcpy)
c:/program files (x86)/gnu arm embedded toolchain/9 2020-q2-update/bin/../lib/gcc/arm-none-eabi/9.3.1/../../../../arm-none-eabi/lib/thumb/v7-m/nofp\libg.a(lib_a-memset.o)
                              c:/program files (x86)/gnu arm embedded toolchain/9 2020-q2-update/bin/../lib/gcc/arm-none-eabi/9.3.1/../../../../arm-none-eabi/lib/thumb/v7-m/nofp/crt0.o (memset)
c:/program files (x86)/gnu arm embedded toolchain/9 2020-q2-update/bin/../lib/gcc/arm-none-eabi/9.3.1/../../../../arm-none-eabi/lib/thumb/v7-m/nofp\libg.a(lib_a-sprintf.o)
                              objdir/main.o (sprintf)
c:/program files (x86)/gnu arm embedded toolchain/9 2020-q2-update/bin/../lib/gcc/arm-none-eabi/9.3.1/../../../../arm-none-eabi/lib/thumb/v7-m/nofp\libg.a(lib_a-svfprintf.o)
                              c:/program files (x86)/gnu arm embedded toolchain/9 2020-q2-update/bin/../lib/gcc/arm-none-eabi/9.3.1/../../../../arm-none-eabi/lib/thumb/v7-m/nofp\libg.a(lib_a-sprintf.o) (_svfprintf_r)
c:/program files (x86)/gnu arm embedded toolchain/9 2020-q2-update/bin/../lib/gcc/arm-none-eabi/9.3.1/../../../../arm-none-eabi/lib/thumb/v7-m/nofp\libg.a(lib_a-vfiprintf.o)
                              c:/program files (x86)/gnu arm embedded toolchain/9 2020-q2-update/bin/../lib/gcc/arm-none-eabi/9.3.1/../../../../arm-none-eabi/lib/thumb/v7-m/nofp\libg.a(lib_a-iprintf.o) (_vfiprintf_r)
c:/program files (x86)/gnu arm embedded toolchain/9 2020-q2-update/bin/../lib/gcc/arm-none-eabi/9.3.1/../../../../arm-none-eabi/lib/thumb/v7-m/nofp\libg.a(lib_a-wsetup.o)
                              c:/program files (x86)/gnu arm embedded toolchain/9 2020-q2-update/bin/../lib/gcc/arm-none-eabi/9.3.1/../../../../arm-none-eabi/lib/thumb/v7-m/nofp\libg.a(lib_a-vfiprintf.o) (__swsetup_r)
c:/program files (x86)/gnu arm embedded toolchain/9 2020-q2-update/bin/../lib/gcc/arm-none-eabi/9.3.1/../../../../arm-none-eabi/lib/thumb/v7-m/nofp\libg.a(lib_a-__call_atexit.o)
                              c:/program files (x86)/gnu arm embedded toolchain/9 2020-q2-update/bin/../lib/gcc/arm-none-eabi/9.3.1/../../../../arm-none-eabi/lib/thumb/v7-m/nofp\libg.a(lib_a-exit.o) (__call_exitprocs)
c:/program files (x86)/gnu arm embedded toolchain/9 2020-q2-update/bin/../lib/gcc/arm-none-eabi/9.3.1/../../../../arm-none-eabi/lib/thumb/v7-m/nofp\libg.a(lib_a-atexit.o)
[...]
Memory Configuration

Name             Origin             Length             Attributes
flash0           0x00080000         0x00020000         w !xr
flash1           0x00100000         0x00020000         w !xr
sram0            0x20000000         0x00008000         w !xr
sram1            0x20080000         0x00004000         w !xr
rom              0x000e0000         0x00040000         xr
ram              0x20078000         0x0000c000         xrw
*default*        0x00000000         0xffffffff

Linker script and memory map

LOAD c:/program files (x86)/gnu arm embedded toolchain/9 2020-q2-update/bin/../lib/gcc/arm-none-eabi/9.3.1/thumb/v7-m/nofp/crti.o
LOAD c:/program files (x86)/gnu arm embedded toolchain/9 2020-q2-update/bin/../lib/gcc/arm-none-eabi/9.3.1/thumb/v7-m/nofp/crtbegin.o
LOAD c:/program files (x86)/gnu arm embedded toolchain/9 2020-q2-update/bin/../lib/gcc/arm-none-eabi/9.3.1/../../../../arm-none-eabi/lib/thumb/v7-m/nofp/crt0.o
LOAD objdir/main.o
LOAD objdir/usb.o
LOAD objdir/usb_xmem.o
LOAD objdir/fpga_program.o
LOAD objdir/usart_driver.o
LOAD objdir/V2Protocol.o
LOAD objdir/V2ProtocolParams.o
LOAD objdir/XMEGANVM.o
LOAD objdir/XPROGNewAE.o
LOAD objdir/XPROGTarget.o
LOAD objdir/ISPProtocol.o
LOAD objdir/ISPTarget.o
LOAD objdir/chipid.o
LOAD objdir/circbuffer.o
LOAD objdir/cycle_counter.o
LOAD objdir/efc.o
LOAD objdir/exceptions.o
LOAD objdir/flash_efc.o
LOAD objdir/init.o
LOAD objdir/interrupt_sam_nvic.o
LOAD objdir/led.o
LOAD objdir/pio.o
LOAD objdir/pio_handler.o
LOAD objdir/pmc.o
LOAD objdir/read.o
LOAD objdir/sleep.o
LOAD objdir/sleepmgr.o
LOAD objdir/smc.o
LOAD objdir/spi.o
LOAD objdir/startup_sam3u.o
LOAD objdir/syscalls.o
LOAD objdir/sysclk.o
LOAD objdir/system_sam3u.o
LOAD objdir/tc.o
LOAD objdir/twi.o
LOAD objdir/uart.o
LOAD objdir/udc.o
LOAD objdir/udi_vendor.o
LOAD objdir/udi_vendor_desc.o
LOAD objdir/udphs_device.o
LOAD objdir/ui_cw305.o
LOAD objdir/usart.o
LOAD objdir/usart_serial.o
LOAD objdir/write.o
START GROUP
LOAD c:/program files (x86)/gnu arm embedded toolchain/9 2020-q2-update/bin/../lib/gcc/arm-none-eabi/9.3.1/../../../../arm-none-eabi/lib/thumb/v7-m/nofp\libm.a
END GROUP
LOAD c:/program files (x86)/gnu arm embedded toolchain/9 2020-q2-update/bin/../lib/gcc/arm-none-eabi/9.3.1/../../../../arm-none-eabi/lib/thumb/v7-m/nofp\libm.a
START GROUP
LOAD c:/program files (x86)/gnu arm embedded toolchain/9 2020-q2-update/bin/../lib/gcc/arm-none-eabi/9.3.1/thumb/v7-m/nofp\libgcc.a
LOAD c:/program files (x86)/gnu arm embedded toolchain/9 2020-q2-update/bin/../lib/gcc/arm-none-eabi/9.3.1/../../../../arm-none-eabi/lib/thumb/v7-m/nofp\libg.a
LOAD c:/program files (x86)/gnu arm embedded toolchain/9 2020-q2-update/bin/../lib/gcc/arm-none-eabi/9.3.1/../../../../arm-none-eabi/lib/thumb/v7-m/nofp\libc.a
END GROUP
LOAD c:/program files (x86)/gnu arm embedded toolchain/9 2020-q2-update/bin/../lib/gcc/arm-none-eabi/9.3.1/thumb/v7-m/nofp/crtend.o
LOAD c:/program files (x86)/gnu arm embedded toolchain/9 2020-q2-update/bin/../lib/gcc/arm-none-eabi/9.3.1/thumb/v7-m/nofp/crtn.o
                0x00004000                __stack_size__ = DEFINED (__stack_size__)?__stack_size__:0x4000
                0x20083ffc                __ram_end__ = ((ORIGIN (ram) + LENGTH (ram)) - 0x4)

.text           0x00080000     0xd8fc
                0x00080000                . = ALIGN (0x4)
                0x00080000                _sfixed = .
 *(.vectors .vectors.*)
 .vectors       0x00080000       0xbc objdir/startup_sam3u.o
                0x00080000                exception_table
 *(.text .text.* .gnu.linkonce.t.*)
 .text          0x000800bc       0x40 c:/program files (x86)/gnu arm embedded toolchain/9 2020-q2-update/bin/../lib/gcc/arm-none-eabi/9.3.1/thumb/v7-m/nofp/crtbegin.o
 .text.osc_enable
                0x000800fc       0x84 objdir/main.o
 .text.osc_is_ready
                0x00080180       0x84 objdir/main.o
 .text.osc_get_rate
                0x00080204       0x70 objdir/main.o
 .text.osc_wait_ready
                0x00080274       0x30 objdir/main.o
 .text.pll_config_init
                0x000802a4       0x6c objdir/main.o
 .text.pll_enable
                0x00080310       0x40 objdir/main.o
 .text.pll_is_locked
                0x00080350       0x2c objdir/main.o
 .text.pll_enable_source
                0x0008037c       0x38 objdir/main.o
 .text.pll_enable_config_defaults
                0x000803b4       0xac objdir/main.o
 .text.ioport_set_pin_mode
                0x00080460       0xdc objdir/main.o
 .text.sleepmgr_sleep
                0x0008053c       0x34 objdir/main.o
 .text.sleepmgr_init
                0x00080570       0x34 objdir/main.o
 .text.sleepmgr_get_sleep_mode
                0x000805a4       0x34 objdir/main.o
 .text.sleepmgr_enter_sleep
                0x000805d8       0x40 objdir/main.o
 .text.genclk_config_defaults
                0x00080618       0x1a objdir/main.o
 *fill*         0x00080632        0x2 
 .text.genclk_config_set_source
                0x00080634       0x9c objdir/main.o
 .text.genclk_config_set_divider
                0x000806d0       0x2c objdir/main.o
 .text.genclk_enable
                0x000806fc       0x30 objdir/main.o
 .text.genclk_enable_source
                0x0008072c      0x190 objdir/main.o
 .text.phywhisperer_setup_pins
                0x000808bc      0x12c objdir/main.o
                0x000808bc                phywhisperer_setup_pins
 .text.genclk_enable_config
                0x000809e8       0x64 objdir/main.o
 .text.main     0x00080a4c       0xb4 objdir/main.o
                0x00080a4c                main
 .text.osc_enable
                0x00080b00       0x84 objdir/usb.o
 .text.osc_is_ready
                0x00080b84       0x84 objdir/usb.o
 .text.osc_wait_ready
                0x00080c08       0x30 objdir/usb.o
 .text.udc_detach
                0x00080c38       0x10 objdir/usb.o
 .text.main_suspend_action
                0x00080c48        0xc objdir/usb.o
                0x00080c48                main_suspend_action
 .text.main_resume_action
                0x00080c54        0xc objdir/usb.o
                0x00080c54                main_resume_action
 .text.main_sof_action
                0x00080c60       0x1c objdir/usb.o
                0x00080c60                main_sof_action
 .text.main_vendor_enable
                0x00080c7c       0x2c objdir/usb.o
                0x00080c7c                main_vendor_enable
 .text.main_vendor_disable
                0x00080ca8       0x18 objdir/usb.o
                0x00080ca8                main_vendor_disable
 .text.ctrl_readmem_bulk
                0x00080cc0       0x5c objdir/usb.o
                0x00080cc0                ctrl_readmem_bulk
 .text.ctrl_readmem_ctrl
                0x00080d1c       0x5c objdir/usb.o
                0x00080d1c                ctrl_readmem_ctrl
 .text.ctrl_writemem_ctrl
                0x00080d78       0x78 objdir/usb.o
                0x00080d78                ctrl_writemem_ctrl
 .text.ctrl_writemem_bulk
                0x00080df0       0x40 objdir/usb.o
                0x00080df0                ctrl_writemem_bulk
 .text.ctrl_sam3ucfg_cb
                0x00080e30       0x90 objdir/usb.o
 .text.ctrl_progfpga_bulk
                0x00080ec0       0x4c objdir/usb.o
                0x00080ec0                ctrl_progfpga_bulk
 .text.ctrl_fpga_reset
                0x00080f0c       0x1c objdir/usb.o
                0x00080f0c                ctrl_fpga_reset
 .text.ctrl_usart_cb
                0x00080f28       0x18 objdir/usb.o
 .text.ctrl_usart_cb_data
                0x00080f40       0x54 objdir/usb.o
 .text.main_setup_out_received
                0x00080f94      0x160 objdir/usb.o
                0x00080f94                main_setup_out_received
 .text.main_setup_in_received
                0x000810f4      0x150 objdir/usb.o
                0x000810f4                main_setup_in_received
 .text.main_vendor_bulk_in_received
                0x00081244       0x38 objdir/usb.o
                0x00081244                main_vendor_bulk_in_received
 .text.main_vendor_bulk_out_received
                0x0008127c       0xc0 objdir/usb.o
                0x0008127c                main_vendor_bulk_out_received
 .text.FPGA_setlock
                0x0008133c       0x40 objdir/usb_xmem.o
                0x0008133c                FPGA_setlock
 .text.FPGA_releaselock
                0x0008137c       0x18 objdir/usb_xmem.o
                0x0008137c                FPGA_releaselock
 .text.FPGA_lockstatus
                0x00081394       0x18 objdir/usb_xmem.o
                0x00081394                FPGA_lockstatus
 .text.FPGA_setaddr
                0x000813ac       0x48 objdir/usb_xmem.o
                0x000813ac                FPGA_setaddr
 .text.osc_get_rate
                0x000813f4       0x70 objdir/fpga_program.o
 .text.sysclk_get_main_hz
                0x00081464       0x18 objdir/fpga_program.o
 .text.sysclk_get_cpu_hz
                0x0008147c       0x14 objdir/fpga_program.o
 .text.sysclk_enable_peripheral_clock
                0x00081490       0x1c objdir/fpga_program.o
 .text.fpga_program_init
                0x000814ac       0x20 objdir/fpga_program.o
                0x000814ac                fpga_program_init
 .text.fpga_program_setup1
                0x000814cc       0x80 objdir/fpga_program.o
                0x000814cc                fpga_program_setup1
 .text.fpga_program_setup2
                0x0008154c       0x14 objdir/fpga_program.o
                0x0008154c                fpga_program_setup2
 .text.fpga_program_sendbyte
                0x00081560       0x24 objdir/fpga_program.o
                0x00081560                fpga_program_sendbyte
 .text.NVIC_EnableIRQ
                0x00081584       0x30 objdir/usart_driver.o
 .text.NVIC_ClearPendingIRQ
                0x000815b4       0x34 objdir/usart_driver.o
 .text.NVIC_SetPriority
                0x000815e8       0x54 objdir/usart_driver.o
 .text.osc_get_rate
                0x0008163c       0x70 objdir/usart_driver.o
 .text.sysclk_get_main_hz
                0x000816ac       0x18 objdir/usart_driver.o
 .text.sysclk_get_cpu_hz
                0x000816c4       0x14 objdir/usart_driver.o
 .text.sysclk_enable_peripheral_clock
                0x000816d8       0x1c objdir/usart_driver.o
 .text.usart0_enableIO
                0x000816f4       0x20 objdir/usart_driver.o
 .text.ctrl_usart
                0x00081714      0x3e8 objdir/usart_driver.o
                0x00081714                ctrl_usart
 .text.usart_driver_putchar
                0x00081afc       0xa8 objdir/usart_driver.o
                0x00081afc                usart_driver_putchar
 .text.usart_driver_getchar
                0x00081ba4       0x6c objdir/usart_driver.o
                0x00081ba4                usart_driver_getchar
 .text.generic_isr
                0x00081c10       0x88 objdir/usart_driver.o
                0x00081c10                generic_isr
 .text.USART0_Handler
                0x00081c98       0x24 objdir/usart_driver.o
                0x00081c98                USART0_Handler
 .text.USART1_Handler
                0x00081cbc       0x24 objdir/usart_driver.o
                0x00081cbc                USART1_Handler
 .text.USART2_Handler
                0x00081ce0       0x24 objdir/usart_driver.o
                0x00081ce0                USART2_Handler
 .text.init_circ_buf
                0x00081d04       0x22 objdir/circbuffer.o
                0x00081d04                init_circ_buf
 .text.add_to_circ_buf
                0x00081d26       0x64 objdir/circbuffer.o
                0x00081d26                add_to_circ_buf
 .text.get_from_circ_buf
                0x00081d8a       0x4a objdir/circbuffer.o
                0x00081d8a                get_from_circ_buf
 .text.circ_buf_has_char
                0x00081dd4       0x28 objdir/circbuffer.o
                0x00081dd4                circ_buf_has_char
 .text.circ_buf_count
                0x00081dfc       0x30 objdir/circbuffer.o
                0x00081dfc                circ_buf_count
 .text.cpu_irq_save
                0x00081e2c       0x3c objdir/efc.o
 .text.cpu_irq_is_enabled_flags
                0x00081e68       0x1e objdir/efc.o
 *fill*         0x00081e86        0x2 
 .text.cpu_irq_restore
                0x00081e88       0x34 objdir/efc.o
 .text.efc_perform_command
                0x00081ebc       0x60 objdir/efc.o
                0x00081ebc                efc_perform_command
 .text.Dummy_Handler
                0x00081f1c        0x6 objdir/exceptions.o
                0x00081f1c                DebugMon_Handler
                0x00081f1c                DMAC_Handler
                0x00081f1c                HardFault_Handler
                0x00081f1c                TC2_Handler
                0x00081f1c                SPI_Handler
                0x00081f1c                SysTick_Handler
                0x00081f1c                TWI1_Handler
                0x00081f1c                PendSV_Handler
                0x00081f1c                NMI_Handler
                0x00081f1c                ADC_Handler
                0x00081f1c                SMC_Handler
                0x00081f1c                RTT_Handler
                0x00081f1c                EFC1_Handler
                0x00081f1c                ADC12B_Handler
                0x00081f1c                RTC_Handler
                0x00081f1c                UsageFault_Handler
                0x00081f1c                WDT_Handler
                0x00081f1c                TC1_Handler
                0x00081f1c                HSMCI_Handler
                0x00081f1c                Dummy_Handler
                0x00081f1c                TWI0_Handler
                0x00081f1c                SSC_Handler
                0x00081f1c                EFC0_Handler
                0x00081f1c                PMC_Handler
                0x00081f1c                PWM_Handler
                0x00081f1c                MemManage_Handler
                0x00081f1c                SUPC_Handler
                0x00081f1c                SVC_Handler
                0x00081f1c                UART_Handler
                0x00081f1c                BusFault_Handler
                0x00081f1c                RSTC_Handler
                0x00081f1c                TC0_Handler
 *fill*         0x00081f22        0x2 
 .text.flash_read_unique_id
                0x00081f24       0x70 objdir/flash_efc.o
                0x00081f24                flash_read_unique_id
 .text.sysclk_enable_peripheral_clock
                0x00081f94       0x1c objdir/init.o
 .text.ioport_init
                0x00081fb0       0x1c objdir/init.o
 .text.iopins_normal
                0x00081fcc       0x4c objdir/init.o
                0x00081fcc                iopins_normal
 .text.board_init
                0x00082018       0x24 objdir/init.o
                0x00082018                board_init
 .text.cpu_irq_enter_critical
                0x0008203c       0x58 objdir/interrupt_sam_nvic.o
                0x0008203c                cpu_irq_enter_critical
 .text.cpu_irq_leave_critical
                0x00082094       0x44 objdir/interrupt_sam_nvic.o
                0x00082094                cpu_irq_leave_critical
 .text.pio_pull_up
                0x000820d8       0x2a objdir/pio.o
                0x000820d8                pio_pull_up
 .text.pio_set_peripheral
                0x00082102       0x9e objdir/pio.o
                0x00082102                pio_set_peripheral
 .text.pio_set_input
                0x000821a0       0x80 objdir/pio.o
                0x000821a0                pio_set_input
 .text.pio_set_output
                0x00082220       0x64 objdir/pio.o
                0x00082220                pio_set_output
 .text.pio_enable_output_write
                0x00082284       0x1c objdir/pio.o
                0x00082284                pio_enable_output_write
 .text.pio_disable_interrupt
                0x000822a0       0x1a objdir/pio.o
                0x000822a0                pio_disable_interrupt
 .text.pio_get_interrupt_status
                0x000822ba       0x16 objdir/pio.o
                0x000822ba                pio_get_interrupt_status
 .text.pio_get_interrupt_mask
                0x000822d0       0x16 objdir/pio.o
                0x000822d0                pio_get_interrupt_mask
 *fill*         0x000822e6        0x2 
 .text.pio_get_pin_value
                0x000822e8       0x30 objdir/pio.o
                0x000822e8                pio_get_pin_value
 .text.pio_set_pin_high
                0x00082318       0x30 objdir/pio.o
                0x00082318                pio_set_pin_high
 .text.pio_set_pin_low
                0x00082348       0x30 objdir/pio.o
                0x00082348                pio_set_pin_low
 .text.pio_configure_pin
                0x00082378      0x130 objdir/pio.o
                0x00082378                pio_configure_pin
 .text.pio_configure_pin_group
                0x000824a8       0xdc objdir/pio.o
                0x000824a8                pio_configure_pin_group
 .text.pio_get_pin_group
                0x00082584       0x24 objdir/pio.o
                0x00082584                pio_get_pin_group
 .text.pio_handler_process
                0x000825a8       0xb4 objdir/pio_handler.o
                0x000825a8                pio_handler_process
 .text.PIOA_Handler
                0x0008265c       0x18 objdir/pio_handler.o
                0x0008265c                PIOA_Handler
 .text.PIOB_Handler
                0x00082674       0x18 objdir/pio_handler.o
                0x00082674                PIOB_Handler
 .text.pmc_switch_mck_to_mainck
                0x0008268c       0x80 objdir/pmc.o
                0x0008268c                pmc_switch_mck_to_mainck
 .text.pmc_switch_mck_to_pllack
                0x0008270c       0x80 objdir/pmc.o
                0x0008270c                pmc_switch_mck_to_pllack
 .text.pmc_switch_sclk_to_32kxtal
                0x0008278c       0x38 objdir/pmc.o
                0x0008278c                pmc_switch_sclk_to_32kxtal
 .text.pmc_osc_is_ready_32kxtal
                0x000827c4       0x34 objdir/pmc.o
                0x000827c4                pmc_osc_is_ready_32kxtal
 .text.pmc_osc_enable_fastrc
                0x000827f8       0x5c objdir/pmc.o
                0x000827f8                pmc_osc_enable_fastrc
 .text.pmc_osc_is_ready_fastrc
                0x00082854       0x18 objdir/pmc.o
                0x00082854                pmc_osc_is_ready_fastrc
 .text.pmc_osc_enable_main_xtal
                0x0008286c       0x50 objdir/pmc.o
                0x0008286c                pmc_osc_enable_main_xtal
 .text.pmc_osc_bypass_main_xtal
                0x000828bc       0x34 objdir/pmc.o
                0x000828bc                pmc_osc_bypass_main_xtal
 .text.pmc_osc_is_bypassed_main_xtal
                0x000828f0       0x18 objdir/pmc.o
                0x000828f0                pmc_osc_is_bypassed_main_xtal
 .text.pmc_osc_is_ready_main_xtal
                0x00082908       0x18 objdir/pmc.o
                0x00082908                pmc_osc_is_ready_main_xtal
 .text.pmc_osc_is_ready_mainck
                0x00082920       0x18 objdir/pmc.o
                0x00082920                pmc_osc_is_ready_mainck
 .text.pmc_mainck_osc_select
                0x00082938       0x40 objdir/pmc.o
                0x00082938                pmc_mainck_osc_select
 .text.pmc_disable_pllack
                0x00082978       0x18 objdir/pmc.o
                0x00082978                pmc_disable_pllack
 .text.pmc_is_locked_pllack
                0x00082990       0x18 objdir/pmc.o
                0x00082990                pmc_is_locked_pllack
 .text.pmc_disable_upll_clock
                0x000829a8       0x1c objdir/pmc.o
                0x000829a8                pmc_disable_upll_clock
 .text.pmc_is_locked_upll
                0x000829c4       0x18 objdir/pmc.o
                0x000829c4                pmc_is_locked_upll
 .text.pmc_enable_periph_clk
                0x000829dc       0x4c objdir/pmc.o
                0x000829dc                pmc_enable_periph_clk
 .text.pmc_disable_periph_clk
                0x00082a28       0x4c objdir/pmc.o
                0x00082a28                pmc_disable_periph_clk
 .text.pmc_enable_pck
                0x00082a74       0x24 objdir/pmc.o
                0x00082a74                pmc_enable_pck
 .text.pmc_set_fast_startup_input
                0x00082a98       0x2c objdir/pmc.o
                0x00082a98                pmc_set_fast_startup_input
 .text.pmc_enable_waitmode
                0x00082ac4       0x5c objdir/pmc.o
                0x00082ac4                pmc_enable_waitmode
 .text._read    0x00082b20       0x54 objdir/read.o
                0x00082b20                _read
 .text.pmc_sleep
                0x00082b74      0x42c objdir/sleep.o
                0x00082b74                pmc_sleep
 .text.pmc_is_wakeup_clocks_restored
                0x00082fa0       0x2c objdir/sleep.o
                0x00082fa0                pmc_is_wakeup_clocks_restored
 .text.smc_set_setup_timing
                0x00082fcc       0x2a objdir/smc.o
                0x00082fcc                smc_set_setup_timing
 .text.smc_set_pulse_timing
                0x00082ff6       0x2a objdir/smc.o
                0x00082ff6                smc_set_pulse_timing
 .text.smc_set_cycle_timing
                0x00083020       0x2a objdir/smc.o
                0x00083020                smc_set_cycle_timing
 .text.smc_set_mode
                0x0008304a       0x2a objdir/smc.o
                0x0008304a                smc_set_mode
 .text.Reset_Handler
                0x00083074       0xa8 objdir/startup_sam3u.o
                0x00083074                Reset_Handler
 .text._sbrk    0x0008311c       0x58 objdir/syscalls.o
                0x0008311c                _sbrk
 .text._close   0x00083174       0x16 objdir/syscalls.o
                0x00083174                _close
 .text._fstat   0x0008318a       0x1e objdir/syscalls.o
                0x0008318a                _fstat
 .text._isatty  0x000831a8       0x14 objdir/syscalls.o
                0x000831a8                _isatty
 .text._lseek   0x000831bc       0x18 objdir/syscalls.o
                0x000831bc                _lseek
 .text._exit    0x000831d4       0x1c objdir/syscalls.o
                0x000831d4                _exit
 .text._kill    0x000831f0       0x14 objdir/syscalls.o
                0x000831f0                _kill
 .text._getpid  0x00083204       0x10 objdir/syscalls.o
                0x00083204                _getpid
 .text.osc_enable
                0x00083214       0x84 objdir/sysclk.o
 .text.osc_is_ready
                0x00083298       0x84 objdir/sysclk.o
 .text.osc_get_rate
                0x0008331c       0x70 objdir/sysclk.o
 .text.osc_wait_ready
                0x0008338c       0x30 objdir/sysclk.o
 .text.pll_config_init
                0x000833bc       0x6c objdir/sysclk.o
 .text.pll_enable
                0x00083428       0x40 objdir/sysclk.o
 .text.pll_is_locked
                0x00083468       0x2c objdir/sysclk.o
 .text.pll_enable_source
                0x00083494       0x38 objdir/sysclk.o
 .text.pll_wait_for_lock
                0x000834cc       0x24 objdir/sysclk.o
 .text.sysclk_get_main_hz
                0x000834f0       0x18 objdir/sysclk.o
 .text.sysclk_get_cpu_hz
                0x00083508       0x14 objdir/sysclk.o
 .text.sysclk_enable_usb
                0x0008351c       0x40 objdir/sysclk.o
                0x0008351c                sysclk_enable_usb
 .text.sysclk_init
                0x0008355c       0x8c objdir/sysclk.o
                0x0008355c                sysclk_init
 .text.SystemCoreClockUpdate
                0x000835e8      0x184 objdir/system_sam3u.o
                0x000835e8                SystemCoreClockUpdate
 .text.udc_get_string_serial_name
                0x0008376c       0x14 objdir/udc.o
 .text.udc_get_interface_desc
                0x00083780       0x14 objdir/udc.o
                0x00083780                udc_get_interface_desc
 .text.udc_get_eof_conf
                0x00083794       0x24 objdir/udc.o
 .text.udc_next_desc_in_iface
                0x000837b8       0x5c objdir/udc.o
 .text.udc_update_iface_desc
                0x00083814       0x9c objdir/udc.o
 .text.udc_iface_disable
                0x000838b0       0xa0 objdir/udc.o
 .text.udc_iface_enable
                0x00083950       0x98 objdir/udc.o
 .text.udc_start
                0x000839e8       0x10 objdir/udc.o
                0x000839e8                udc_start
 .text.udc_reset
                0x000839f8       0x54 objdir/udc.o
                0x000839f8                udc_reset
 .text.udc_sof_notify
                0x00083a4c       0x60 objdir/udc.o
                0x00083a4c                udc_sof_notify
 .text.udc_req_std_dev_get_status
                0x00083aac       0x2c objdir/udc.o
 .text.udc_req_std_ep_get_status
                0x00083ad8       0x44 objdir/udc.o
 .text.udc_req_std_dev_clear_feature
                0x00083b1c       0x3c objdir/udc.o
 .text.udc_req_std_ep_clear_feature
                0x00083b58       0x38 objdir/udc.o
 .text.udc_req_std_dev_set_feature
                0x00083b90       0xbc objdir/udc.o
 .text.udc_req_std_ep_set_feature
                0x00083c4c       0x48 objdir/udc.o
 .text.udc_valid_address
                0x00083c94       0x24 objdir/udc.o
 .text.udc_req_std_dev_set_address
                0x00083cb8       0x28 objdir/udc.o
 .text.udc_req_std_dev_get_str_desc
                0x00083ce0       0xcc objdir/udc.o
 .text.udc_req_std_dev_get_descriptor
                0x00083dac      0x21c objdir/udc.o
 .text.udc_req_std_dev_get_configuration
                0x00083fc8       0x2c objdir/udc.o
 .text.udc_req_std_dev_set_configuration
                0x00083ff4      0x104 objdir/udc.o
 .text.udc_req_std_iface_get_setting
                0x000840f8       0x98 objdir/udc.o
 .text.udc_req_std_iface_set_setting
                0x00084190       0x68 objdir/udc.o
 .text.udc_reqstd
                0x000841f8      0x190 objdir/udc.o
 .text.udc_req_iface
                0x00084388       0x98 objdir/udc.o
 .text.udc_req_ep
                0x00084420       0x90 objdir/udc.o
 .text.udc_process_setup
                0x000844b0       0xb4 objdir/udc.o
                0x000844b0                udc_process_setup
 .text.udi_vendor_enable
                0x00084564       0x40 objdir/udi_vendor.o
                0x00084564                udi_vendor_enable
 .text.udi_vendor_disable
                0x000845a4       0x1c objdir/udi_vendor.o
                0x000845a4                udi_vendor_disable
 .text.udi_vendor_setup
                0x000845c0       0x54 objdir/udi_vendor.o
                0x000845c0                udi_vendor_setup
 .text.udi_vendor_getsetting
                0x00084614       0x14 objdir/udi_vendor.o
                0x00084614                udi_vendor_getsetting
 .text.udi_vendor_bulk_in_run
                0x00084628       0x2c objdir/udi_vendor.o
                0x00084628                udi_vendor_bulk_in_run
 .text.udi_vendor_bulk_out_run
                0x00084654       0x2c objdir/udi_vendor.o
                0x00084654                udi_vendor_bulk_out_run
 .text.NVIC_EnableIRQ
                0x00084680       0x30 objdir/udphs_device.o
 .text.NVIC_SetPriority
                0x000846b0       0x54 objdir/udphs_device.o
 .text.cpu_irq_save
                0x00084704       0x3c objdir/udphs_device.o
 .text.cpu_irq_is_enabled_flags
                0x00084740       0x1e objdir/udphs_device.o
 *fill*         0x0008475e        0x2 
 .text.cpu_irq_restore
                0x00084760       0x34 objdir/udphs_device.o
 .text.sleepmgr_lock_mode
                0x00084794       0x38 objdir/udphs_device.o
 .text.sleepmgr_unlock_mode
                0x000847cc       0x38 objdir/udphs_device.o
 .text.udd_sleep_mode
                0x00084804       0x58 objdir/udphs_device.o
 .text.UDPHS_Handler
                0x0008485c      0x1c4 objdir/udphs_device.o
                0x0008485c                UDPHS_Handler
 .text.udd_enable
                0x00084a20       0x9c objdir/udphs_device.o
                0x00084a20                udd_enable
 .text.udd_attach
                0x00084abc       0xb8 objdir/udphs_device.o
                0x00084abc                udd_attach
 .text.udd_detach
                0x00084b74       0x44 objdir/udphs_device.o
                0x00084b74                udd_detach
 .text.udd_is_high_speed
                0x00084bb8       0x24 objdir/udphs_device.o
                0x00084bb8                udd_is_high_speed
 .text.udd_set_address
                0x00084bdc       0x44 objdir/udphs_device.o
                0x00084bdc                udd_set_address
 .text.udd_getaddress
                0x00084c20       0x1c objdir/udphs_device.o
                0x00084c20                udd_getaddress
 .text.udd_set_setup_payload
                0x00084c3c       0x28 objdir/udphs_device.o
                0x00084c3c                udd_set_setup_payload
 .text.udd_ep_alloc
                0x00084c64      0x3b8 objdir/udphs_device.o
                0x00084c64                udd_ep_alloc
 .text.udd_ep_free
                0x0008501c       0x80 objdir/udphs_device.o
                0x0008501c                udd_ep_free
 .text.udd_ep_is_halted
                0x0008509c       0x68 objdir/udphs_device.o
                0x0008509c                udd_ep_is_halted
 .text.udd_ep_set_halt
                0x00085104      0x114 objdir/udphs_device.o
                0x00085104                udd_ep_set_halt
 .text.udd_ep_clear_halt
                0x00085218      0x130 objdir/udphs_device.o
                0x00085218                udd_ep_clear_halt
 .text.udd_ep_run
                0x00085348      0x108 objdir/udphs_device.o
                0x00085348                udd_ep_run
 .text.udd_ep_abort
                0x00085450       0x88 objdir/udphs_device.o
                0x00085450                udd_ep_abort
 .text.udd_test_mode_j
                0x000854d8       0x34 objdir/udphs_device.o
                0x000854d8                udd_test_mode_j
 .text.udd_test_mode_k
                0x0008550c       0x34 objdir/udphs_device.o
                0x0008550c                udd_test_mode_k
 .text.udd_test_mode_se0_nak
                0x00085540       0x24 objdir/udphs_device.o
                0x00085540                udd_test_mode_se0_nak
 .text.udd_test_mode_packet
                0x00085564       0xcc objdir/udphs_device.o
                0x00085564                udd_test_mode_packet
 .text.udd_reset_ep_ctrl
                0x00085630       0x80 objdir/udphs_device.o
 .text.udd_ctrl_init
                0x000856b0       0x5c objdir/udphs_device.o
 .text.udd_ctrl_setup_received
                0x0008570c      0x140 objdir/udphs_device.o
 .text.udd_ctrl_in_sent
                0x0008584c      0x168 objdir/udphs_device.o
 .text.udd_ctrl_out_received
                0x000859b4      0x1bc objdir/udphs_device.o
 .text.udd_ctrl_underflow
                0x00085b70       0x44 objdir/udphs_device.o
 .text.udd_ctrl_overflow
                0x00085bb4       0x34 objdir/udphs_device.o
 .text.udd_ctrl_stall_data
                0x00085be8       0x24 objdir/udphs_device.o
 .text.udd_ctrl_send_zlp_in
                0x00085c0c       0x64 objdir/udphs_device.o
 .text.udd_ctrl_send_zlp_out
                0x00085c70       0x44 objdir/udphs_device.o
 .text.udd_ctrl_endofrequest
                0x00085cb4       0x1c objdir/udphs_device.o
 .text.udd_ctrl_interrupt
                0x00085cd0       0xe4 objdir/udphs_device.o
 .text.udd_ep_job_table_reset
                0x00085db4       0x5c objdir/udphs_device.o
 .text.udd_ep_job_table_kill
                0x00085e10       0x48 objdir/udphs_device.o
 .text.udd_ep_abort_job
                0x00085e58       0x3c objdir/udphs_device.o
 .text.udd_ep_finish_job
                0x00085e94       0x70 objdir/udphs_device.o
 .text.udd_ep_trans_done
                0x00085f04      0x1e8 objdir/udphs_device.o
 .text.udd_ep_interrupt
                0x000860ec      0x1f4 objdir/udphs_device.o
 .text.usart_set_async_baudrate
                0x000862e0       0x88 objdir/usart.o
                0x000862e0                usart_set_async_baudrate
 .text.usart_set_spi_master_baudrate
                0x00086368       0x40 objdir/usart.o
 .text.usart_reset
                0x000863a8       0x60 objdir/usart.o
                0x000863a8                usart_reset
 .text.usart_init_rs232
                0x00086408       0x84 objdir/usart.o
                0x00086408                usart_init_rs232
 .text.usart_init_spi_master
                0x0008648c      0x110 objdir/usart.o
                0x0008648c                usart_init_spi_master
 .text.usart_enable_tx
                0x0008659c       0x18 objdir/usart.o
                0x0008659c                usart_enable_tx
 .text.usart_reset_tx
                0x000865b4       0x18 objdir/usart.o
                0x000865b4                usart_reset_tx
 .text.usart_enable_rx
                0x000865cc       0x18 objdir/usart.o
                0x000865cc                usart_enable_rx
 .text.usart_disable_rx
                0x000865e4       0x18 objdir/usart.o
                0x000865e4                usart_disable_rx
 .text.usart_reset_rx
                0x000865fc       0x18 objdir/usart.o
                0x000865fc                usart_reset_rx
 .text.usart_enable_interrupt
                0x00086614       0x1a objdir/usart.o
                0x00086614                usart_enable_interrupt
 .text.usart_disable_interrupt
                0x0008662e       0x1a objdir/usart.o
                0x0008662e                usart_disable_interrupt
 .text.usart_get_interrupt_mask
                0x00086648       0x16 objdir/usart.o
                0x00086648                usart_get_interrupt_mask
 .text.usart_get_status
                0x0008665e       0x16 objdir/usart.o
                0x0008665e                usart_get_status
 .text.usart_reset_status
                0x00086674       0x1a objdir/usart.o
                0x00086674                usart_reset_status
 .text.usart_drive_DTR_pin_high
                0x0008668e       0x1a objdir/usart.o
                0x0008668e                usart_drive_DTR_pin_high
 .text.usart_drive_RTS_pin_high
                0x000866a8       0x1a objdir/usart.o
                0x000866a8                usart_drive_RTS_pin_high
 .text.usart_putchar
                0x000866c2       0x2e objdir/usart.o
                0x000866c2                usart_putchar
 .text.usart_disable_writeprotect
                0x000866f0       0x20 objdir/usart.o
                0x000866f0                usart_disable_writeprotect
 .text._write   0x00086710       0x6c objdir/write.o
                0x00086710                _write
 .text          0x0008677c       0x30 c:/program files (x86)/gnu arm embedded toolchain/9 2020-q2-update/bin/../lib/gcc/arm-none-eabi/9.3.1/thumb/v7-m/nofp\libgcc.a(_aeabi_uldivmod.o)
                0x0008677c                __aeabi_uldivmod
 .text          0x000867ac      0x2c4 c:/program files (x86)/gnu arm embedded toolchain/9 2020-q2-update/bin/../lib/gcc/arm-none-eabi/9.3.1/thumb/v7-m/nofp\libgcc.a(_udivmoddi4.o)
                0x000867ac                __udivmoddi4
 .text          0x00086a70        0x4 c:/program files (x86)/gnu arm embedded toolchain/9 2020-q2-update/bin/../lib/gcc/arm-none-eabi/9.3.1/thumb/v7-m/nofp\libgcc.a(_dvmd_tls.o)
                0x00086a70                __aeabi_idiv0
                0x00086a70                __aeabi_ldiv0
 .text.__libc_init_array
                0x00086a74       0x48 c:/program files (x86)/gnu arm embedded toolchain/9 2020-q2-update/bin/../lib/gcc/arm-none-eabi/9.3.1/../../../../arm-none-eabi/lib/thumb/v7-m/nofp\libg.a(lib_a-init.o)
                0x00086a74                __libc_init_array
 .text.iprintf  0x00086abc       0x28 c:/program files (x86)/gnu arm embedded toolchain/9 2020-q2-update/bin/../lib/gcc/arm-none-eabi/9.3.1/../../../../arm-none-eabi/lib/thumb/v7-m/nofp\libg.a(lib_a-iprintf.o)
                0x00086abc                iprintf
 .text          0x00086ae4       0xec c:/program files (x86)/gnu arm embedded toolchain/9 2020-q2-update/bin/../lib/gcc/arm-none-eabi/9.3.1/../../../../arm-none-eabi/lib/thumb/v7-m/nofp\libg.a(lib_a-memcpy.o)
                0x00086ae4                memcpy
 .text.memset   0x00086bd0       0xa0 c:/program files (x86)/gnu arm embedded toolchain/9 2020-q2-update/bin/../lib/gcc/arm-none-eabi/9.3.1/../../../../arm-none-eabi/lib/thumb/v7-m/nofp\libg.a(lib_a-memset.o)
                0x00086bd0                memset
 .text.sprintf  0x00086c70       0x44 c:/program files (x86)/gnu arm embedded toolchain/9 2020-q2-update/bin/../lib/gcc/arm-none-eabi/9.3.1/../../../../arm-none-eabi/lib/thumb/v7-m/nofp\libg.a(lib_a-sprintf.o)
                0x00086c70                sprintf
 .text._svfprintf_r
                0x00086cb4     0x1b50 c:/program files (x86)/gnu arm embedded toolchain/9 2020-q2-update/bin/../lib/gcc/arm-none-eabi/9.3.1/../../../../arm-none-eabi/lib/thumb/v7-m/nofp\libg.a(lib_a-svfprintf.o)
                0x00086cb4                _svfprintf_r
 .text.__sprint_r.part.0
                0x00088804       0x78 c:/program files (x86)/gnu arm embedded toolchain/9 2020-q2-update/bin/../lib/gcc/arm-none-eabi/9.3.1/../../../../arm-none-eabi/lib/thumb/v7-m/nofp\libg.a(lib_a-vfiprintf.o)
 .text._vfiprintf_r
                0x0008887c      0xd2c c:/program files (x86)/gnu arm embedded toolchain/9 2020-q2-update/bin/../lib/gcc/arm-none-eabi/9.3.1/../../../../arm-none-eabi/lib/thumb/v7-m/nofp\libg.a(lib_a-vfiprintf.o)
                0x0008887c                _vfiprintf_r
 .text.__sbprintf
                0x000895a8       0x88 c:/program files (x86)/gnu arm embedded toolchain/9 2020-q2-update/bin/../lib/gcc/arm-none-eabi/9.3.1/../../../../arm-none-eabi/lib/thumb/v7-m/nofp\libg.a(lib_a-vfiprintf.o)
 .text.__swsetup_r
                0x00089630       0xd0 c:/program files (x86)/gnu arm embedded toolchain/9 2020-q2-update/bin/../lib/gcc/arm-none-eabi/9.3.1/../../../../arm-none-eabi/lib/thumb/v7-m/nofp\libg.a(lib_a-wsetup.o)
                0x00089630                __swsetup_r
 .text.startup.register_fini
                0x00089700       0x14 c:/program files (x86)/gnu arm embedded toolchain/9 2020-q2-update/bin/../lib/gcc/arm-none-eabi/9.3.1/../../../../arm-none-eabi/lib/thumb/v7-m/nofp\libg.a(lib_a-__call_atexit.o)
 .text.atexit   0x00089714        0xc c:/program files (x86)/gnu arm embedded toolchain/9 2020-q2-update/bin/../lib/gcc/arm-none-eabi/9.3.1/../../../../arm-none-eabi/lib/thumb/v7-m/nofp\libg.a(lib_a-atexit.o)
                0x00089714                atexit
 .text.quorem   0x00089720      0x120 c:/program files (x86)/gnu arm embedded toolchain/9 2020-q2-update/bin/../lib/gcc/arm-none-eabi/9.3.1/../../../../arm-none-eabi/lib/thumb/v7-m/nofp\libg.a(lib_a-dtoa.o)
 .text._dtoa_r  0x00089840      0xec8 c:/program files (x86)/gnu arm embedded toolchain/9 2020-q2-update/bin/../lib/gcc/arm-none-eabi/9.3.1/../../../../arm-none-eabi/lib/thumb/v7-m/nofp\libg.a(lib_a-dtoa.o)
                0x00089840                _dtoa_r
 .text.__sflush_r
                0x0008a708      0x130 c:/program files (x86)/gnu arm embedded toolchain/9 2020-q2-update/bin/../lib/gcc/arm-none-eabi/9.3.1/../../../../arm-none-eabi/lib/thumb/v7-m/nofp\libg.a(lib_a-fflush.o)
                0x0008a708                __sflush_r
 .text._fflush_r
                0x0008a838       0x5c c:/program files (x86)/gnu arm embedded toolchain/9 2020-q2-update/bin/../lib/gcc/arm-none-eabi/9.3.1/../../../../arm-none-eabi/lib/thumb/v7-m/nofp\libg.a(lib_a-fflush.o)
                0x0008a838                _fflush_r
 .text.std      0x0008a894       0x50 c:/program files (x86)/gnu arm embedded toolchain/9 2020-q2-update/bin/../lib/gcc/arm-none-eabi/9.3.1/../../../../arm-none-eabi/lib/thumb/v7-m/nofp\libg.a(lib_a-findfp.o)
 .text._cleanup_r
                0x0008a8e4        0xc c:/program files (x86)/gnu arm embedded toolchain/9 2020-q2-update/bin/../lib/gcc/arm-none-eabi/9.3.1/../../../../arm-none-eabi/lib/thumb/v7-m/nofp\libg.a(lib_a-findfp.o)
                0x0008a8e4                _cleanup_r
 .text.__sinit  0x0008a8f0       0x5c c:/program files (x86)/gnu arm embedded toolchain/9 2020-q2-update/bin/../lib/gcc/arm-none-eabi/9.3.1/../../../../arm-none-eabi/lib/thumb/v7-m/nofp\libg.a(lib_a-findfp.o)
                0x0008a8f0                __sinit
 .text.__sfp_lock_acquire
                0x0008a94c        0xc c:/program files (x86)/gnu arm embedded toolchain/9 2020-q2-update/bin/../lib/gcc/arm-none-eabi/9.3.1/../../../../arm-none-eabi/lib/thumb/v7-m/nofp\libg.a(lib_a-findfp.o)
                0x0008a94c                __sfp_lock_acquire
 .text.__sfp_lock_release
                0x0008a958        0xc c:/program files (x86)/gnu arm embedded toolchain/9 2020-q2-update/bin/../lib/gcc/arm-none-eabi/9.3.1/../../../../arm-none-eabi/lib/thumb/v7-m/nofp\libg.a(lib_a-findfp.o)
                0x0008a958                __sfp_lock_release
 .text.__libc_fini_array
                0x0008a964       0x2c c:/program files (x86)/gnu arm embedded toolchain/9 2020-q2-update/bin/../lib/gcc/arm-none-eabi/9.3.1/../../../../arm-none-eabi/lib/thumb/v7-m/nofp\libg.a(lib_a-fini.o)
                0x0008a964                __libc_fini_array
 .text.__fputwc
                0x0008a990       0xa0 c:/program files (x86)/gnu arm embedded toolchain/9 2020-q2-update/bin/../lib/gcc/arm-none-eabi/9.3.1/../../../../arm-none-eabi/lib/thumb/v7-m/nofp\libg.a(lib_a-fputwc.o)
                0x0008a990                __fputwc
 .text._fputwc_r
                0x0008aa30       0x68 c:/program files (x86)/gnu arm embedded toolchain/9 2020-q2-update/bin/../lib/gcc/arm-none-eabi/9.3.1/../../../../arm-none-eabi/lib/thumb/v7-m/nofp\libg.a(lib_a-fputwc.o)
                0x0008aa30                _fputwc_r
 .text._malloc_trim_r
                0x0008aa98       0xa0 c:/program files (x86)/gnu arm embedded toolchain/9 2020-q2-update/bin/../lib/gcc/arm-none-eabi/9.3.1/../../../../arm-none-eabi/lib/thumb/v7-m/nofp\libg.a(lib_a-freer.o)
                0x0008aa98                _malloc_trim_r
 .text._free_r  0x0008ab38      0x20c c:/program files (x86)/gnu arm embedded toolchain/9 2020-q2-update/bin/../lib/gcc/arm-none-eabi/9.3.1/../../../../arm-none-eabi/lib/thumb/v7-m/nofp\libg.a(lib_a-freer.o)
                0x0008ab38                _free_r
 .text.__sfvwrite_r
                0x0008ad44      0x2ec c:/program files (x86)/gnu arm embedded toolchain/9 2020-q2-update/bin/../lib/gcc/arm-none-eabi/9.3.1/../../../../arm-none-eabi/lib/thumb/v7-m/nofp\libg.a(lib_a-fvwrite.o)
                0x0008ad44                __sfvwrite_r
 .text._fwalk_reent
                0x0008b030       0x48 c:/program files (x86)/gnu arm embedded toolchain/9 2020-q2-update/bin/../lib/gcc/arm-none-eabi/9.3.1/../../../../arm-none-eabi/lib/thumb/v7-m/nofp\libg.a(lib_a-fwalk.o)
                0x0008b030                _fwalk_reent
 .text.__locale_mb_cur_max
                0x0008b078        0xc c:/program files (x86)/gnu arm embedded toolchain/9 2020-q2-update/bin/../lib/gcc/arm-none-eabi/9.3.1/../../../../arm-none-eabi/lib/thumb/v7-m/nofp\libg.a(lib_a-locale.o)
                0x0008b078                __locale_mb_cur_max
 .text._localeconv_r
                0x0008b084        0x8 c:/program files (x86)/gnu arm embedded toolchain/9 2020-q2-update/bin/../lib/gcc/arm-none-eabi/9.3.1/../../../../arm-none-eabi/lib/thumb/v7-m/nofp\libg.a(lib_a-localeconv.o)
                0x0008b084                _localeconv_r
 .text.__retarget_lock_init_recursive
                0x0008b08c        0x4 c:/program files (x86)/gnu arm embedded toolchain/9 2020-q2-update/bin/../lib/gcc/arm-none-eabi/9.3.1/../../../../arm-none-eabi/lib/thumb/v7-m/nofp\libg.a(lib_a-lock.o)
                0x0008b08c                __retarget_lock_init_recursive
 .text.__retarget_lock_close_recursive
                0x0008b090        0x4 c:/program files (x86)/gnu arm embedded toolchain/9 2020-q2-update/bin/../lib/gcc/arm-none-eabi/9.3.1/../../../../arm-none-eabi/lib/thumb/v7-m/nofp\libg.a(lib_a-lock.o)
                0x0008b090                __retarget_lock_close_recursive
 .text.__retarget_lock_acquire_recursive
                0x0008b094        0x4 c:/program files (x86)/gnu arm embedded toolchain/9 2020-q2-update/bin/../lib/gcc/arm-none-eabi/9.3.1/../../../../arm-none-eabi/lib/thumb/v7-m/nofp\libg.a(lib_a-lock.o)
                0x0008b094                __retarget_lock_acquire_recursive
 .text.__retarget_lock_release_recursive
                0x0008b098        0x4 c:/program files (x86)/gnu arm embedded toolchain/9 2020-q2-update/bin/../lib/gcc/arm-none-eabi/9.3.1/../../../../arm-none-eabi/lib/thumb/v7-m/nofp\libg.a(lib_a-lock.o)
                0x0008b098                __retarget_lock_release_recursive
 .text.__swhatbuf_r
                0x0008b09c       0x5c c:/program files (x86)/gnu arm embedded toolchain/9 2020-q2-update/bin/../lib/gcc/arm-none-eabi/9.3.1/../../../../arm-none-eabi/lib/thumb/v7-m/nofp\libg.a(lib_a-makebuf.o)
                0x0008b09c                __swhatbuf_r
 .text.__smakebuf_r
                0x0008b0f8       0x94 c:/program files (x86)/gnu arm embedded toolchain/9 2020-q2-update/bin/../lib/gcc/arm-none-eabi/9.3.1/../../../../arm-none-eabi/lib/thumb/v7-m/nofp\libg.a(lib_a-makebuf.o)
                0x0008b0f8                __smakebuf_r
 .text._malloc_r
                0x0008b18c      0x55c c:/program files (x86)/gnu arm embedded toolchain/9 2020-q2-update/bin/../lib/gcc/arm-none-eabi/9.3.1/../../../../arm-none-eabi/lib/thumb/v7-m/nofp\libg.a(lib_a-mallocr.o)
                0x0008b18c                _malloc_r
 .text.__ascii_mbtowc
                0x0008b6e8       0x2c c:/program files (x86)/gnu arm embedded toolchain/9 2020-q2-update/bin/../lib/gcc/arm-none-eabi/9.3.1/../../../../arm-none-eabi/lib/thumb/v7-m/nofp\libg.a(lib_a-mbtowc_r.o)
                0x0008b6e8                __ascii_mbtowc
 .text.memchr   0x0008b714       0x80 c:/program files (x86)/gnu arm embedded toolchain/9 2020-q2-update/bin/../lib/gcc/arm-none-eabi/9.3.1/../../../../arm-none-eabi/lib/thumb/v7-m/nofp\libg.a(lib_a-memchr-stub.o)
                0x0008b714                memchr
 .text.memmove  0x0008b794       0xd4 c:/program files (x86)/gnu arm embedded toolchain/9 2020-q2-update/bin/../lib/gcc/arm-none-eabi/9.3.1/../../../../arm-none-eabi/lib/thumb/v7-m/nofp\libg.a(lib_a-memmove.o)
                0x0008b794                memmove
 .text.__malloc_lock
                0x0008b868        0xc c:/program files (x86)/gnu arm embedded toolchain/9 2020-q2-update/bin/../lib/gcc/arm-none-eabi/9.3.1/../../../../arm-none-eabi/lib/thumb/v7-m/nofp\libg.a(lib_a-mlock.o)
                0x0008b868                __malloc_lock
 .text.__malloc_unlock
                0x0008b874        0xc c:/program files (x86)/gnu arm embedded toolchain/9 2020-q2-update/bin/../lib/gcc/arm-none-eabi/9.3.1/../../../../arm-none-eabi/lib/thumb/v7-m/nofp\libg.a(lib_a-mlock.o)
                0x0008b874                __malloc_unlock
 .text._Balloc  0x0008b880       0x4c c:/program files (x86)/gnu arm embedded toolchain/9 2020-q2-update/bin/../lib/gcc/arm-none-eabi/9.3.1/../../../../arm-none-eabi/lib/thumb/v7-m/nofp\libg.a(lib_a-mprec.o)
                0x0008b880                _Balloc
 .text._Bfree   0x0008b8cc       0x14 c:/program files (x86)/gnu arm embedded toolchain/9 2020-q2-update/bin/../lib/gcc/arm-none-eabi/9.3.1/../../../../arm-none-eabi/lib/thumb/v7-m/nofp\libg.a(lib_a-mprec.o)
                0x0008b8cc                _Bfree
 .text.__multadd
                0x0008b8e0       0x9c c:/program files (x86)/gnu arm embedded toolchain/9 2020-q2-update/bin/../lib/gcc/arm-none-eabi/9.3.1/../../../../arm-none-eabi/lib/thumb/v7-m/nofp\libg.a(lib_a-mprec.o)
                0x0008b8e0                __multadd
 .text.__hi0bits
                0x0008b97c       0x40 c:/program files (x86)/gnu arm embedded toolchain/9 2020-q2-update/bin/../lib/gcc/arm-none-eabi/9.3.1/../../../../arm-none-eabi/lib/thumb/v7-m/nofp\libg.a(lib_a-mprec.o)
                0x0008b97c                __hi0bits
 .text.__lo0bits
                0x0008b9bc       0x60 c:/program files (x86)/gnu arm embedded toolchain/9 2020-q2-update/bin/../lib/gcc/arm-none-eabi/9.3.1/../../../../arm-none-eabi/lib/thumb/v7-m/nofp\libg.a(lib_a-mprec.o)
                0x0008b9bc                __lo0bits
 .text.__i2b    0x0008ba1c       0x2c c:/program files (x86)/gnu arm embedded toolchain/9 2020-q2-update/bin/../lib/gcc/arm-none-eabi/9.3.1/../../../../arm-none-eabi/lib/thumb/v7-m/nofp\libg.a(lib_a-mprec.o)
                0x0008ba1c                __i2b
 .text.__multiply
                0x0008ba48      0x160 c:/program files (x86)/gnu arm embedded toolchain/9 2020-q2-update/bin/../lib/gcc/arm-none-eabi/9.3.1/../../../../arm-none-eabi/lib/thumb/v7-m/nofp\libg.a(lib_a-mprec.o)
                0x0008ba48                __multiply
 .text.__pow5mult
                0x0008bba8       0x98 c:/program files (x86)/gnu arm embedded toolchain/9 2020-q2-update/bin/../lib/gcc/arm-none-eabi/9.3.1/../../../../arm-none-eabi/lib/thumb/v7-m/nofp\libg.a(lib_a-mprec.o)
                0x0008bba8                __pow5mult
 .text.__lshift
                0x0008bc40       0xe8 c:/program files (x86)/gnu arm embedded toolchain/9 2020-q2-update/bin/../lib/gcc/arm-none-eabi/9.3.1/../../../../arm-none-eabi/lib/thumb/v7-m/nofp\libg.a(lib_a-mprec.o)
                0x0008bc40                __lshift
 .text.__mcmp   0x0008bd28       0x3c c:/program files (x86)/gnu arm embedded toolchain/9 2020-q2-update/bin/../lib/gcc/arm-none-eabi/9.3.1/../../../../arm-none-eabi/lib/thumb/v7-m/nofp\libg.a(lib_a-mprec.o)
                0x0008bd28                __mcmp
 .text.__mdiff  0x0008bd64      0x150 c:/program files (x86)/gnu arm embedded toolchain/9 2020-q2-update/bin/../lib/gcc/arm-none-eabi/9.3.1/../../../../arm-none-eabi/lib/thumb/v7-m/nofp\libg.a(lib_a-mprec.o)
                0x0008bd64                __mdiff
 .text.__d2b    0x0008beb4       0xc4 c:/program files (x86)/gnu arm embedded toolchain/9 2020-q2-update/bin/../lib/gcc/arm-none-eabi/9.3.1/../../../../arm-none-eabi/lib/thumb/v7-m/nofp\libg.a(lib_a-mprec.o)
                0x0008beb4                __d2b
 .text._realloc_r
                0x0008bf78      0x3e0 c:/program files (x86)/gnu arm embedded toolchain/9 2020-q2-update/bin/../lib/gcc/arm-none-eabi/9.3.1/../../../../arm-none-eabi/lib/thumb/v7-m/nofp\libg.a(lib_a-reallocr.o)
                0x0008bf78                _realloc_r
 .text.frexp    0x0008c358       0x70 c:/program files (x86)/gnu arm embedded toolchain/9 2020-q2-update/bin/../lib/gcc/arm-none-eabi/9.3.1/../../../../arm-none-eabi/lib/thumb/v7-m/nofp\libg.a(lib_a-s_frexp.o)
                0x0008c358                frexp
 .text._sbrk_r  0x0008c3c8       0x24 c:/program files (x86)/gnu arm embedded toolchain/9 2020-q2-update/bin/../lib/gcc/arm-none-eabi/9.3.1/../../../../arm-none-eabi/lib/thumb/v7-m/nofp\libg.a(lib_a-sbrkr.o)
                0x0008c3c8                _sbrk_r
 .text.__sread  0x0008c3ec       0x24 c:/program files (x86)/gnu arm embedded toolchain/9 2020-q2-update/bin/../lib/gcc/arm-none-eabi/9.3.1/../../../../arm-none-eabi/lib/thumb/v7-m/nofp\libg.a(lib_a-stdio.o)
                0x0008c3ec                __sread
 .text.__swrite
                0x0008c410       0x40 c:/program files (x86)/gnu arm embedded toolchain/9 2020-q2-update/bin/../lib/gcc/arm-none-eabi/9.3.1/../../../../arm-none-eabi/lib/thumb/v7-m/nofp\libg.a(lib_a-stdio.o)
                0x0008c410                __swrite
 .text.__sseek  0x0008c450       0x20 c:/program files (x86)/gnu arm embedded toolchain/9 2020-q2-update/bin/../lib/gcc/arm-none-eabi/9.3.1/../../../../arm-none-eabi/lib/thumb/v7-m/nofp\libg.a(lib_a-stdio.o)
                0x0008c450                __sseek
 .text.__sclose
                0x0008c470        0x8 c:/program files (x86)/gnu arm embedded toolchain/9 2020-q2-update/bin/../lib/gcc/arm-none-eabi/9.3.1/../../../../arm-none-eabi/lib/thumb/v7-m/nofp\libg.a(lib_a-stdio.o)
                0x0008c470                __sclose
 .text.strlen   0x0008c478       0x5c c:/program files (x86)/gnu arm embedded toolchain/9 2020-q2-update/bin/../lib/gcc/arm-none-eabi/9.3.1/../../../../arm-none-eabi/lib/thumb/v7-m/nofp\libg.a(lib_a-strlen-stub.o)
                0x0008c478                strlen
 .text.strncpy  0x0008c4d4       0x68 c:/program files (x86)/gnu arm embedded toolchain/9 2020-q2-update/bin/../lib/gcc/arm-none-eabi/9.3.1/../../../../arm-none-eabi/lib/thumb/v7-m/nofp\libg.a(lib_a-strncpy.o)
                0x0008c4d4                strncpy
 .text.__ssprint_r
                0x0008c53c       0xf8 c:/program files (x86)/gnu arm embedded toolchain/9 2020-q2-update/bin/../lib/gcc/arm-none-eabi/9.3.1/../../../../arm-none-eabi/lib/thumb/v7-m/nofp\libg.a(lib_a-svfiprintf.o)
                0x0008c53c                __ssprint_r
 .text.__swbuf_r
                0x0008c634       0xb0 c:/program files (x86)/gnu arm embedded toolchain/9 2020-q2-update/bin/../lib/gcc/arm-none-eabi/9.3.1/../../../../arm-none-eabi/lib/thumb/v7-m/nofp\libg.a(lib_a-wbuf.o)
                0x0008c634                __swbuf_r
 .text._wcrtomb_r
                0x0008c6e4       0x3c c:/program files (x86)/gnu arm embedded toolchain/9 2020-q2-update/bin/../lib/gcc/arm-none-eabi/9.3.1/../../../../arm-none-eabi/lib/thumb/v7-m/nofp\libg.a(lib_a-wcrtomb.o)
                0x0008c6e4                _wcrtomb_r
 .text.__ascii_wctomb
                0x0008c720       0x1c c:/program files (x86)/gnu arm embedded toolchain/9 2020-q2-update/bin/../lib/gcc/arm-none-eabi/9.3.1/../../../../arm-none-eabi/lib/thumb/v7-m/nofp\libg.a(lib_a-wctomb_r.o)
                0x0008c720                __ascii_wctomb
 .text._write_r
                0x0008c73c       0x2c c:/program files (x86)/gnu arm embedded toolchain/9 2020-q2-update/bin/../lib/gcc/arm-none-eabi/9.3.1/../../../../arm-none-eabi/lib/thumb/v7-m/nofp\libg.a(lib_a-writer.o)
                0x0008c73c                _write_r
 .text.__register_exitproc
                0x0008c768       0x8c c:/program files (x86)/gnu arm embedded toolchain/9 2020-q2-update/bin/../lib/gcc/arm-none-eabi/9.3.1/../../../../arm-none-eabi/lib/thumb/v7-m/nofp\libg.a(lib_a-__atexit.o)
                0x0008c768                __register_exitproc
 .text.__assert_func
                0x0008c7f4       0x3c c:/program files (x86)/gnu arm embedded toolchain/9 2020-q2-update/bin/../lib/gcc/arm-none-eabi/9.3.1/../../../../arm-none-eabi/lib/thumb/v7-m/nofp\libg.a(lib_a-assert.o)
                0x0008c7f4                __assert_func
 .text._calloc_r
                0x0008c830       0x60 c:/program files (x86)/gnu arm embedded toolchain/9 2020-q2-update/bin/../lib/gcc/arm-none-eabi/9.3.1/../../../../arm-none-eabi/lib/thumb/v7-m/nofp\libg.a(lib_a-callocr.o)
                0x0008c830                _calloc_r
 .text._close_r
                0x0008c890       0x24 c:/program files (x86)/gnu arm embedded toolchain/9 2020-q2-update/bin/../lib/gcc/arm-none-eabi/9.3.1/../../../../arm-none-eabi/lib/thumb/v7-m/nofp\libg.a(lib_a-closer.o)
                0x0008c890                _close_r
 .text._fclose_r
                0x0008c8b4       0xcc c:/program files (x86)/gnu arm embedded toolchain/9 2020-q2-update/bin/../lib/gcc/arm-none-eabi/9.3.1/../../../../arm-none-eabi/lib/thumb/v7-m/nofp\libg.a(lib_a-fclose.o)
                0x0008c8b4                _fclose_r
 .text.fiprintf
                0x0008c980       0x28 c:/program files (x86)/gnu arm embedded toolchain/9 2020-q2-update/bin/../lib/gcc/arm-none-eabi/9.3.1/../../../../arm-none-eabi/lib/thumb/v7-m/nofp\libg.a(lib_a-fiprintf.o)
                0x0008c980                fiprintf
 .text._fstat_r
                0x0008c9a8       0x2c c:/program files (x86)/gnu arm embedded toolchain/9 2020-q2-update/bin/../lib/gcc/arm-none-eabi/9.3.1/../../../../arm-none-eabi/lib/thumb/v7-m/nofp\libg.a(lib_a-fstatr.o)
                0x0008c9a8                _fstat_r
 .text._isatty_r
                0x0008c9d4       0x24 c:/program files (x86)/gnu arm embedded toolchain/9 2020-q2-update/bin/../lib/gcc/arm-none-eabi/9.3.1/../../../../arm-none-eabi/lib/thumb/v7-m/nofp\libg.a(lib_a-isattyr.o)
                0x0008c9d4                _isatty_r
 .text._lseek_r
                0x0008c9f8       0x2c c:/program files (x86)/gnu arm embedded toolchain/9 2020-q2-update/bin/../lib/gcc/arm-none-eabi/9.3.1/../../../../arm-none-eabi/lib/thumb/v7-m/nofp\libg.a(lib_a-lseekr.o)
                0x0008c9f8                _lseek_r
 .text._read_r  0x0008ca24       0x2c c:/program files (x86)/gnu arm embedded toolchain/9 2020-q2-update/bin/../lib/gcc/arm-none-eabi/9.3.1/../../../../arm-none-eabi/lib/thumb/v7-m/nofp\libg.a(lib_a-readr.o)
                0x0008ca24                _read_r
 .text.abort    0x0008ca50       0x10 c:/program files (x86)/gnu arm embedded toolchain/9 2020-q2-update/bin/../lib/gcc/arm-none-eabi/9.3.1/../../../../arm-none-eabi/lib/thumb/v7-m/nofp\libg.a(lib_a-abort.o)
                0x0008ca50                abort
 .text._raise_r
                0x0008ca60       0x58 c:/program files (x86)/gnu arm embedded toolchain/9 2020-q2-update/bin/../lib/gcc/arm-none-eabi/9.3.1/../../../../arm-none-eabi/lib/thumb/v7-m/nofp\libg.a(lib_a-signal.o)
                0x0008ca60                _raise_r
 .text.raise    0x0008cab8       0x10 c:/program files (x86)/gnu arm embedded toolchain/9 2020-q2-update/bin/../lib/gcc/arm-none-eabi/9.3.1/../../../../arm-none-eabi/lib/thumb/v7-m/nofp\libg.a(lib_a-signal.o)
                0x0008cab8                raise
 .text._kill_r  0x0008cac8       0x2c c:/program files (x86)/gnu arm embedded toolchain/9 2020-q2-update/bin/../lib/gcc/arm-none-eabi/9.3.1/../../../../arm-none-eabi/lib/thumb/v7-m/nofp\libg.a(lib_a-signalr.o)
                0x0008cac8                _kill_r
 .text._getpid_r
                0x0008caf4        0x4 c:/program files (x86)/gnu arm embedded toolchain/9 2020-q2-update/bin/../lib/gcc/arm-none-eabi/9.3.1/../../../../arm-none-eabi/lib/thumb/v7-m/nofp\libg.a(lib_a-signalr.o)
                0x0008caf4                _getpid_r
 .text          0x0008caf8      0x378 c:/program files (x86)/gnu arm embedded toolchain/9 2020-q2-update/bin/../lib/gcc/arm-none-eabi/9.3.1/thumb/v7-m/nofp\libgcc.a(_arm_addsubdf3.o)
                0x0008caf8                __aeabi_drsub
                0x0008cb00                __aeabi_dsub
                0x0008cb00                __subdf3
                0x0008cb04                __aeabi_dadd
                0x0008cb04                __adddf3
                0x0008cd7c                __floatunsidf
                0x0008cd7c                __aeabi_ui2d
                0x0008cd9c                __floatsidf
                0x0008cd9c                __aeabi_i2d
                0x0008cdc0                __aeabi_f2d
                0x0008cdc0                __extendsfdf2
                0x0008ce04                __floatundidf
                0x0008ce04                __aeabi_ul2d
                0x0008ce14                __floatdidf
                0x0008ce14                __aeabi_l2d
 .text          0x0008ce70      0x424 c:/program files (x86)/gnu arm embedded toolchain/9 2020-q2-update/bin/../lib/gcc/arm-none-eabi/9.3.1/thumb/v7-m/nofp\libgcc.a(_arm_muldivdf3.o)
                0x0008ce70                __aeabi_dmul
                0x0008ce70                __muldf3
                0x0008d0c4                __divdf3
                0x0008d0c4                __aeabi_ddiv
 .text          0x0008d294      0x110 c:/program files (x86)/gnu arm embedded toolchain/9 2020-q2-update/bin/../lib/gcc/arm-none-eabi/9.3.1/thumb/v7-m/nofp\libgcc.a(_arm_cmpdf2.o)
                0x0008d294                __gtdf2
                0x0008d294                __gedf2
                0x0008d29c                __ltdf2
                0x0008d29c                __ledf2
                0x0008d2a4                __nedf2
                0x0008d2a4                __eqdf2
                0x0008d2a4                __cmpdf2
                0x0008d320                __aeabi_cdrcmple
                0x0008d330                __aeabi_cdcmpeq
                0x0008d330                __aeabi_cdcmple
                0x0008d340                __aeabi_dcmpeq
                0x0008d354                __aeabi_dcmplt
                0x0008d368                __aeabi_dcmple
                0x0008d37c                __aeabi_dcmpge
                0x0008d390                __aeabi_dcmpgt
 .text          0x0008d3a4       0x2c c:/program files (x86)/gnu arm embedded toolchain/9 2020-q2-update/bin/../lib/gcc/arm-none-eabi/9.3.1/thumb/v7-m/nofp\libgcc.a(_arm_unorddf2.o)
                0x0008d3a4                __unorddf2
                0x0008d3a4                __aeabi_dcmpun
 .text          0x0008d3d0       0x50 c:/program files (x86)/gnu arm embedded toolchain/9 2020-q2-update/bin/../lib/gcc/arm-none-eabi/9.3.1/thumb/v7-m/nofp\libgcc.a(_arm_fixdfsi.o)
                0x0008d3d0                __aeabi_d2iz
                0x0008d3d0                __fixdfsi
 *(.glue_7t)
 .glue_7t       0x0008d420        0x0 linker stubs
 *(.glue_7)
 .glue_7        0x0008d420        0x0 linker stubs
 *(.rodata .rodata* .gnu.linkonce.r.*)
 .rodata        0x0008d420        0x5 objdir/main.o
 *fill*         0x0008d425        0x3 
 .rodata        0x0008d428       0x3e objdir/usart_driver.o
 *fill*         0x0008d466        0x2 
 .rodata        0x0008d468       0x19 objdir/syscalls.o
 *fill*         0x0008d481        0x3 
 .rodata.BOS_DESC
                0x0008d484       0x21 objdir/udc.o
                0x0008d484                BOS_DESC
 *fill*         0x0008d4a5        0x3 
 .rodata        0x0008d4a8       0x35 objdir/udphs_device.o
 *fill*         0x0008d4dd        0x3 
 .rodata._global_impure_ptr
                0x0008d4e0        0x4 c:/program files (x86)/gnu arm embedded toolchain/9 2020-q2-update/bin/../lib/gcc/arm-none-eabi/9.3.1/../../../../arm-none-eabi/lib/thumb/v7-m/nofp\libg.a(lib_a-impure.o)
                0x0008d4e0                _global_impure_ptr
 .rodata._svfprintf_r.str1.4
                0x0008d4e4       0x42 c:/program files (x86)/gnu arm embedded toolchain/9 2020-q2-update/bin/../lib/gcc/arm-none-eabi/9.3.1/../../../../arm-none-eabi/lib/thumb/v7-m/nofp\libg.a(lib_a-svfprintf.o)
 *fill*         0x0008d526        0x2 
 .rodata.blanks.7335
                0x0008d528       0x10 c:/program files (x86)/gnu arm embedded toolchain/9 2020-q2-update/bin/../lib/gcc/arm-none-eabi/9.3.1/../../../../arm-none-eabi/lib/thumb/v7-m/nofp\libg.a(lib_a-svfprintf.o)
 .rodata.zeroes.7336
                0x0008d538       0x10 c:/program files (x86)/gnu arm embedded toolchain/9 2020-q2-update/bin/../lib/gcc/arm-none-eabi/9.3.1/../../../../arm-none-eabi/lib/thumb/v7-m/nofp\libg.a(lib_a-svfprintf.o)
 .rodata._vfiprintf_r.str1.4
                0x0008d548       0x2f c:/program files (x86)/gnu arm embedded toolchain/9 2020-q2-update/bin/../lib/gcc/arm-none-eabi/9.3.1/../../../../arm-none-eabi/lib/thumb/v7-m/nofp\libg.a(lib_a-vfiprintf.o)
 .rodata.blanks.7328
                0x0008d548       0x10 c:/program files (x86)/gnu arm embedded toolchain/9 2020-q2-update/bin/../lib/gcc/arm-none-eabi/9.3.1/../../../../arm-none-eabi/lib/thumb/v7-m/nofp\libg.a(lib_a-vfiprintf.o)
 .rodata.zeroes.7329
                0x0008d558       0x10 c:/program files (x86)/gnu arm embedded toolchain/9 2020-q2-update/bin/../lib/gcc/arm-none-eabi/9.3.1/../../../../arm-none-eabi/lib/thumb/v7-m/nofp\libg.a(lib_a-vfiprintf.o)
 .rodata._dtoa_r.str1.4
                0x0008d568       0xa0 c:/program files (x86)/gnu arm embedded toolchain/9 2020-q2-update/bin/../lib/gcc/arm-none-eabi/9.3.1/../../../../arm-none-eabi/lib/thumb/v7-m/nofp\libg.a(lib_a-dtoa.o)
                                 0xa4 (size before relaxing)
 .rodata._setlocale_r.str1.4
                0x0008d608        0xa c:/program files (x86)/gnu arm embedded toolchain/9 2020-q2-update/bin/../lib/gcc/arm-none-eabi/9.3.1/../../../../arm-none-eabi/lib/thumb/v7-m/nofp\libg.a(lib_a-locale.o)
                                  0xd (size before relaxing)
 *fill*         0x0008d612        0x2 
 .rodata.str1.4
                0x0008d614        0x2 c:/program files (x86)/gnu arm embedded toolchain/9 2020-q2-update/bin/../lib/gcc/arm-none-eabi/9.3.1/../../../../arm-none-eabi/lib/thumb/v7-m/nofp\libg.a(lib_a-locale.o)
 *fill*         0x0008d616        0x2 
 .rodata.__multadd.str1.4
                0x0008d618       0x7d c:/program files (x86)/gnu arm embedded toolchain/9 2020-q2-update/bin/../lib/gcc/arm-none-eabi/9.3.1/../../../../arm-none-eabi/lib/thumb/v7-m/nofp\libg.a(lib_a-mprec.o)
                                 0x91 (size before relaxing)
 *fill*         0x0008d695        0x3 
 .rodata.__mprec_bigtens
                0x0008d698       0x28 c:/program files (x86)/gnu arm embedded toolchain/9 2020-q2-update/bin/../lib/gcc/arm-none-eabi/9.3.1/../../../../arm-none-eabi/lib/thumb/v7-m/nofp\libg.a(lib_a-mprec.o)
                0x0008d698                __mprec_bigtens
 .rodata.__mprec_tens
                0x0008d6c0       0xc8 c:/program files (x86)/gnu arm embedded toolchain/9 2020-q2-update/bin/../lib/gcc/arm-none-eabi/9.3.1/../../../../arm-none-eabi/lib/thumb/v7-m/nofp\libg.a(lib_a-mprec.o)
                0x0008d6c0                __mprec_tens
 .rodata.p05.6122
                0x0008d788        0xc c:/program files (x86)/gnu arm embedded toolchain/9 2020-q2-update/bin/../lib/gcc/arm-none-eabi/9.3.1/../../../../arm-none-eabi/lib/thumb/v7-m/nofp\libg.a(lib_a-mprec.o)
 .rodata.__assert_func.str1.4
                0x0008d794       0x3f c:/program files (x86)/gnu arm embedded toolchain/9 2020-q2-update/bin/../lib/gcc/arm-none-eabi/9.3.1/../../../../arm-none-eabi/lib/thumb/v7-m/nofp\libg.a(lib_a-assert.o)
                                 0x43 (size before relaxing)
 *fill*         0x0008d7d3        0x1 
 .rodata._ctype_
                0x0008d7d4      0x101 c:/program files (x86)/gnu arm embedded toolchain/9 2020-q2-update/bin/../lib/gcc/arm-none-eabi/9.3.1/../../../../arm-none-eabi/lib/thumb/v7-m/nofp\libg.a(lib_a-ctype_.o)
                0x0008d7d4                _ctype_
 *(.ARM.extab* .gnu.linkonce.armextab.*)
                0x0008d8d8                . = ALIGN (0x4)
 *fill*         0x0008d8d5        0x3 
 *(.init)
 .init          0x0008d8d8        0x4 c:/program files (x86)/gnu arm embedded toolchain/9 2020-q2-update/bin/../lib/gcc/arm-none-eabi/9.3.1/thumb/v7-m/nofp/crti.o
                0x0008d8d8                _init
 .init          0x0008d8dc        0x8 c:/program files (x86)/gnu arm embedded toolchain/9 2020-q2-update/bin/../lib/gcc/arm-none-eabi/9.3.1/thumb/v7-m/nofp/crtn.o
                0x0008d8e4                . = ALIGN (0x4)
                0x0008d8e4                __preinit_array_start = .
 *(.preinit_array)
                0x0008d8e4                __preinit_array_end = .
                0x0008d8e4                . = ALIGN (0x4)
                0x0008d8e4                __init_array_start = .
 *(SORT_BY_NAME(.init_array.*))
 .init_array.00000
                0x0008d8e4        0x4 c:/program files (x86)/gnu arm embedded toolchain/9 2020-q2-update/bin/../lib/gcc/arm-none-eabi/9.3.1/../../../../arm-none-eabi/lib/thumb/v7-m/nofp\libg.a(lib_a-__call_atexit.o)
 *(.init_array)
 .init_array    0x0008d8e8        0x4 c:/program files (x86)/gnu arm embedded toolchain/9 2020-q2-update/bin/../lib/gcc/arm-none-eabi/9.3.1/thumb/v7-m/nofp/crtbegin.o
                0x0008d8ec                __init_array_end = .
                0x0008d8ec                . = ALIGN (0x4)
 *crtbegin.o(.ctors)
 *(EXCLUDE_FILE(*crtend.o) .ctors)
 *(SORT_BY_NAME(.ctors.*))
 *crtend.o(.ctors)
                0x0008d8ec                . = ALIGN (0x4)
 *(.fini)
 .fini          0x0008d8ec        0x4 c:/program files (x86)/gnu arm embedded toolchain/9 2020-q2-update/bin/../lib/gcc/arm-none-eabi/9.3.1/thumb/v7-m/nofp/crti.o
                0x0008d8ec                _fini
 .fini          0x0008d8f0        0x8 c:/program files (x86)/gnu arm embedded toolchain/9 2020-q2-update/bin/../lib/gcc/arm-none-eabi/9.3.1/thumb/v7-m/nofp/crtn.o
                0x0008d8f8                . = ALIGN (0x4)
                0x0008d8f8                __fini_array_start = .
 *(.fini_array)
 .fini_array    0x0008d8f8        0x4 c:/program files (x86)/gnu arm embedded toolchain/9 2020-q2-update/bin/../lib/gcc/arm-none-eabi/9.3.1/thumb/v7-m/nofp/crtbegin.o
 *(SORT_BY_NAME(.fini_array.*))
                0x0008d8fc                __fini_array_end = .
 *crtbegin.o(.dtors)
 *(EXCLUDE_FILE(*crtend.o) .dtors)
 *(SORT_BY_NAME(.dtors.*))
 *crtend.o(.dtors)
                0x0008d8fc                . = ALIGN (0x4)
                0x0008d8fc                _efixed = .
                [!provide]                PROVIDE (__exidx_start = .)

.vfp11_veneer   0x0008d8fc        0x0
 .vfp11_veneer  0x0008d8fc        0x0 linker stubs

.v4_bx          0x0008d8fc        0x0
 .v4_bx         0x0008d8fc        0x0 linker stubs

.iplt           0x0008d8fc        0x0
 .iplt          0x0008d8fc        0x0 c:/program files (x86)/gnu arm embedded toolchain/9 2020-q2-update/bin/../lib/gcc/arm-none-eabi/9.3.1/thumb/v7-m/nofp/crtbegin.o

.igot.plt       0x0008d8fc        0x0
 .igot.plt      0x0008d8fc        0x0 c:/program files (x86)/gnu arm embedded toolchain/9 2020-q2-update/bin/../lib/gcc/arm-none-eabi/9.3.1/thumb/v7-m/nofp/crtbegin.o

.ARM.exidx      0x0008d8fc        0x8
 *(.ARM.exidx* .gnu.linkonce.armexidx.*)
 .ARM.exidx     0x0008d8fc        0x8 c:/program files (x86)/gnu arm embedded toolchain/9 2020-q2-update/bin/../lib/gcc/arm-none-eabi/9.3.1/thumb/v7-m/nofp\libgcc.a(_udivmoddi4.o)
                [!provide]                PROVIDE (__exidx_end = .)

.eh_frame       0x0008d904        0x0
 .eh_frame      0x0008d904        0x0 c:/program files (x86)/gnu arm embedded toolchain/9 2020-q2-update/bin/../lib/gcc/arm-none-eabi/9.3.1/thumb/v7-m/nofp/crtbegin.o

.rel.dyn        0x0008d904        0x0
 .rel.iplt      0x0008d904        0x0 c:/program files (x86)/gnu arm embedded toolchain/9 2020-q2-update/bin/../lib/gcc/arm-none-eabi/9.3.1/thumb/v7-m/nofp/crtbegin.o
                0x0008d904                . = ALIGN (0x4)
                0x0008d904                _etext = .

.relocate       0x20000000      0xdf0 load address 0x0008d904
                0x20000000                . = ALIGN (0x4)
                0x20000000                _srelocate = .
 *(.ramfunc .ramfunc.*)
 .ramfunc       0x20000000       0xec objdir/efc.o
                0x20000000                efc_perform_read_sequence
                0x200000a2                efc_write_fmr
                0x200000bc                efc_perform_fcr
 .ramfunc       0x200000ec      0x170 objdir/system_sam3u.o
                0x200000ec                SystemInit
                0x200001bc                system_init_flash
 *(.data .data.*)
 .data.usb_serial_number
                0x2000025c       0x21 objdir/main.o
                0x2000025c                usb_serial_number
 .data.main_b_vendor_enable
                0x2000027d        0x1 objdir/usb.o
 *fill*         0x2000027e        0x2 
 .data.xram     0x20000280        0x4 objdir/usb_xmem.o
                0x20000280                xram
 .data.g_interrupt_enabled
                0x20000284        0x1 objdir/interrupt_sam_nvic.o
                0x20000284                g_interrupt_enabled
 *fill*         0x20000285        0x3 
 .data.SystemCoreClock
                0x20000288        0x4 objdir/system_sam3u.o
                0x20000288                SystemCoreClock
 .data.udc_string_desc_languageid
                0x2000028c        0x4 objdir/udc.o
 .data.udc_string_manufacturer_name
                0x20000290       0x16 objdir/udc.o
 *fill*         0x200002a6        0x2 
 .data.udc_string_product_name
                0x200002a8       0x14 objdir/udc.o
 .data.udc_string_desc
                0x200002bc       0x42 objdir/udc.o
 *fill*         0x200002fe        0x2 
 .data.winusb_20_desc
                0x20000300       0x9e objdir/udc.o
                0x20000300                winusb_20_desc
 *fill*         0x2000039e        0x2 
 .data.udi_api_vendor
                0x200003a0       0x14 objdir/udi_vendor.o
                0x200003a0                udi_api_vendor
 .data.udc_device_desc
                0x200003b4       0x12 objdir/udi_vendor_desc.o
                0x200003b4                udc_device_desc
 *fill*         0x200003c6        0x2 
 .data.udc_device_qual
                0x200003c8        0xa objdir/udi_vendor_desc.o
                0x200003c8                udc_device_qual
 *fill*         0x200003d2        0x2 
 .data.udc_desc_fs
                0x200003d4       0x20 objdir/udi_vendor_desc.o
                0x200003d4                udc_desc_fs
 .data.udc_desc_hs
                0x200003f4       0x20 objdir/udi_vendor_desc.o
                0x200003f4                udc_desc_hs
 .data.udi_apis
                0x20000414        0x4 objdir/udi_vendor_desc.o
                0x20000414                udi_apis
 .data.udc_config_lsfs
                0x20000418        0x8 objdir/udi_vendor_desc.o
                0x20000418                udc_config_lsfs
 .data.udc_config_hs
                0x20000420        0x8 objdir/udi_vendor_desc.o
                0x20000420                udc_config_hs
 .data.udc_config
                0x20000428       0x18 objdir/udi_vendor_desc.o
                0x20000428                udc_config
 .data._impure_ptr
                0x20000440        0x4 c:/program files (x86)/gnu arm embedded toolchain/9 2020-q2-update/bin/../lib/gcc/arm-none-eabi/9.3.1/../../../../arm-none-eabi/lib/thumb/v7-m/nofp\libg.a(lib_a-impure.o)
                0x20000440                _impure_ptr
 *fill*         0x20000444        0x4 
 .data.impure_data
                0x20000448      0x428 c:/program files (x86)/gnu arm embedded toolchain/9 2020-q2-update/bin/../lib/gcc/arm-none-eabi/9.3.1/../../../../arm-none-eabi/lib/thumb/v7-m/nofp\libg.a(lib_a-impure.o)
 .data.__atexit_recursive_mutex
                0x20000870        0x4 c:/program files (x86)/gnu arm embedded toolchain/9 2020-q2-update/bin/../lib/gcc/arm-none-eabi/9.3.1/../../../../arm-none-eabi/lib/thumb/v7-m/nofp\libg.a(lib_a-__call_atexit.o)
                0x20000870                __atexit_recursive_mutex
 .data.__global_locale
                0x20000874      0x16c c:/program files (x86)/gnu arm embedded toolchain/9 2020-q2-update/bin/../lib/gcc/arm-none-eabi/9.3.1/../../../../arm-none-eabi/lib/thumb/v7-m/nofp\libg.a(lib_a-locale.o)
                0x20000874                __global_locale
 .data.__malloc_av_
                0x200009e0      0x408 c:/program files (x86)/gnu arm embedded toolchain/9 2020-q2-update/bin/../lib/gcc/arm-none-eabi/9.3.1/../../../../arm-none-eabi/lib/thumb/v7-m/nofp\libg.a(lib_a-mallocr.o)
                0x200009e0                __malloc_av_
 .data.__malloc_sbrk_base
                0x20000de8        0x4 c:/program files (x86)/gnu arm embedded toolchain/9 2020-q2-update/bin/../lib/gcc/arm-none-eabi/9.3.1/../../../../arm-none-eabi/lib/thumb/v7-m/nofp\libg.a(lib_a-mallocr.o)
                0x20000de8                __malloc_sbrk_base
 .data.__malloc_trim_threshold
                0x20000dec        0x4 c:/program files (x86)/gnu arm embedded toolchain/9 2020-q2-update/bin/../lib/gcc/arm-none-eabi/9.3.1/../../../../arm-none-eabi/lib/thumb/v7-m/nofp\libg.a(lib_a-mallocr.o)
                0x20000dec                __malloc_trim_threshold
                0x20000df0                . = ALIGN (0x4)
                0x20000df0                _erelocate = .

.bss            0x20000df0      0xa80 load address 0x0008e6f4
                0x20000df0                . = ALIGN (0x4)
                0x20000df0                _sbss = .
                0x20000df0                _szero = .
 *(.bss .bss.*)
 .bss           0x20000df0       0x1c c:/program files (x86)/gnu arm embedded toolchain/9 2020-q2-update/bin/../lib/gcc/arm-none-eabi/9.3.1/thumb/v7-m/nofp/crtbegin.o
 .bss.USB_PWR_STATE
                0x20000e0c        0x1 objdir/usb.o
                0x20000e0c                USB_PWR_STATE
 *fill*         0x20000e0d        0x3 
 .bss.main_buf_loopback
                0x20000e10      0x400 objdir/usb.o
 .bss.ctrlbuffer
                0x20001210       0x40 objdir/usb.o
 .bss.blockendpoint_usage
                0x20001250        0x1 objdir/usb.o
 *fill*         0x20001251        0x3 
 .bss.ctrlmemread_buf
                0x20001254        0x4 objdir/usb.o
 .bss.ctrlmemread_size
                0x20001258        0x4 objdir/usb.o
 .bss.respbuf.9296
                0x2000125c       0x40 objdir/usb.o
 .bss._fpga_locked
                0x2000129c        0x1 objdir/usb_xmem.o
 *fill*         0x2000129d        0x3 
 .bss.ctrlbuffer.8844
                0x200012a0       0x10 objdir/usart_driver.o
 .bss.cpu_irq_critical_section_counter
                0x200012b0        0x4 objdir/interrupt_sam_nvic.o
 .bss.cpu_irq_prev_interrupt_state
                0x200012b4        0x1 objdir/interrupt_sam_nvic.o
 *fill*         0x200012b5        0x3 
 .bss.gs_interrupt_sources
                0x200012b8       0x70 objdir/pio_handler.o
 .bss.b_is_sleep_clock_used
                0x20001328        0x1 objdir/sleep.o
 *fill*         0x20001329        0x3 
 .bss.callback_clocks_restored
                0x2000132c        0x4 objdir/sleep.o
 .bss.heap.5362
                0x20001330        0x4 objdir/syscalls.o
 .bss.udc_device_status
                0x20001334        0x2 objdir/udc.o
 .bss.udc_num_configuration
                0x20001336        0x1 objdir/udc.o
 *fill*         0x20001337        0x1 
 .bss.udc_ptr_conf
                0x20001338        0x4 objdir/udc.o
 .bss.udc_ptr_iface
                0x2000133c        0x4 objdir/udc.o
 .bss.udc_ep_status.7347
                0x20001340        0x2 objdir/udc.o
 .bss.udc_iface_setting.7418
                0x20001342        0x1 objdir/udc.o
 .bss.udi_vendor_alternate_setting
                0x20001343        0x1 objdir/udi_vendor.o
 .bss.udd_b_idle
                0x20001344        0x1 objdir/udphs_device.o
 .bss.udd_ep_control_state
                0x20001345        0x1 objdir/udphs_device.o
 .bss.udd_ctrl_prev_payload_buf_cnt
                0x20001346        0x2 objdir/udphs_device.o
 .bss.udd_ctrl_payload_buf_cnt
                0x20001348        0x2 objdir/udphs_device.o
 *fill*         0x2000134a        0x2 
 .bss.udd_ep_job
                0x2000134c       0x30 objdir/udphs_device.o
 .bss.b_shortpacket.8448
                0x2000137c        0x1 objdir/udphs_device.o
 *fill*         0x2000137d        0x3 
 .bss.ul_reg_val.7160
                0x20001380        0x4 objdir/usart.o
 .bss.ul_reg_val.7203
                0x20001384        0x4 objdir/usart.o
 .bss.__malloc_current_mallinfo
                0x20001388       0x28 c:/program files (x86)/gnu arm embedded toolchain/9 2020-q2-update/bin/../lib/gcc/arm-none-eabi/9.3.1/../../../../arm-none-eabi/lib/thumb/v7-m/nofp\libg.a(lib_a-mallocr.o)
                0x20001388                __malloc_current_mallinfo
 .bss.__malloc_max_sbrked_mem
                0x200013b0        0x4 c:/program files (x86)/gnu arm embedded toolchain/9 2020-q2-update/bin/../lib/gcc/arm-none-eabi/9.3.1/../../../../arm-none-eabi/lib/thumb/v7-m/nofp\libg.a(lib_a-mallocr.o)
                0x200013b0                __malloc_max_sbrked_mem
 .bss.__malloc_max_total_mem
                0x200013b4        0x4 c:/program files (x86)/gnu arm embedded toolchain/9 2020-q2-update/bin/../lib/gcc/arm-none-eabi/9.3.1/../../../../arm-none-eabi/lib/thumb/v7-m/nofp\libg.a(lib_a-mallocr.o)
                0x200013b4                __malloc_max_total_mem
 .bss.__malloc_top_pad
                0x200013b8        0x4 c:/program files (x86)/gnu arm embedded toolchain/9 2020-q2-update/bin/../lib/gcc/arm-none-eabi/9.3.1/../../../../arm-none-eabi/lib/thumb/v7-m/nofp\libg.a(lib_a-mallocr.o)
                0x200013b8                __malloc_top_pad
 *(COMMON)
 COMMON         0x200013bc      0x460 objdir/usart_driver.o
                0x200013bc                tx2buf
                0x20001448                rx0buf
                0x200014d4                rx3buf
                0x20001560                tx1buf
                0x200015ec                tx3buf
                0x20001678                rx2buf
                0x20001704                rx1buf
                0x20001790                tx0buf
 COMMON         0x2000181c        0x4 objdir/read.o
                0x2000181c                ptr_get
 COMMON         0x20001820        0x6 objdir/sleepmgr.o
                0x20001820                sleepmgr_locks
 *fill*         0x20001826        0x2 
 COMMON         0x20001828       0x18 objdir/udphs_device.o
                0x20001828                udd_g_ctrlreq
 COMMON         0x20001840        0x8 objdir/write.o
                0x20001840                ptr_put
                0x20001844                stdio_base
 COMMON         0x20001848       0x21 c:/program files (x86)/gnu arm embedded toolchain/9 2020-q2-update/bin/../lib/gcc/arm-none-eabi/9.3.1/../../../../arm-none-eabi/lib/thumb/v7-m/nofp\libg.a(lib_a-lock.o)
                0x20001848                __lock___atexit_recursive_mutex
                0x2000184c                __lock___arc4random_mutex
                0x20001850                __lock___env_recursive_mutex
                0x20001854                __lock___sinit_recursive_mutex
                0x20001858                __lock___malloc_recursive_mutex
                0x2000185c                __lock___at_quick_exit_mutex
                0x20001860                __lock___dd_hash_mutex
                0x20001864                __lock___tz_mutex
                0x20001868                __lock___sfp_recursive_mutex
 *fill*         0x20001869        0x3 
 COMMON         0x2000186c        0x4 c:/program files (x86)/gnu arm embedded toolchain/9 2020-q2-update/bin/../lib/gcc/arm-none-eabi/9.3.1/../../../../arm-none-eabi/lib/thumb/v7-m/nofp\libg.a(lib_a-reent.o)
                0x2000186c                errno
                0x20001870                . = ALIGN (0x4)
                0x20001870                _ebss = .
                0x20001870                _ezero = .

.stack          0x20080000     0x4000
                0x20080000                . = ALIGN (0x8)
                0x20080000                _sstack = .
                0x20084000                . = (. + __stack_size__)
 *fill*         0x20080000     0x4000 
                0x20084000                . = ALIGN (0x8)
                0x20084000                _estack = .
                0x20084000                . = ALIGN (0x4)
                0x20084000                _end = .
OUTPUT(phywhisperer-SAM3U1C.elf elf32-littlearm)
LOAD linker stubs

.ARM.attributes
                0x00000000       0x29
 .ARM.attributes
                0x00000000       0x1d c:/program files (x86)/gnu arm embedded toolchain/9 2020-q2-update/bin/../lib/gcc/arm-none-eabi/9.3.1/thumb/v7-m/nofp/crti.o
 .ARM.attributes
                0x0000001d       0x2d c:/program files (x86)/gnu arm embedded toolchain/9 2020-q2-update/bin/../lib/gcc/arm-none-eabi/9.3.1/thumb/v7-m/nofp/crtbegin.o
 .ARM.attributes
                0x0000004a       0x2d objdir/main.o
 .ARM.attributes
                0x00000077       0x2d objdir/usb.o
 .ARM.attributes
                0x000000a4       0x2d objdir/usb_xmem.o
 .ARM.attributes
                0x000000d1       0x2d objdir/fpga_program.o
 .ARM.attributes
                0x000000fe       0x2d objdir/usart_driver.o
 .ARM.attributes
                0x0000012b       0x2d objdir/circbuffer.o
 .ARM.attributes
                0x00000158       0x2d objdir/efc.o
 .ARM.attributes
                0x00000185       0x2d objdir/exceptions.o
 .ARM.attributes
                0x000001b2       0x2d objdir/flash_efc.o
 .ARM.attributes
                0x000001df       0x2d objdir/init.o
 .ARM.attributes
                0x0000020c       0x2d objdir/interrupt_sam_nvic.o
 .ARM.attributes
                0x00000239       0x2d objdir/pio.o
 .ARM.attributes
                0x00000266       0x2d objdir/pio_handler.o
 .ARM.attributes
                0x00000293       0x2d objdir/pmc.o
 .ARM.attributes
                0x000002c0       0x2d objdir/read.o
 .ARM.attributes
                0x000002ed       0x2d objdir/sleep.o
 .ARM.attributes
                0x0000031a       0x33 objdir/sleepmgr.o
 .ARM.attributes
                0x0000034d       0x2d objdir/smc.o
 .ARM.attributes
                0x0000037a       0x2d objdir/startup_sam3u.o
 .ARM.attributes
                0x000003a7       0x2d objdir/syscalls.o
 .ARM.attributes
                0x000003d4       0x2d objdir/sysclk.o
 .ARM.attributes
                0x00000401       0x2d objdir/system_sam3u.o
 .ARM.attributes
                0x0000042e       0x2d objdir/udc.o
 .ARM.attributes
                0x0000045b       0x2d objdir/udi_vendor.o
 .ARM.attributes
                0x00000488       0x33 objdir/udi_vendor_desc.o
 .ARM.attributes
                0x000004bb       0x2d objdir/udphs_device.o
 .ARM.attributes
                0x000004e8       0x2d objdir/usart.o
 .ARM.attributes
                0x00000515       0x2d objdir/write.o
 .ARM.attributes
                0x00000542       0x1d c:/program files (x86)/gnu arm embedded toolchain/9 2020-q2-update/bin/../lib/gcc/arm-none-eabi/9.3.1/thumb/v7-m/nofp\libgcc.a(_aeabi_uldivmod.o)
 .ARM.attributes
                0x0000055f       0x2d c:/program files (x86)/gnu arm embedded toolchain/9 2020-q2-update/bin/../lib/gcc/arm-none-eabi/9.3.1/thumb/v7-m/nofp\libgcc.a(_udivmoddi4.o)
 .ARM.attributes
                0x0000058c       0x1d c:/program files (x86)/gnu arm embedded toolchain/9 2020-q2-update/bin/../lib/gcc/arm-none-eabi/9.3.1/thumb/v7-m/nofp\libgcc.a(_dvmd_tls.o)
 .ARM.attributes
                0x000005a9       0x2d c:/program files (x86)/gnu arm embedded toolchain/9 2020-q2-update/bin/../lib/gcc/arm-none-eabi/9.3.1/../../../../arm-none-eabi/lib/thumb/v7-m/nofp\libg.a(lib_a-impure.o)
 .ARM.attributes
                0x000005d6       0x2d c:/program files (x86)/gnu arm embedded toolchain/9 2020-q2-update/bin/../lib/gcc/arm-none-eabi/9.3.1/../../../../arm-none-eabi/lib/thumb/v7-m/nofp\libg.a(lib_a-init.o)
 .ARM.attributes
                0x00000603       0x2d c:/program files (x86)/gnu arm embedded toolchain/9 2020-q2-update/bin/../lib/gcc/arm-none-eabi/9.3.1/../../../../arm-none-eabi/lib/thumb/v7-m/nofp\libg.a(lib_a-iprintf.o)
 .ARM.attributes
                0x00000630       0x1b c:/program files (x86)/gnu arm embedded toolchain/9 2020-q2-update/bin/../lib/gcc/arm-none-eabi/9.3.1/../../../../arm-none-eabi/lib/thumb/v7-m/nofp\libg.a(lib_a-memcpy.o)
 .ARM.attributes
                0x0000064b       0x2d c:/program files (x86)/gnu arm embedded toolchain/9 2020-q2-update/bin/../lib/gcc/arm-none-eabi/9.3.1/../../../../arm-none-eabi/lib/thumb/v7-m/nofp\libg.a(lib_a-memset.o)
 .ARM.attributes
                0x00000678       0x2d c:/program files (x86)/gnu arm embedded toolchain/9 2020-q2-update/bin/../lib/gcc/arm-none-eabi/9.3.1/../../../../arm-none-eabi/lib/thumb/v7-m/nofp\libg.a(lib_a-sprintf.o)
 .ARM.attributes
                0x000006a5       0x2d c:/program files (x86)/gnu arm embedded toolchain/9 2020-q2-update/bin/../lib/gcc/arm-none-eabi/9.3.1/../../../../arm-none-eabi/lib/thumb/v7-m/nofp\libg.a(lib_a-svfprintf.o)
 .ARM.attributes
                0x000006d2       0x2d c:/program files (x86)/gnu arm embedded toolchain/9 2020-q2-update/bin/../lib/gcc/arm-none-eabi/9.3.1/../../../../arm-none-eabi/lib/thumb/v7-m/nofp\libg.a(lib_a-vfiprintf.o)
 .ARM.attributes
                0x000006ff       0x2d c:/program files (x86)/gnu arm embedded toolchain/9 2020-q2-update/bin/../lib/gcc/arm-none-eabi/9.3.1/../../../../arm-none-eabi/lib/thumb/v7-m/nofp\libg.a(lib_a-wsetup.o)
 .ARM.attributes
                0x0000072c       0x2d c:/program files (x86)/gnu arm embedded toolchain/9 2020-q2-update/bin/../lib/gcc/arm-none-eabi/9.3.1/../../../../arm-none-eabi/lib/thumb/v7-m/nofp\libg.a(lib_a-__call_atexit.o)
 .ARM.attributes
                0x00000759       0x2d c:/program files (x86)/gnu arm embedded toolchain/9 2020-q2-update/bin/../lib/gcc/arm-none-eabi/9.3.1/../../../../arm-none-eabi/lib/thumb/v7-m/nofp\libg.a(lib_a-atexit.o)
 .ARM.attributes
                0x00000786       0x2d c:/program files (x86)/gnu arm embedded toolchain/9 2020-q2-update/bin/../lib/gcc/arm-none-eabi/9.3.1/../../../../arm-none-eabi/lib/thumb/v7-m/nofp\libg.a(lib_a-dtoa.o)
 .ARM.attributes
                0x000007b3       0x2d c:/program files (x86)/gnu arm embedded toolchain/9 2020-q2-update/bin/../lib/gcc/arm-none-eabi/9.3.1/../../../../arm-none-eabi/lib/thumb/v7-m/nofp\libg.a(lib_a-fflush.o)
 .ARM.attributes
                0x000007e0       0x2d c:/program files (x86)/gnu arm embedded toolchain/9 2020-q2-update/bin/../lib/gcc/arm-none-eabi/9.3.1/../../../../arm-none-eabi/lib/thumb/v7-m/nofp\libg.a(lib_a-findfp.o)
 .ARM.attributes
                0x0000080d       0x2d c:/program files (x86)/gnu arm embedded toolchain/9 2020-q2-update/bin/../lib/gcc/arm-none-eabi/9.3.1/../../../../arm-none-eabi/lib/thumb/v7-m/nofp\libg.a(lib_a-fini.o)
 .ARM.attributes
                0x0000083a       0x2d c:/program files (x86)/gnu arm embedded toolchain/9 2020-q2-update/bin/../lib/gcc/arm-none-eabi/9.3.1/../../../../arm-none-eabi/lib/thumb/v7-m/nofp\libg.a(lib_a-fputwc.o)
 .ARM.attributes
                0x00000867       0x2d c:/program files (x86)/gnu arm embedded toolchain/9 2020-q2-update/bin/../lib/gcc/arm-none-eabi/9.3.1/../../../../arm-none-eabi/lib/thumb/v7-m/nofp\libg.a(lib_a-freer.o)
 .ARM.attributes
                0x00000894       0x2d c:/program files (x86)/gnu arm embedded toolchain/9 2020-q2-update/bin/../lib/gcc/arm-none-eabi/9.3.1/../../../../arm-none-eabi/lib/thumb/v7-m/nofp\libg.a(lib_a-fvwrite.o)
 .ARM.attributes
                0x000008c1       0x2d c:/program files (x86)/gnu arm embedded toolchain/9 2020-q2-update/bin/../lib/gcc/arm-none-eabi/9.3.1/../../../../arm-none-eabi/lib/thumb/v7-m/nofp\libg.a(lib_a-fwalk.o)
 .ARM.attributes
                0x000008ee       0x2d c:/program files (x86)/gnu arm embedded toolchain/9 2020-q2-update/bin/../lib/gcc/arm-none-eabi/9.3.1/../../../../arm-none-eabi/lib/thumb/v7-m/nofp\libg.a(lib_a-locale.o)
 .ARM.attributes
                0x0000091b       0x2d c:/program files (x86)/gnu arm embedded toolchain/9 2020-q2-update/bin/../lib/gcc/arm-none-eabi/9.3.1/../../../../arm-none-eabi/lib/thumb/v7-m/nofp\libg.a(lib_a-localeconv.o)
 .ARM.attributes
                0x00000948       0x2d c:/program files (x86)/gnu arm embedded toolchain/9 2020-q2-update/bin/../lib/gcc/arm-none-eabi/9.3.1/../../../../arm-none-eabi/lib/thumb/v7-m/nofp\libg.a(lib_a-lock.o)
 .ARM.attributes
                0x00000975       0x2d c:/program files (x86)/gnu arm embedded toolchain/9 2020-q2-update/bin/../lib/gcc/arm-none-eabi/9.3.1/../../../../arm-none-eabi/lib/thumb/v7-m/nofp\libg.a(lib_a-makebuf.o)
 .ARM.attributes
                0x000009a2       0x2d c:/program files (x86)/gnu arm embedded toolchain/9 2020-q2-update/bin/../lib/gcc/arm-none-eabi/9.3.1/../../../../arm-none-eabi/lib/thumb/v7-m/nofp\libg.a(lib_a-mallocr.o)
 .ARM.attributes
                0x000009cf       0x2d c:/program files (x86)/gnu arm embedded toolchain/9 2020-q2-update/bin/../lib/gcc/arm-none-eabi/9.3.1/../../../../arm-none-eabi/lib/thumb/v7-m/nofp\libg.a(lib_a-mbtowc_r.o)
 .ARM.attributes
                0x000009fc       0x2d c:/program files (x86)/gnu arm embedded toolchain/9 2020-q2-update/bin/../lib/gcc/arm-none-eabi/9.3.1/../../../../arm-none-eabi/lib/thumb/v7-m/nofp\libg.a(lib_a-memchr-stub.o)
 .ARM.attributes
                0x00000a29       0x2d c:/program files (x86)/gnu arm embedded toolchain/9 2020-q2-update/bin/../lib/gcc/arm-none-eabi/9.3.1/../../../../arm-none-eabi/lib/thumb/v7-m/nofp\libg.a(lib_a-memmove.o)
 .ARM.attributes
                0x00000a56       0x2d c:/program files (x86)/gnu arm embedded toolchain/9 2020-q2-update/bin/../lib/gcc/arm-none-eabi/9.3.1/../../../../arm-none-eabi/lib/thumb/v7-m/nofp\libg.a(lib_a-mlock.o)
 .ARM.attributes
                0x00000a83       0x2d c:/program files (x86)/gnu arm embedded toolchain/9 2020-q2-update/bin/../lib/gcc/arm-none-eabi/9.3.1/../../../../arm-none-eabi/lib/thumb/v7-m/nofp\libg.a(lib_a-mprec.o)
 .ARM.attributes
                0x00000ab0       0x2d c:/program files (x86)/gnu arm embedded toolchain/9 2020-q2-update/bin/../lib/gcc/arm-none-eabi/9.3.1/../../../../arm-none-eabi/lib/thumb/v7-m/nofp\libg.a(lib_a-reallocr.o)
 .ARM.attributes
                0x00000add       0x2d c:/program files (x86)/gnu arm embedded toolchain/9 2020-q2-update/bin/../lib/gcc/arm-none-eabi/9.3.1/../../../../arm-none-eabi/lib/thumb/v7-m/nofp\libg.a(lib_a-s_frexp.o)
 .ARM.attributes
                0x00000b0a       0x2d c:/program files (x86)/gnu arm embedded toolchain/9 2020-q2-update/bin/../lib/gcc/arm-none-eabi/9.3.1/../../../../arm-none-eabi/lib/thumb/v7-m/nofp\libg.a(lib_a-sbrkr.o)
 .ARM.attributes
                0x00000b37       0x2d c:/program files (x86)/gnu arm embedded toolchain/9 2020-q2-update/bin/../lib/gcc/arm-none-eabi/9.3.1/../../../../arm-none-eabi/lib/thumb/v7-m/nofp\libg.a(lib_a-stdio.o)
 .ARM.attributes
                0x00000b64       0x2d c:/program files (x86)/gnu arm embedded toolchain/9 2020-q2-update/bin/../lib/gcc/arm-none-eabi/9.3.1/../../../../arm-none-eabi/lib/thumb/v7-m/nofp\libg.a(lib_a-strlen-stub.o)
 .ARM.attributes
                0x00000b91       0x2d c:/program files (x86)/gnu arm embedded toolchain/9 2020-q2-update/bin/../lib/gcc/arm-none-eabi/9.3.1/../../../../arm-none-eabi/lib/thumb/v7-m/nofp\libg.a(lib_a-strncpy.o)
 .ARM.attributes
                0x00000bbe       0x2d c:/program files (x86)/gnu arm embedded toolchain/9 2020-q2-update/bin/../lib/gcc/arm-none-eabi/9.3.1/../../../../arm-none-eabi/lib/thumb/v7-m/nofp\libg.a(lib_a-svfiprintf.o)
 .ARM.attributes
                0x00000beb       0x2d c:/program files (x86)/gnu arm embedded toolchain/9 2020-q2-update/bin/../lib/gcc/arm-none-eabi/9.3.1/../../../../arm-none-eabi/lib/thumb/v7-m/nofp\libg.a(lib_a-wbuf.o)
 .ARM.attributes
                0x00000c18       0x2d c:/program files (x86)/gnu arm embedded toolchain/9 2020-q2-update/bin/../lib/gcc/arm-none-eabi/9.3.1/../../../../arm-none-eabi/lib/thumb/v7-m/nofp\libg.a(lib_a-wcrtomb.o)
 .ARM.attributes